[    0.000000] Linux version 5.14.0-83.el9.x86_64 (mockbuild@x86-vm-09.build.eng.bos.redhat.com) (gcc (GCC) 11.3.1 20220421 (Red Hat 11.3.1-2), GNU ld version 2.35.2-19.el9) #1 SMP PREEMPT_DYNAMIC Fri Apr 29 10:27:23 EDT 2022
[    0.000000] The list of certified hardware and cloud instances for Red Hat Enterprise Linux 9 can be viewed at the Red Hat Ecosystem Catalog, https://catalog.redhat.com.
[    0.000000] Command line: root=/dev/mapper/rhel-root ro crashkernel=1G-4G:192M,4G-64G:256M,64G-:512M resume=/dev/mapper/rhel-swap rd.lvm.lv=rhel/root rd.lvm.lv=rhel/swap rhgb quiet intel_iommu=on noefi
[    0.000000] x86/split lock detection: #AC: crashing the kernel on kernel split_locks and warning on user-space split_locks
[    0.000000] x86/fpu: Supporting XSAVE feature 0x001: 'x87 floating point registers'
[    0.000000] x86/fpu: Supporting XSAVE feature 0x002: 'SSE registers'
[    0.000000] x86/fpu: Supporting XSAVE feature 0x004: 'AVX registers'
[    0.000000] x86/fpu: Supporting XSAVE feature 0x200: 'Protection Keys User registers'
[    0.000000] x86/fpu: xstate_offset[2]:  576, xstate_sizes[2]:  256
[    0.000000] x86/fpu: xstate_offset[9]:  832, xstate_sizes[9]:    8
[    0.000000] x86/fpu: Enabled xstate features 0x207, context size is 840 bytes, using 'compacted' format.
[    0.000000] signal: max sigframe size: 3632
[    0.000000] BIOS-provided physical RAM map:
[    0.000000] BIOS-e820: [mem 0x0000000000000000-0x000000000005ffff] usable
[    0.000000] BIOS-e820: [mem 0x0000000000060000-0x0000000000067fff] reserved
[    0.000000] BIOS-e820: [mem 0x0000000000068000-0x000000000009efff] usable
[    0.000000] BIOS-e820: [mem 0x000000000009f000-0x00000000000fffff] reserved
[    0.000000] BIOS-e820: [mem 0x0000000000100000-0x00000000405c3fff] usable
[    0.000000] BIOS-e820: [mem 0x00000000405c4000-0x000000004065cfff] type 20
[    0.000000] BIOS-e820: [mem 0x000000004065d000-0x00000000439fdfff] reserved
[    0.000000] BIOS-e820: [mem 0x00000000439fe000-0x0000000043ae5fff] ACPI NVS
[    0.000000] BIOS-e820: [mem 0x0000000043ae6000-0x0000000043bfefff] ACPI data
[    0.000000] BIOS-e820: [mem 0x0000000043bff000-0x0000000043bfffff] usable
[    0.000000] BIOS-e820: [mem 0x0000000043c00000-0x0000000047ffffff] reserved
[    0.000000] BIOS-e820: [mem 0x0000000049e00000-0x0000000049ffffff] reserved
[    0.000000] BIOS-e820: [mem 0x000000004ac00000-0x00000000503fffff] reserved
[    0.000000] BIOS-e820: [mem 0x00000000c0000000-0x00000000cfffffff] reserved
[    0.000000] BIOS-e820: [mem 0x00000000fed20000-0x00000000fed7ffff] reserved
[    0.000000] BIOS-e820: [mem 0x00000000ff000000-0x00000000ffffffff] reserved
[    0.000000] BIOS-e820: [mem 0x0000000100000000-0x000000048fbfffff] usable
[    0.000000] NX (Execute Disable) protection: active
[    0.000000] efi: EFI v2.70 by Intel
[    0.000000] efi: ACPI=0x43bfe000 ACPI 2.0=0x43bfe014 TPMFinalLog=0x43a6c000 SMBIOS=0x40761000 MEMATTR=0x3ccb8018 ESRT=0x3ccc7018 MOKvar=0x408a1000 
[    0.000000] secureboot: Secure boot could not be determined (mode 0)
[    0.000000] SMBIOS 3.4 present.
[    0.000000] DMI: Intel Corporation Alder Lake Client Platform/AlderLake-M LP5 RVP, BIOS ADLPFWI1.R00.2397.A00.2109271507 09/27/2021
[    0.000000] tsc: Detected 1100.000 MHz processor
[    0.000000] tsc: Detected 1113.600 MHz TSC
[    0.000007] e820: update [mem 0x00000000-0x00000fff] usable ==> reserved
[    0.000010] e820: remove [mem 0x000a0000-0x000fffff] usable
[    0.000015] last_pfn = 0x48fc00 max_arch_pfn = 0x400000000
[    0.000238] x86/PAT: Configuration [0-7]: WB  WC  UC- UC  WB  WP  UC- WT  
[    0.001621] total RAM covered: 29888M
[    0.001879] Found optimal setting for mtrr clean up
[    0.001880]  gran_size: 64K 	chunk_size: 64K 	num_reg: 6  	lose cover RAM: 0G
[    0.002383] e820: update [mem 0x4c000000-0xffffffff] usable ==> reserved
[    0.002387] last_pfn = 0x43c00 max_arch_pfn = 0x400000000
[    0.008716] Using GB pages for direct mapping
[    0.008950] secureboot: Secure boot could not be determined (mode 0)
[    0.008950] RAMDISK: [mem 0x35060000-0x3b5c4fff]
[    0.009438] ACPI: Early table checksum verification disabled
[    0.009442] ACPI: RSDP 0x0000000043BFE014 000024 (v02 INTEL )
[    0.009446] ACPI: XSDT 0x0000000043B2E188 000124 (v01 INTEL  ADL-P-M  00000002      01000013)
[    0.009451] ACPI: FACP 0x0000000043BEB000 000114 (v06 INTEL  ADL-P-M  00000002      01000013)
[    0.009456] ACPI: DSDT 0x0000000043B62000 085493 (v02 INTEL  ADL-P-M  00000002      01000013)
[    0.009458] ACPI: FACS 0x0000000043A57000 000040
[    0.009461] ACPI: SSDT 0x0000000043BFC000 00038C (v02 PmaxDv Pmax_Dev 00000001 INTL 20200717)
[    0.009463] ACPI: SSDT 0x0000000043BF6000 005D22 (v02 CpuRef CpuSsdt  00003000 INTL 20200717)
[    0.009465] ACPI: SSDT 0x0000000043BEF000 006CDD (v02 DptfTb DptfTabl 00001000 INTL 20200717)
[    0.009468] ACPI: SSDT 0x0000000043BEE000 00060E (v02 INTEL  Tpm2Tabl 00001000 INTL 20200717)
[    0.009470] ACPI: TPM2 0x0000000043BED000 00004C (v04 INTEL  ADL-P-M  00000002      01000013)
[    0.009472] ACPI: ECDT 0x0000000043BEC000 000069 (v01 INTEL  ADL-P-M  00000002      01000013)
[    0.009474] ACPI: HPET 0x0000000043BEA000 000038 (v01 INTEL  ADL-P-M  00000002      01000013)
[    0.009476] ACPI: APIC 0x0000000043BE9000 0001DC (v05 INTEL  ADL-P-M  00000002      01000013)
[    0.009478] ACPI: MCFG 0x0000000043BE8000 00003C (v01 INTEL  ADL-P-M  00000002      01000013)
[    0.009481] ACPI: SSDT 0x0000000043B56000 00B374 (v02 INTEL  AdlM_Rvp 00001000 INTL 20200717)
[    0.009483] ACPI: SSDT 0x0000000043B54000 001F32 (v02 INTEL  Ther_Rvp 00001000 INTL 20200717)
[    0.009485] ACPI: SSDT 0x0000000043B50000 003C1B (v02 SaSsdt SaSsdt   00003000 INTL 20200717)
[    0.009487] ACPI: SSDT 0x0000000043B4C000 0035A1 (v02 INTEL  IgfxSsdt 00003000 INTL 20200717)
[    0.009489] ACPI: SSDT 0x0000000043B3E000 00D999 (v02 INTEL  TcssSsdt 00001000 INTL 20200717)
[    0.009492] ACPI: LPIT 0x0000000043B3D000 0000CC (v01 INTEL  ADL-P-M  00000002      01000013)
[    0.009494] ACPI: WSMT 0x0000000043B3C000 000028 (v01 INTEL  ADL-P-M  00000002      01000013)
[    0.009496] ACPI: SSDT 0x0000000043B39000 002A83 (v02 INTEL  PtidDevc 00001000 INTL 20200717)
[    0.009498] ACPI: SSDT 0x0000000043B31000 007279 (v02 INTEL  TbtTypeC 00000000 INTL 20200717)
[    0.009500] ACPI: DBGP 0x0000000043B30000 000034 (v01 INTEL  ADL-P-M  00000002      01000013)
[    0.009503] ACPI: DBG2 0x0000000043B2F000 000054 (v00 INTEL  ADL-P-M  00000002      01000013)
[    0.009505] ACPI: NHLT 0x0000000043BFD000 0002F1 (v00 INTEL  ADL-P-M  00000002      01000013)
[    0.009507] ACPI: SSDT 0x0000000043B2C000 001919 (v02 INTEL  UsbCTabl 00001000 INTL 20200717)
[    0.009509] ACPI: DMAR 0x0000000043B2B000 000088 (v02 INTEL  ICL      00000002      01000013)
[    0.009511] ACPI: SSDT 0x0000000043B2A000 000571 (v02 INTEL  xh_adl_M 00000000 INTL 20200717)
[    0.009514] ACPI: SSDT 0x0000000043B26000 003BD3 (v02 SocGpe SocGpe   00003000 INTL 20200717)
[    0.009516] ACPI: SSDT 0x0000000043B23000 002B2A (v02 SocCmn SocCmn   00003000 INTL 20200717)
[    0.009518] ACPI: SSDT 0x0000000043B22000 000144 (v02 Intel  ADebTabl 00001000 INTL 20200717)
[    0.009520] ACPI: ASF! 0x0000000043B21000 000074 (v32 INTEL  ADL-P-M  00000002      01000013)
[    0.009523] ACPI: BGRT 0x0000000043B20000 000038 (v01 INTEL  ADL-P-M  00000002      01000013)
[    0.009525] ACPI: PHAT 0x0000000043B1F000 0007F8 (v00 INTEL  ADL-P-M  00000005 MSFT 0100000D)
[    0.009527] ACPI: FPDT 0x0000000043B1E000 000044 (v01 INTEL  ADL-P-M  00000002      01000013)
[    0.009529] ACPI: Reserving FACP table memory at [mem 0x43beb000-0x43beb113]
[    0.009530] ACPI: Reserving DSDT table memory at [mem 0x43b62000-0x43be7492]
[    0.009531] ACPI: Reserving FACS table memory at [mem 0x43a57000-0x43a5703f]
[    0.009532] ACPI: Reserving SSDT table memory at [mem 0x43bfc000-0x43bfc38b]
[    0.009532] ACPI: Reserving SSDT table memory at [mem 0x43bf6000-0x43bfbd21]
[    0.009533] ACPI: Reserving SSDT table memory at [mem 0x43bef000-0x43bf5cdc]
[    0.009534] ACPI: Reserving SSDT table memory at [mem 0x43bee000-0x43bee60d]
[    0.009534] ACPI: Reserving TPM2 table memory at [mem 0x43bed000-0x43bed04b]
[    0.009535] ACPI: Reserving ECDT table memory at [mem 0x43bec000-0x43bec068]
[    0.009536] ACPI: Reserving HPET table memory at [mem 0x43bea000-0x43bea037]
[    0.009536] ACPI: Reserving APIC table memory at [mem 0x43be9000-0x43be91db]
[    0.009537] ACPI: Reserving MCFG table memory at [mem 0x43be8000-0x43be803b]
[    0.009537] ACPI: Reserving SSDT table memory at [mem 0x43b56000-0x43b61373]
[    0.009538] ACPI: Reserving SSDT table memory at [mem 0x43b54000-0x43b55f31]
[    0.009539] ACPI: Reserving SSDT table memory at [mem 0x43b50000-0x43b53c1a]
[    0.009539] ACPI: Reserving SSDT table memory at [mem 0x43b4c000-0x43b4f5a0]
[    0.009540] ACPI: Reserving SSDT table memory at [mem 0x43b3e000-0x43b4b998]
[    0.009541] ACPI: Reserving LPIT table memory at [mem 0x43b3d000-0x43b3d0cb]
[    0.009541] ACPI: Reserving WSMT table memory at [mem 0x43b3c000-0x43b3c027]
[    0.009542] ACPI: Reserving SSDT table memory at [mem 0x43b39000-0x43b3ba82]
[    0.009542] ACPI: Reserving SSDT table memory at [mem 0x43b31000-0x43b38278]
[    0.009543] ACPI: Reserving DBGP table memory at [mem 0x43b30000-0x43b30033]
[    0.009544] ACPI: Reserving DBG2 table memory at [mem 0x43b2f000-0x43b2f053]
[    0.009544] ACPI: Reserving NHLT table memory at [mem 0x43bfd000-0x43bfd2f0]
[    0.009545] ACPI: Reserving SSDT table memory at [mem 0x43b2c000-0x43b2d918]
[    0.009546] ACPI: Reserving DMAR table memory at [mem 0x43b2b000-0x43b2b087]
[    0.009546] ACPI: Reserving SSDT table memory at [mem 0x43b2a000-0x43b2a570]
[    0.009547] ACPI: Reserving SSDT table memory at [mem 0x43b26000-0x43b29bd2]
[    0.009548] ACPI: Reserving SSDT table memory at [mem 0x43b23000-0x43b25b29]
[    0.009548] ACPI: Reserving SSDT table memory at [mem 0x43b22000-0x43b22143]
[    0.009549] ACPI: Reserving ASF! table memory at [mem 0x43b21000-0x43b21073]
[    0.009550] ACPI: Reserving BGRT table memory at [mem 0x43b20000-0x43b20037]
[    0.009550] ACPI: Reserving PHAT table memory at [mem 0x43b1f000-0x43b1f7f7]
[    0.009551] ACPI: Reserving FPDT table memory at [mem 0x43b1e000-0x43b1e043]
[    0.010030] No NUMA configuration found
[    0.010031] Faking a node at [mem 0x0000000000000000-0x000000048fbfffff]
[    0.010039] NODE_DATA(0) allocated [mem 0x48fbd5000-0x48fbfffff]
[    0.010293] Reserving 256MB of memory at 592MB for crashkernel (System RAM: 15617MB)
[    0.010315] Zone ranges:
[    0.010316]   DMA      [mem 0x0000000000001000-0x0000000000ffffff]
[    0.010318]   DMA32    [mem 0x0000000001000000-0x00000000ffffffff]
[    0.010319]   Normal   [mem 0x0000000100000000-0x000000048fbfffff]
[    0.010320]   Device   empty
[    0.010321] Movable zone start for each node
[    0.010322] Early memory node ranges
[    0.010323]   node   0: [mem 0x0000000000001000-0x000000000005ffff]
[    0.010324]   node   0: [mem 0x0000000000068000-0x000000000009efff]
[    0.010325]   node   0: [mem 0x0000000000100000-0x00000000405c3fff]
[    0.010326]   node   0: [mem 0x0000000043bff000-0x0000000043bfffff]
[    0.010326]   node   0: [mem 0x0000000100000000-0x000000048fbfffff]
[    0.010328] Initmem setup node 0 [mem 0x0000000000001000-0x000000048fbfffff]
[    0.010332] On node 0, zone DMA: 1 pages in unavailable ranges
[    0.010334] On node 0, zone DMA: 8 pages in unavailable ranges
[    0.010364] On node 0, zone DMA: 97 pages in unavailable ranges
[    0.012526] On node 0, zone DMA32: 13883 pages in unavailable ranges
[    0.012931] On node 0, zone Normal: 17408 pages in unavailable ranges
[    0.012941] On node 0, zone Normal: 1024 pages in unavailable ranges
[    0.012985] Reserving Intel graphics memory at [mem 0x4c800000-0x503fffff]
[    0.015722] ACPI: PM-Timer IO Port: 0x1808
[    0.015729] ACPI: LAPIC_NMI (acpi_id[0x01] high edge lint[0x1])
[    0.015730] ACPI: LAPIC_NMI (acpi_id[0x02] high edge lint[0x1])
[    0.015731] ACPI: LAPIC_NMI (acpi_id[0x03] high edge lint[0x1])
[    0.015732] ACPI: LAPIC_NMI (acpi_id[0x04] high edge lint[0x1])
[    0.015732] ACPI: LAPIC_NMI (acpi_id[0x05] high edge lint[0x1])
[    0.015733] ACPI: LAPIC_NMI (acpi_id[0x06] high edge lint[0x1])
[    0.015733] ACPI: LAPIC_NMI (acpi_id[0x07] high edge lint[0x1])
[    0.015734] ACPI: LAPIC_NMI (acpi_id[0x08] high edge lint[0x1])
[    0.015734] ACPI: LAPIC_NMI (acpi_id[0x09] high edge lint[0x1])
[    0.015735] ACPI: LAPIC_NMI (acpi_id[0x0a] high edge lint[0x1])
[    0.015735] ACPI: LAPIC_NMI (acpi_id[0x0b] high edge lint[0x1])
[    0.015736] ACPI: LAPIC_NMI (acpi_id[0x0c] high edge lint[0x1])
[    0.015736] ACPI: LAPIC_NMI (acpi_id[0x0d] high edge lint[0x1])
[    0.015737] ACPI: LAPIC_NMI (acpi_id[0x0e] high edge lint[0x1])
[    0.015737] ACPI: LAPIC_NMI (acpi_id[0x0f] high edge lint[0x1])
[    0.015738] ACPI: LAPIC_NMI (acpi_id[0x10] high edge lint[0x1])
[    0.015739] ACPI: LAPIC_NMI (acpi_id[0x11] high edge lint[0x1])
[    0.015739] ACPI: LAPIC_NMI (acpi_id[0x12] high edge lint[0x1])
[    0.015740] ACPI: LAPIC_NMI (acpi_id[0x13] high edge lint[0x1])
[    0.015740] ACPI: LAPIC_NMI (acpi_id[0x14] high edge lint[0x1])
[    0.015741] ACPI: LAPIC_NMI (acpi_id[0x15] high edge lint[0x1])
[    0.015741] ACPI: LAPIC_NMI (acpi_id[0x16] high edge lint[0x1])
[    0.015742] ACPI: LAPIC_NMI (acpi_id[0x17] high edge lint[0x1])
[    0.015742] ACPI: LAPIC_NMI (acpi_id[0x00] high edge lint[0x1])
[    0.015826] IOAPIC[0]: apic_id 2, version 32, address 0xfec00000, GSI 0-119
[    0.015829] ACPI: INT_SRC_OVR (bus 0 bus_irq 0 global_irq 2 dfl dfl)
[    0.015831] ACPI: INT_SRC_OVR (bus 0 bus_irq 9 global_irq 9 high level)
[    0.015834] ACPI: Using ACPI (MADT) for SMP configuration information
[    0.015835] ACPI: HPET id: 0x8086a201 base: 0xfed00000
[    0.015838] TSC deadline timer available
[    0.015839] smpboot: Allowing 12 CPUs, 0 hotplug CPUs
[    0.015854] PM: hibernation: Registered nosave memory: [mem 0x00000000-0x00000fff]
[    0.015856] PM: hibernation: Registered nosave memory: [mem 0x00060000-0x00067fff]
[    0.015858] PM: hibernation: Registered nosave memory: [mem 0x0009f000-0x000fffff]
[    0.015859] PM: hibernation: Registered nosave memory: [mem 0x405c4000-0x4065cfff]
[    0.015860] PM: hibernation: Registered nosave memory: [mem 0x4065d000-0x439fdfff]
[    0.015860] PM: hibernation: Registered nosave memory: [mem 0x439fe000-0x43ae5fff]
[    0.015861] PM: hibernation: Registered nosave memory: [mem 0x43ae6000-0x43bfefff]
[    0.015862] PM: hibernation: Registered nosave memory: [mem 0x43c00000-0x47ffffff]
[    0.015863] PM: hibernation: Registered nosave memory: [mem 0x48000000-0x49dfffff]
[    0.015863] PM: hibernation: Registered nosave memory: [mem 0x49e00000-0x49ffffff]
[    0.015864] PM: hibernation: Registered nosave memory: [mem 0x4a000000-0x4abfffff]
[    0.015864] PM: hibernation: Registered nosave memory: [mem 0x4ac00000-0x503fffff]
[    0.015865] PM: hibernation: Registered nosave memory: [mem 0x50400000-0xbfffffff]
[    0.015865] PM: hibernation: Registered nosave memory: [mem 0xc0000000-0xcfffffff]
[    0.015866] PM: hibernation: Registered nosave memory: [mem 0xd0000000-0xfed1ffff]
[    0.015867] PM: hibernation: Registered nosave memory: [mem 0xfed20000-0xfed7ffff]
[    0.015867] PM: hibernation: Registered nosave memory: [mem 0xfed80000-0xfeffffff]
[    0.015868] PM: hibernation: Registered nosave memory: [mem 0xff000000-0xffffffff]
[    0.015869] [mem 0x50400000-0xbfffffff] available for PCI devices
[    0.015870] Booting paravirtualized kernel on bare hardware
[    0.015872] clocksource: refined-jiffies: mask: 0xffffffff max_cycles: 0xffffffff, max_idle_ns: 1910969940391419 ns
[    0.020628] setup_percpu: NR_CPUS:8192 nr_cpumask_bits:12 nr_cpu_ids:12 nr_node_ids:1
[    0.021817] percpu: Embedded 53 pages/cpu s180224 r8192 d28672 u262144
[    0.021824] pcpu-alloc: s180224 r8192 d28672 u262144 alloc=1*2097152
[    0.021826] pcpu-alloc: [0] 00 01 02 03 04 05 06 07 [0] 08 09 10 11 -- -- -- -- 
[    0.021858] Built 1 zonelists, mobility grouping on.  Total pages: 3935421
[    0.021859] Policy zone: Normal
[    0.021861] Kernel command line: root=/dev/mapper/rhel-root ro crashkernel=1G-4G:192M,4G-64G:256M,64G-:512M resume=/dev/mapper/rhel-swap rd.lvm.lv=rhel/root rd.lvm.lv=rhel/swap rhgb quiet intel_iommu=on noefi
[    0.021940] DMAR: IOMMU enabled
[    0.021953] Unknown kernel command line parameters "rhgb intel_iommu=on", will be passed to user space.
[    0.025114] Dentry cache hash table entries: 2097152 (order: 12, 16777216 bytes, linear)
[    0.026778] Inode-cache hash table entries: 1048576 (order: 11, 8388608 bytes, linear)
[    0.026869] mem auto-init: stack:off, heap alloc:off, heap free:off
[    0.065649] Memory: 752760K/15992172K available (14345K kernel code, 5950K rwdata, 9060K rodata, 2552K init, 7492K bss, 767524K reserved, 0K cma-reserved)
[    0.065655] random: get_random_u64 called from kmem_cache_open+0x1e/0x300 with crng_init=0
[    0.065771] SLUB: HWalign=64, Order=0-3, MinObjects=0, CPUs=12, Nodes=1
[    0.065782] ftrace: allocating 43256 entries in 169 pages
[    0.078481] ftrace: allocated 169 pages with 4 groups
[    0.079096] Dynamic Preempt: voluntary
[    0.079132] rcu: Preemptible hierarchical RCU implementation.
[    0.079133] rcu: 	RCU restricting CPUs from NR_CPUS=8192 to nr_cpu_ids=12.
[    0.079134] 	Trampoline variant of Tasks RCU enabled.
[    0.079135] 	Rude variant of Tasks RCU enabled.
[    0.079135] 	Tracing variant of Tasks RCU enabled.
[    0.079136] rcu: RCU calculated value of scheduler-enlistment delay is 100 jiffies.
[    0.079137] rcu: Adjusting geometry for rcu_fanout_leaf=16, nr_cpu_ids=12
[    0.082374] NR_IRQS: 524544, nr_irqs: 2152, preallocated irqs: 16
[    0.082980] random: crng done (trusting CPU's manufacturer)
[    0.083007] Console: colour dummy device 80x25
[    0.083018] printk: console [tty0] enabled
[    0.083034] ACPI: Core revision 20210604
[    0.083736] clocksource: hpet: mask: 0xffffffff max_cycles: 0xffffffff, max_idle_ns: 99544814920 ns
[    0.083953] APIC: Switch to symmetric I/O mode setup
[    0.083956] DMAR: Host address width 39
[    0.083957] DMAR: DRHD base: 0x000000fed90000 flags: 0x0
[    0.083962] DMAR: dmar0: reg_base_addr fed90000 ver 4:0 cap 9c0000c40660462 ecap 29a08f0505e
[    0.083965] DMAR: DRHD base: 0x000000fed91000 flags: 0x1
[    0.083967] DMAR: dmar1: reg_base_addr fed91000 ver 5:0 cap 8d2008c40660462 ecap f050da
[    0.083970] DMAR: RMRR base: 0x0000004c000000 end: 0x000000503fffff
[    0.083974] DMAR-IR: IOAPIC id 2 under DRHD base  0xfed91000 IOMMU 1
[    0.083975] DMAR-IR: HPET id 0 under DRHD base 0xfed91000
[    0.083976] DMAR-IR: Queued invalidation will be enabled to support x2apic and Intr-remapping.
[    0.088432] DMAR-IR: Enabled IRQ remapping in x2apic mode
[    0.088434] x2apic enabled
[    0.088487] Switched APIC routing to cluster x2apic.
[    0.100150] ..TIMER: vector=0x30 apic1=0 pin1=2 apic2=-1 pin2=-1
[    0.104876] clocksource: tsc-early: mask: 0xffffffffffffffff max_cycles: 0x100d48ce7a0, max_idle_ns: 440795212195 ns
[    0.104883] Calibrating delay loop (skipped), value calculated using timer frequency.. 2227.20 BogoMIPS (lpj=1113600)
[    0.104887] pid_max: default: 32768 minimum: 301
[    0.104919] LSM: Security Framework initializing
[    0.104932] Yama: becoming mindful.
[    0.104939] SELinux:  Initializing.
[    0.104963] LSM support for eBPF active
[    0.105125] Mount-cache hash table entries: 32768 (order: 6, 262144 bytes, linear)
[    0.105183] Mountpoint-cache hash table entries: 32768 (order: 6, 262144 bytes, linear)
[    0.105511] x86/tme: not enabled by BIOS
[    0.105518] CPU0: Thermal monitoring enabled (TM1)
[    0.105520] x86/cpu: User Mode Instruction Prevention (UMIP) activated
[    0.105656] process: using mwait in idle threads
[    0.105659] Last level iTLB entries: 4KB 0, 2MB 0, 4MB 0
[    0.105660] Last level dTLB entries: 4KB 0, 2MB 0, 4MB 0, 1GB 0
[    0.105665] Spectre V1 : Mitigation: usercopy/swapgs barriers and __user pointer sanitization
[    0.105668] Spectre V2 : Mitigation: Enhanced IBRS
[    0.105669] Spectre V2 : Spectre v2 / SpectreRSB mitigation: Filling RSB on context switch
[    0.105671] Spectre V2 : mitigation: Enabling conditional Indirect Branch Prediction Barrier
[    0.105673] Speculative Store Bypass: Mitigation: Speculative Store Bypass disabled via prctl
[    0.109633] Freeing SMP alternatives memory: 36K
[    0.110022] smpboot: Estimated ratio of average max frequency by base frequency (times 1024): 3723
[    0.110063] smpboot: CPU0: Genuine Intel(R) 0000 (family: 0x6, model: 0x9a, stepping: 0x4)
[    0.110150] mce: [Hardware Error]: Machine check events logged
[    0.110151] mce: [Hardware Error]: CPU 0: Machine Check: 0 Bank 6: 880000800004008f
[    0.110158] mce: [Hardware Error]: TSC 0 MISC 5f000000 
[    0.110161] mce: [Hardware Error]: PROCESSOR 0:906a4 TIME 1652883889 SOCKET 0 APIC 0 microcode 40c
[    0.110198] cblist_init_generic: Setting adjustable number of callback queues.
[    0.110201] cblist_init_generic: Setting shift to 4 and lim to 1.
[    0.110215] cblist_init_generic: Setting shift to 4 and lim to 1.
[    0.110227] cblist_init_generic: Setting shift to 4 and lim to 1.
[    0.110239] Performance Events: XSAVE Architectural LBR, PEBS fmt4+-baseline,  AnyThread deprecated, Alderlake Hybrid events, 32-deep LBR, full-width counters, Intel PMU driver.
[    0.110371] core: cpu_core PMU driver: 
[    0.110372] ... version:                5
[    0.110373] ... bit width:              48
[    0.110374] ... generic registers:      8
[    0.110374] ... value mask:             0000ffffffffffff
[    0.110375] ... max period:             00007fffffffffff
[    0.110375] ... fixed-purpose events:   4
[    0.110376] ... event mask:             0001000f000000ff
[    0.110416] rcu: Hierarchical SRCU implementation.
[    0.111483] NMI watchdog: Enabled. Permanently consumes one hw-PMU counter.
[    0.111585] smp: Bringing up secondary CPUs ...
[    0.111641] x86: Booting SMP configuration:
[    0.111641] .... node  #0, CPUs:        #1  #2  #3  #4
[    0.012966] core: cpu_atom PMU driver: PEBS-via-PT 
[    0.012966] ... version:                5
[    0.012966] ... bit width:              48
[    0.012966] ... generic registers:      6
[    0.012966] ... value mask:             0000ffffffffffff
[    0.012966] ... max period:             00007fffffffffff
[    0.012966] ... fixed-purpose events:   3
[    0.012966] ... event mask:             000000070000003f
[    0.119532]   #5  #6  #7  #8  #9 #10 #11
[    0.138131] smp: Brought up 1 node, 12 CPUs
[    0.138131] smpboot: Max logical packages: 1
[    0.138131] smpboot: Total of 12 processors activated (26726.40 BogoMIPS)
[    0.159660] node 0 deferred pages initialised in 21ms
[    0.161693] devtmpfs: initialized
[    0.161693] x86/mm: Memory block size: 128MB
[    0.161949] ACPI: PM: Registering ACPI NVS region [mem 0x439fe000-0x43ae5fff] (950272 bytes)
[    0.161959] clocksource: jiffies: mask: 0xffffffff max_cycles: 0xffffffff, max_idle_ns: 1911260446275000 ns
[    0.161965] futex hash table entries: 4096 (order: 6, 262144 bytes, linear)
[    0.162043] pinctrl core: initialized pinctrl subsystem
[    0.162979] NET: Registered PF_NETLINK/PF_ROUTE protocol family
[    0.163063] DMA: preallocated 2048 KiB GFP_KERNEL pool for atomic allocations
[    0.163071] DMA: preallocated 2048 KiB GFP_KERNEL|GFP_DMA pool for atomic allocations
[    0.163080] DMA: preallocated 2048 KiB GFP_KERNEL|GFP_DMA32 pool for atomic allocations
[    0.163087] audit: initializing netlink subsys (disabled)
[    0.163091] audit: type=2000 audit(1652883889.068:1): state=initialized audit_enabled=0 res=1
[    0.163091] thermal_sys: Registered thermal governor 'fair_share'
[    0.163091] thermal_sys: Registered thermal governor 'step_wise'
[    0.163091] thermal_sys: Registered thermal governor 'user_space'
[    0.163091] cpuidle: using governor menu
[    0.163091] acpiphp: ACPI Hot Plug PCI Controller Driver version: 0.5
[    0.163091] PCI: MMCONFIG for domain 0000 [bus 00-ff] at [mem 0xc0000000-0xcfffffff] (base 0xc0000000)
[    0.163091] PCI: MMCONFIG at [mem 0xc0000000-0xcfffffff] reserved in E820
[    0.163091] PCI: Using configuration type 1 for base access
[    0.163419] ENERGY_PERF_BIAS: Set to 'normal', was 'performance'
[    0.164896] Kprobes globally optimized
[    0.164908] HugeTLB registered 1.00 GiB page size, pre-allocated 0 pages
[    0.164908] HugeTLB registered 2.00 MiB page size, pre-allocated 0 pages
[    0.164914] cryptd: max_cpu_qlen set to 1000
[    0.164914] ACPI: PRMT not present
[    0.164914] ACPI: Added _OSI(Module Device)
[    0.164914] ACPI: Added _OSI(Processor Device)
[    0.164914] ACPI: Added _OSI(3.0 _SCP Extensions)
[    0.164915] ACPI: Added _OSI(Processor Aggregator Device)
[    0.164916] ACPI: Added _OSI(Linux-Dell-Video)
[    0.164916] ACPI: Added _OSI(Linux-Lenovo-NV-HDMI-Audio)
[    0.164917] ACPI: Added _OSI(Linux-HPI-Hybrid-Graphics)
[    0.278809] ACPI: 17 ACPI AML tables successfully acquired and loaded
[    0.280100] ACPI: EC: EC started
[    0.280103] ACPI: EC: interrupt blocked
[    0.309404] ACPI: EC: EC_CMD/EC_SC=0x66, EC_DATA=0x62
[    0.309406] ACPI: EC: Boot ECDT EC used to handle transactions
[    0.343788] ACPI: Dynamic OEM Table Load:
[    0.343803] ACPI: SSDT 0xFFFF9E290115F200 0001AB (v02 PmRef  Cpu0Psd  00003000 INTL 20200717)
[    0.344930] ACPI: \_SB_.PR00: _OSC native thermal LVT Acked
[    0.346621] ACPI: USB4 _OSC: OS supports USB3+ DisplayPort+ PCIe+ XDomain+
[    0.346622] ACPI: USB4 _OSC: OS controls USB3+ DisplayPort+ PCIe+ XDomain+
[    0.348214] ACPI: Dynamic OEM Table Load:
[    0.348226] ACPI: SSDT 0xFFFF9E2C81A8A800 00047F (v02 PmRef  Cpu0Cst  00003001 INTL 20200717)
[    0.349469] ACPI: Dynamic OEM Table Load:
[    0.349476] ACPI: SSDT 0xFFFF9E29010FA400 00032F (v02 PmRef  Cpu0Ist  00003000 INTL 20200717)
[    0.350716] ACPI: Dynamic OEM Table Load:
[    0.350722] ACPI: SSDT 0xFFFF9E2C81A8C800 00044D (v02 PmRef  Cpu0Hwp  00003000 INTL 20200717)
[    0.352155] ACPI: Dynamic OEM Table Load:
[    0.352165] ACPI: SSDT 0xFFFF9E2900AC4000 001BAF (v02 PmRef  ApIst    00003000 INTL 20200717)
[    0.353874] ACPI: Dynamic OEM Table Load:
[    0.353882] ACPI: SSDT 0xFFFF9E2C81A96000 001038 (v02 PmRef  ApHwp    00003000 INTL 20200717)
[    0.355420] ACPI: Dynamic OEM Table Load:
[    0.355428] ACPI: SSDT 0xFFFF9E2C81A92000 001349 (v02 PmRef  ApPsd    00003000 INTL 20200717)
[    0.356990] ACPI: Dynamic OEM Table Load:
[    0.356997] ACPI: SSDT 0xFFFF9E2900126000 000FBB (v02 PmRef  ApCst    00003000 INTL 20200717)
[    0.362631] ACPI: Interpreter enabled
[    0.362703] ACPI: PM: (supports S0 S3 S4 S5)
[    0.362704] ACPI: Using IOAPIC for interrupt routing
[    0.362779] PCI: Using host bridge windows from ACPI; if necessary, use "pci=nocrs" and report a bug
[    0.364331] ACPI: Enabled 8 GPEs in block 00 to 7F
[    0.365166] ACPI: PM: Power Resource [PXP]
[    0.482737] ACPI: PM: Power Resource [PAUD]
[    0.492761] ACPI: PM: Power Resource [WRST]
[    0.494200] ACPI: PM: Power Resource [PXP]
[    0.495197] ACPI: PM: Power Resource [PXP]
[    0.497617] ACPI: PM: Power Resource [PXP]
[    0.609701] ACPI: PM: Power Resource [WRST]
[    0.609713] ACPI: PM: Power Resource [DRST]
[    0.618065] ACPI: PM: Power Resource [TBT0]
[    0.618078] ACPI: PM: Power Resource [TBT1]
[    0.618087] ACPI: PM: Power Resource [D3C]
[    0.836811] ACPI: PM: Power Resource [FN00]
[    0.836849] ACPI: PM: Power Resource [FN01]
[    0.836883] ACPI: PM: Power Resource [FN02]
[    0.836915] ACPI: PM: Power Resource [FN03]
[    0.836947] ACPI: PM: Power Resource [FN04]
[    0.837364] ACPI: PM: Power Resource [PIN]
[    0.837591] ACPI: PCI Root Bridge [PC00] (domain 0000 [bus 00-fe])
[    0.837597] acpi PNP0A08:00: _OSC: OS supports [ExtendedConfig ASPM ClockPM Segments MSI EDR HPX-Type3]
[    0.839010] acpi PNP0A08:00: _OSC: platform does not support [AER]
[    0.841779] acpi PNP0A08:00: _OSC: OS now controls [PCIeHotplug SHPCHotplug PME PCIeCapability LTR DPC]
[    0.845451] PCI host bridge to bus 0000:00
[    0.845452] pci_bus 0000:00: root bus resource [io  0x0000-0x0cf7 window]
[    0.845454] pci_bus 0000:00: root bus resource [io  0x0d00-0xffff window]
[    0.845455] pci_bus 0000:00: root bus resource [mem 0x000a0000-0x000bffff window]
[    0.845455] pci_bus 0000:00: root bus resource [mem 0x50400000-0xbfffffff window]
[    0.845456] pci_bus 0000:00: root bus resource [mem 0x4000000000-0x7fffffffff window]
[    0.845457] pci_bus 0000:00: root bus resource [bus 00-fe]
[    0.847432] pci 0000:00:00.0: [8086:4602] type 00 class 0x060000
[    0.849704] pci 0000:00:02.0: [8086:46aa] type 00 class 0x030000
[    0.849712] pci 0000:00:02.0: reg 0x10: [mem 0x603c000000-0x603cffffff 64bit]
[    0.849718] pci 0000:00:02.0: reg 0x18: [mem 0x4000000000-0x400fffffff 64bit pref]
[    0.849722] pci 0000:00:02.0: reg 0x20: [io  0x3000-0x303f]
[    0.849737] pci 0000:00:02.0: BAR 2: assigned to efifb
[    0.849738] pci 0000:00:02.0: DMAR: Skip IOMMU disabling for graphics
[    0.849766] pci 0000:00:02.0: reg 0x344: [mem 0x00000000-0x00ffffff 64bit]
[    0.849767] pci 0000:00:02.0: VF(n) BAR0 space: [mem 0x00000000-0x06ffffff 64bit] (contains BAR0 for 7 VFs)
[    0.849771] pci 0000:00:02.0: reg 0x34c: [mem 0x00000000-0x1fffffff 64bit pref]
[    0.849772] pci 0000:00:02.0: VF(n) BAR2 space: [mem 0x00000000-0xdfffffff 64bit pref] (contains BAR2 for 7 VFs)
[    0.851783] pci 0000:00:04.0: [8086:461d] type 00 class 0x118000
[    0.851796] pci 0000:00:04.0: reg 0x10: [mem 0x603d140000-0x603d15ffff 64bit]
[    0.854024] pci 0000:00:06.0: [8086:464d] type 01 class 0x060400
[    0.854150] pci 0000:00:06.0: PME# supported from D0 D3hot D3cold
[    0.856750] pci 0000:00:07.0: [8086:466e] type 01 class 0x060400
[    0.856823] pci 0000:00:07.0: PME# supported from D0 D3hot D3cold
[    0.856847] pci 0000:00:07.0: DPC: RP PIO log size 0 is invalid
[    0.859437] pci 0000:00:07.1: [8086:463f] type 01 class 0x060400
[    0.859509] pci 0000:00:07.1: PME# supported from D0 D3hot D3cold
[    0.859534] pci 0000:00:07.1: DPC: RP PIO log size 0 is invalid
[    0.862200] pci 0000:00:08.0: [8086:464f] type 00 class 0x088000
[    0.862208] pci 0000:00:08.0: reg 0x10: [mem 0x603d19b000-0x603d19bfff 64bit]
[    0.864334] pci 0000:00:0d.0: [8086:461e] type 00 class 0x0c0330
[    0.864343] pci 0000:00:0d.0: reg 0x10: [mem 0x603d170000-0x603d17ffff 64bit]
[    0.864382] pci 0000:00:0d.0: PME# supported from D3hot D3cold
[    0.866702] pci 0000:00:0d.2: [8086:463e] type 00 class 0x0c0340
[    0.866713] pci 0000:00:0d.2: reg 0x10: [mem 0x603d100000-0x603d13ffff 64bit]
[    0.866720] pci 0000:00:0d.2: reg 0x18: [mem 0x603d19a000-0x603d19afff 64bit]
[    0.866753] pci 0000:00:0d.2: supports D1 D2
[    0.866754] pci 0000:00:0d.2: PME# supported from D0 D1 D2 D3hot D3cold
[    0.869434] pci 0000:00:10.0: [8086:51d8] type 00 class 0x0c8000
[    0.870124] pci 0000:00:10.0: reg 0x10: [mem 0x00000000-0x00000fff 64bit]
[    0.875209] pci 0000:00:10.6: [8086:51d0] type 00 class 0x090100
[    0.875237] pci 0000:00:10.6: reg 0x10: [mem 0x603d180000-0x603d187fff 64bit]
[    0.875461] pci 0000:00:10.6: PME# supported from D3hot D3cold
[    0.877689] pci 0000:00:14.0: [8086:51ed] type 00 class 0x0c0330
[    0.877712] pci 0000:00:14.0: reg 0x10: [mem 0x603d160000-0x603d16ffff 64bit]
[    0.877805] pci 0000:00:14.0: PME# supported from D3hot D3cold
[    0.879154] pci 0000:00:14.2: [8086:51ef] type 00 class 0x050000
[    0.879175] pci 0000:00:14.2: reg 0x10: [mem 0x603d18c000-0x603d18ffff 64bit]
[    0.879189] pci 0000:00:14.2: reg 0x18: [mem 0x603d198000-0x603d198fff 64bit]
[    0.881852] pci 0000:00:15.0: [8086:51e8] type 00 class 0x0c8000
[    0.882562] pci 0000:00:15.0: reg 0x10: [mem 0x00000000-0x00000fff 64bit]
[    0.888075] pci 0000:00:15.1: [8086:51e9] type 00 class 0x0c8000
[    0.888806] pci 0000:00:15.1: reg 0x10: [mem 0x00000000-0x00000fff 64bit]
[    0.893941] pci 0000:00:16.0: [8086:51e0] type 00 class 0x078000
[    0.893965] pci 0000:00:16.0: reg 0x10: [mem 0x603d195000-0x603d195fff 64bit]
[    0.894057] pci 0000:00:16.0: PME# supported from D3hot
[    0.895657] pci 0000:00:16.3: [8086:51e3] type 00 class 0x070002
[    0.895678] pci 0000:00:16.3: reg 0x10: [io  0x3060-0x3067]
[    0.895688] pci 0000:00:16.3: reg 0x14: [mem 0x6c701000-0x6c701fff]
[    0.898418] pci 0000:00:19.0: [8086:51c5] type 00 class 0x0c8000
[    0.899123] pci 0000:00:19.0: reg 0x10: [mem 0x00000000-0x00000fff 64bit]
[    0.904587] pci 0000:00:19.1: [8086:51c6] type 00 class 0x0c8000
[    0.905270] pci 0000:00:19.1: reg 0x10: [mem 0x00000000-0x00000fff 64bit]
[    0.910457] pci 0000:00:1d.0: [8086:51b0] type 01 class 0x060400
[    0.910569] pci 0000:00:1d.0: PME# supported from D0 D3hot D3cold
[    0.913125] pci 0000:00:1d.1: [8086:51b1] type 01 class 0x060400
[    0.913240] pci 0000:00:1d.1: PME# supported from D0 D3hot D3cold
[    0.916406] pci 0000:00:1e.0: [8086:51a8] type 00 class 0x078000
[    0.917123] pci 0000:00:1e.0: reg 0x10: [mem 0x00000000-0x00000fff 64bit]
[    0.922740] pci 0000:00:1e.3: [8086:51ab] type 00 class 0x0c8000
[    0.923464] pci 0000:00:1e.3: reg 0x10: [mem 0x00000000-0x00000fff 64bit]
[    0.928571] pci 0000:00:1f.0: [8086:5187] type 00 class 0x060100
[    0.930898] pci 0000:00:1f.3: [8086:51cc] type 00 class 0x040100
[    0.930953] pci 0000:00:1f.3: reg 0x10: [mem 0x603d188000-0x603d18bfff 64bit]
[    0.931021] pci 0000:00:1f.3: reg 0x20: [mem 0x603d000000-0x603d0fffff 64bit]
[    0.931162] pci 0000:00:1f.3: PME# supported from D3hot D3cold
[    0.933931] pci 0000:00:1f.4: [8086:51a3] type 00 class 0x0c0500
[    0.933958] pci 0000:00:1f.4: reg 0x10: [mem 0x603d190000-0x603d1900ff 64bit]
[    0.933985] pci 0000:00:1f.4: reg 0x20: [io  0xefa0-0xefbf]
[    0.935198] pci 0000:00:1f.5: [8086:51a4] type 00 class 0x0c8000
[    0.935218] pci 0000:00:1f.5: reg 0x10: [mem 0xfe010000-0xfe010fff]
[    0.935899] pci 0000:01:00.0: [8086:f1aa] type 00 class 0x010802
[    0.935916] pci 0000:01:00.0: reg 0x10: [mem 0x6c500000-0x6c503fff 64bit]
[    0.936033] pci 0000:01:00.0: reg 0x1ac: [mem 0x00000000-0x00003fff 64bit]
[    0.936034] pci 0000:01:00.0: VF(n) BAR0 space: [mem 0x00000000-0x0001ffff 64bit] (contains BAR0 for 8 VFs)
[    0.936874] pci 0000:00:06.0: PCI bridge to [bus 01]
[    0.936878] pci 0000:00:06.0:   bridge window [mem 0x6c500000-0x6c5fffff]
[    0.936906] pci 0000:00:07.0: PCI bridge to [bus 02-2b]
[    0.936910] pci 0000:00:07.0:   bridge window [mem 0x60000000-0x6c1fffff]
[    0.936913] pci 0000:00:07.0:   bridge window [mem 0x6000000000-0x601bffffff 64bit pref]
[    0.936940] pci 0000:00:07.1: PCI bridge to [bus 2c-55]
[    0.936943] pci 0000:00:07.1:   bridge window [mem 0x52000000-0x5e1fffff]
[    0.936947] pci 0000:00:07.1:   bridge window [mem 0x6020000000-0x603bffffff 64bit pref]
[    0.937035] pci 0000:56:00.0: [8086:15f2] type 00 class 0x020000
[    0.937058] pci 0000:56:00.0: reg 0x10: [mem 0x6c300000-0x6c3fffff]
[    0.937094] pci 0000:56:00.0: reg 0x1c: [mem 0x6c400000-0x6c403fff]
[    0.937130] pci 0000:56:00.0: reg 0x30: [mem 0xfff00000-0xffffffff pref]
[    0.937236] pci 0000:56:00.0: PME# supported from D0 D3hot D3cold
[    0.937389] pci 0000:00:1d.0: PCI bridge to [bus 56]
[    0.937394] pci 0000:00:1d.0:   bridge window [mem 0x6c300000-0x6c4fffff]
[    0.937718] pci 0000:57:00.0: [8086:2725] type 00 class 0x028000
[    0.937790] pci 0000:57:00.0: reg 0x10: [mem 0x6c200000-0x6c203fff 64bit]
[    0.938121] pci 0000:57:00.0: PME# supported from D0 D3hot D3cold
[    0.940541] pci 0000:00:1d.1: PCI bridge to [bus 57]
[    0.940546] pci 0000:00:1d.1:   bridge window [mem 0x6c200000-0x6c2fffff]
[    1.298320] ACPI: EC: interrupt unblocked
[    1.298323] ACPI: EC: event unblocked
[    1.298362] ACPI: EC: EC_CMD/EC_SC=0x66, EC_DATA=0x62
[    1.298363] ACPI: EC: GPE=0x6e
[    1.298364] ACPI: \_SB_.PC00.LPCB.H_EC: Boot ECDT EC initialization complete
[    1.298366] ACPI: \_SB_.PC00.LPCB.H_EC: EC: Used to handle transactions and events
[    1.298507] iommu: Default domain type: Translated 
[    1.298507] iommu: DMA domain TLB invalidation policy: lazy mode 
[    1.298507] pci 0000:00:02.0: vgaarb: setting as boot VGA device
[    1.298507] pci 0000:00:02.0: vgaarb: VGA device added: decodes=io+mem,owns=io+mem,locks=none
[    1.298507] pci 0000:00:02.0: vgaarb: bridge control possible
[    1.298507] vgaarb: loaded
[    1.298507] SCSI subsystem initialized
[    1.298507] ACPI: bus type USB registered
[    1.298507] usbcore: registered new interface driver usbfs
[    1.298507] usbcore: registered new interface driver hub
[    1.298507] usbcore: registered new device driver usb
[    1.298507] pps_core: LinuxPPS API ver. 1 registered
[    1.298507] pps_core: Software ver. 5.3.6 - Copyright 2005-2007 Rodolfo Giometti <giometti@linux.it>
[    1.298507] PTP clock support registered
[    1.298507] EDAC MC: Ver: 3.0.0
[    1.300107] NetLabel: Initializing
[    1.300107] NetLabel:  domain hash size = 128
[    1.300107] NetLabel:  protocols = UNLABELED CIPSOv4 CALIPSO
[    1.300107] NetLabel:  unlabeled traffic allowed by default
[    1.300107] PCI: Using ACPI for IRQ routing
[    1.375032] PCI: pci_cache_line_size set to 64 bytes
[    1.376375] pci 0000:00:1f.5: can't claim BAR 0 [mem 0xfe010000-0xfe010fff]: no compatible bridge window
[    1.377427] e820: reserve RAM buffer [mem 0x0009f000-0x0009ffff]
[    1.377429] e820: reserve RAM buffer [mem 0x405c4000-0x43ffffff]
[    1.377431] e820: reserve RAM buffer [mem 0x43c00000-0x43ffffff]
[    1.377431] e820: reserve RAM buffer [mem 0x48fc00000-0x48fffffff]
[    1.378266] hpet0: at MMIO 0xfed00000, IRQs 2, 8, 0, 0, 0, 0, 0, 0
[    1.378273] hpet0: 8 comparators, 64-bit 19.200000 MHz counter
[    1.379930] clocksource: Switched to clocksource tsc-early
[    1.386139] VFS: Disk quotas dquot_6.6.0
[    1.386147] VFS: Dquot-cache hash table entries: 512 (order 0, 4096 bytes)
[    1.386182] pnp: PnP ACPI init
[    1.387155] system 00:00: [io  0x06a4] has been reserved
[    1.387157] system 00:00: [io  0x06a0] has been reserved
[    1.387478] system 00:01: [io  0x0680-0x069f] has been reserved
[    1.387480] system 00:01: [io  0x164e-0x164f] has been reserved
[    1.387585] system 00:02: [io  0x1854-0x1857] has been reserved
[    1.391106] pnp 00:03: disabling [mem 0xc0000000-0xcfffffff] because it overlaps 0000:00:02.0 BAR 9 [mem 0x00000000-0xdfffffff 64bit pref]
[    1.391109] pnp 00:03: disabling [mem 0x413b0000-0x413bffff] because it overlaps 0000:00:02.0 BAR 9 [mem 0x00000000-0xdfffffff 64bit pref]
[    1.391127] system 00:03: [mem 0xfedc0000-0xfedc7fff] has been reserved
[    1.391128] system 00:03: [mem 0xfeda0000-0xfeda0fff] has been reserved
[    1.391129] system 00:03: [mem 0xfeda1000-0xfeda1fff] has been reserved
[    1.391130] system 00:03: [mem 0xfed20000-0xfed7ffff] could not be reserved
[    1.391131] system 00:03: [mem 0xfed90000-0xfed93fff] could not be reserved
[    1.391132] system 00:03: [mem 0xfed45000-0xfed8ffff] could not be reserved
[    1.391133] system 00:03: [mem 0xfee00000-0xfeefffff] has been reserved
[    1.392093] system 00:04: [io  0x2000-0x20fe] has been reserved
[    1.392557] pnp 00:06: disabling [mem 0x00000000-0x0009cfff] because it overlaps 0000:00:02.0 BAR 7 [mem 0x00000000-0x06ffffff 64bit]
[    1.392559] pnp 00:06: disabling [mem 0x00000000-0x0009cfff disabled] because it overlaps 0000:00:02.0 BAR 9 [mem 0x00000000-0xdfffffff 64bit pref]
[    1.392923] pnp: PnP ACPI: found 7 devices
[    1.398130] clocksource: acpi_pm: mask: 0xffffff max_cycles: 0xffffff, max_idle_ns: 2085701024 ns
[    1.398176] NET: Registered PF_INET protocol family
[    1.398688] IP idents hash table entries: 262144 (order: 9, 2097152 bytes, linear)
[    1.400153] tcp_listen_portaddr_hash hash table entries: 8192 (order: 5, 131072 bytes, linear)
[    1.400187] TCP established hash table entries: 131072 (order: 8, 1048576 bytes, linear)
[    1.400406] TCP bind hash table entries: 65536 (order: 8, 1048576 bytes, linear)
[    1.400653] TCP: Hash tables configured (established 131072 bind 65536)
[    1.400847] MPTCP token hash table entries: 16384 (order: 6, 393216 bytes, linear)
[    1.400875] UDP hash table entries: 8192 (order: 6, 262144 bytes, linear)
[    1.400938] UDP-Lite hash table entries: 8192 (order: 6, 262144 bytes, linear)
[    1.401029] NET: Registered PF_UNIX/PF_LOCAL protocol family
[    1.401035] NET: Registered PF_XDP protocol family
[    1.401039] pci 0000:56:00.0: can't claim BAR 6 [mem 0xfff00000-0xffffffff pref]: no compatible bridge window
[    1.401044] pci 0000:00:07.0: bridge window [io  0x1000-0x0fff] to [bus 02-2b] add_size 1000
[    1.401047] pci 0000:00:07.1: bridge window [io  0x1000-0x0fff] to [bus 2c-55] add_size 1000
[    1.401057] pci 0000:00:02.0: BAR 9: assigned [mem 0x4020000000-0x40ffffffff 64bit pref]
[    1.401060] pci 0000:00:02.0: BAR 7: assigned [mem 0x4010000000-0x4016ffffff 64bit]
[    1.401063] pci 0000:00:07.0: BAR 13: assigned [io  0x4000-0x4fff]
[    1.401064] pci 0000:00:07.1: BAR 13: assigned [io  0x5000-0x5fff]
[    1.401066] pci 0000:00:10.0: BAR 0: assigned [mem 0x4017000000-0x4017000fff 64bit]
[    1.401414] pci 0000:00:15.0: BAR 0: assigned [mem 0x4017001000-0x4017001fff 64bit]
[    1.401755] pci 0000:00:15.1: BAR 0: assigned [mem 0x4017002000-0x4017002fff 64bit]
[    1.402097] pci 0000:00:19.0: BAR 0: assigned [mem 0x4017003000-0x4017003fff 64bit]
[    1.402439] pci 0000:00:19.1: BAR 0: assigned [mem 0x4017004000-0x4017004fff 64bit]
[    1.402780] pci 0000:00:1e.0: BAR 0: assigned [mem 0x4017005000-0x4017005fff 64bit]
[    1.403121] pci 0000:00:1e.3: BAR 0: assigned [mem 0x4017006000-0x4017006fff 64bit]
[    1.403462] pci 0000:00:1f.5: BAR 0: assigned [mem 0x50400000-0x50400fff]
[    1.403480] pci 0000:01:00.0: BAR 7: assigned [mem 0x6c504000-0x6c523fff 64bit]
[    1.404251] pci 0000:00:06.0: PCI bridge to [bus 01]
[    1.404254] pci 0000:00:06.0:   bridge window [mem 0x6c500000-0x6c5fffff]
[    1.404259] pci 0000:00:07.0: PCI bridge to [bus 02-2b]
[    1.404261] pci 0000:00:07.0:   bridge window [io  0x4000-0x4fff]
[    1.404264] pci 0000:00:07.0:   bridge window [mem 0x60000000-0x6c1fffff]
[    1.404266] pci 0000:00:07.0:   bridge window [mem 0x6000000000-0x601bffffff 64bit pref]
[    1.404270] pci 0000:00:07.1: PCI bridge to [bus 2c-55]
[    1.404271] pci 0000:00:07.1:   bridge window [io  0x5000-0x5fff]
[    1.404274] pci 0000:00:07.1:   bridge window [mem 0x52000000-0x5e1fffff]
[    1.404276] pci 0000:00:07.1:   bridge window [mem 0x6020000000-0x603bffffff 64bit pref]
[    1.404283] pci 0000:56:00.0: BAR 6: no space for [mem size 0x00100000 pref]
[    1.404284] pci 0000:56:00.0: BAR 6: failed to assign [mem size 0x00100000 pref]
[    1.404285] pci 0000:00:1d.0: PCI bridge to [bus 56]
[    1.404297] pci 0000:00:1d.0:   bridge window [mem 0x6c300000-0x6c4fffff]
[    1.404305] pci 0000:00:1d.1: PCI bridge to [bus 57]
[    1.404309] pci 0000:00:1d.1:   bridge window [mem 0x6c200000-0x6c2fffff]
[    1.404317] pci_bus 0000:00: resource 4 [io  0x0000-0x0cf7 window]
[    1.404318] pci_bus 0000:00: resource 5 [io  0x0d00-0xffff window]
[    1.404319] pci_bus 0000:00: resource 6 [mem 0x000a0000-0x000bffff window]
[    1.404320] pci_bus 0000:00: resource 7 [mem 0x50400000-0xbfffffff window]
[    1.404321] pci_bus 0000:00: resource 8 [mem 0x4000000000-0x7fffffffff window]
[    1.404322] pci_bus 0000:01: resource 1 [mem 0x6c500000-0x6c5fffff]
[    1.404323] pci_bus 0000:02: resource 0 [io  0x4000-0x4fff]
[    1.404324] pci_bus 0000:02: resource 1 [mem 0x60000000-0x6c1fffff]
[    1.404325] pci_bus 0000:02: resource 2 [mem 0x6000000000-0x601bffffff 64bit pref]
[    1.404326] pci_bus 0000:2c: resource 0 [io  0x5000-0x5fff]
[    1.404326] pci_bus 0000:2c: resource 1 [mem 0x52000000-0x5e1fffff]
[    1.404327] pci_bus 0000:2c: resource 2 [mem 0x6020000000-0x603bffffff 64bit pref]
[    1.404328] pci_bus 0000:56: resource 1 [mem 0x6c300000-0x6c4fffff]
[    1.404329] pci_bus 0000:57: resource 1 [mem 0x6c200000-0x6c2fffff]
[    1.404522] pci 0000:00:02.0: Video device with shadowed ROM at [mem 0x000c0000-0x000dffff]
[    1.404557] pci 0000:00:0d.0: enabling device (0000 -> 0002)
[    1.406217] PCI: CLS 128 bytes, default 64
[    1.406237] DMAR: No ATSR found
[    1.406237] DMAR: No SATC found
[    1.406239] DMAR: IOMMU feature fl1gp_support inconsistent
[    1.406241] DMAR: IOMMU feature pgsel_inv inconsistent
[    1.406242] DMAR: IOMMU feature nwfs inconsistent
[    1.406242] DMAR: IOMMU feature dit inconsistent
[    1.406243] DMAR: IOMMU feature sc_support inconsistent
[    1.406243] DMAR: IOMMU feature dev_iotlb_support inconsistent
[    1.406244] DMAR: dmar0: Using Queued invalidation
[    1.406248] DMAR: dmar1: Using Queued invalidation
[    1.406300] Trying to unpack rootfs image as initramfs...
[    1.406425] pci 0000:00:00.0: Adding to iommu group 0
[    1.406434] pci 0000:00:02.0: Adding to iommu group 1
[    1.406441] pci 0000:00:04.0: Adding to iommu group 2
[    1.406473] pci 0000:00:06.0: Adding to iommu group 3
[    1.406481] pci 0000:00:07.0: Adding to iommu group 4
[    1.406489] pci 0000:00:07.1: Adding to iommu group 5
[    1.406496] pci 0000:00:08.0: Adding to iommu group 6
[    1.406510] pci 0000:00:0d.0: Adding to iommu group 7
[    1.406517] pci 0000:00:0d.2: Adding to iommu group 7
[    1.406530] pci 0000:00:10.0: Adding to iommu group 8
[    1.406537] pci 0000:00:10.6: Adding to iommu group 8
[    1.406550] pci 0000:00:14.0: Adding to iommu group 9
[    1.406556] pci 0000:00:14.2: Adding to iommu group 9
[    1.406571] pci 0000:00:15.0: Adding to iommu group 10
[    1.406580] pci 0000:00:15.1: Adding to iommu group 10
[    1.406600] pci 0000:00:16.0: Adding to iommu group 11
[    1.406612] pci 0000:00:16.3: Adding to iommu group 11
[    1.406629] pci 0000:00:19.0: Adding to iommu group 12
[    1.406644] pci 0000:00:19.1: Adding to iommu group 12
[    1.406667] pci 0000:00:1d.0: Adding to iommu group 13
[    1.406683] pci 0000:00:1d.1: Adding to iommu group 14
[    1.406696] pci 0000:00:1e.0: Adding to iommu group 15
[    1.406704] pci 0000:00:1e.3: Adding to iommu group 15
[    1.406723] pci 0000:00:1f.0: Adding to iommu group 16
[    1.406730] pci 0000:00:1f.3: Adding to iommu group 16
[    1.406739] pci 0000:00:1f.4: Adding to iommu group 16
[    1.406748] pci 0000:00:1f.5: Adding to iommu group 16
[    1.406776] pci 0000:01:00.0: Adding to iommu group 17
[    1.406796] pci 0000:56:00.0: Adding to iommu group 18
[    1.406812] pci 0000:57:00.0: Adding to iommu group 19
[    1.408982] DMAR: Intel(R) Virtualization Technology for Directed I/O
[    1.408984] PCI-DMA: Using software bounce buffering for IO (SWIOTLB)
[    1.408985] software IO TLB: mapped [mem 0x0000000021000000-0x0000000025000000] (64MB)
[    1.408999] ACPI: bus type thunderbolt registered
[    1.451511] clocksource: tsc: mask: 0xffffffffffffffff max_cycles: 0x100d48ce7a0, max_idle_ns: 440795212195 ns
[    1.465991] Freeing initrd memory: 103828K
[    1.466032] clocksource: Switched to clocksource tsc
[    1.466081] platform rtc_cmos: registered platform RTC device (no PNP device found)
[    1.467473] Initialise system trusted keyrings
[    1.467485] Key type blacklist registered
[    1.467595] workingset: timestamp_bits=36 max_order=22 bucket_order=0
[    1.468636] zbud: loaded
[    1.469000] integrity: Platform Keyring initialized
[    1.476886] NET: Registered PF_ALG protocol family
[    1.476888] Key type asymmetric registered
[    1.476889] Asymmetric key parser 'x509' registered
[    1.476909] Block layer SCSI generic (bsg) driver version 0.4 loaded (major 246)
[    1.476967] io scheduler mq-deadline registered
[    1.476969] io scheduler kyber registered
[    1.476996] io scheduler bfq registered
[    1.477600] atomic64_test: passed for x86-64 platform with CX8 and with SSE
[    1.478406] pcieport 0000:00:06.0: PME: Signaling with IRQ 138
[    1.478663] pcieport 0000:00:07.0: PME: Signaling with IRQ 139
[    1.478677] pcieport 0000:00:07.0: pciehp: Slot #1 AttnBtn- PwrCtrl- MRL- AttnInd- PwrInd- HotPlug+ Surprise+ Interlock- NoCompl+ IbPresDis- LLActRep+
[    1.478934] pcieport 0000:00:07.1: PME: Signaling with IRQ 140
[    1.478946] pcieport 0000:00:07.1: pciehp: Slot #2 AttnBtn- PwrCtrl- MRL- AttnInd- PwrInd- HotPlug+ Surprise+ Interlock- NoCompl+ IbPresDis- LLActRep+
[    1.479187] pcieport 0000:00:1d.0: PME: Signaling with IRQ 141
[    1.479431] pcieport 0000:00:1d.1: PME: Signaling with IRQ 142
[    1.479539] shpchp: Standard Hot Plug PCI Controller Driver version: 0.4
[    1.479566] efifb: probing for efifb
[    1.479584] efifb: framebuffer at 0x4000000000, using 8100k, total 8100k
[    1.479585] efifb: mode is 1920x1080x32, linelength=7680, pages=1
[    1.479586] efifb: scrolling: redraw
[    1.479587] efifb: Truecolor: size=0:8:8:8, shift=0:16:8:0
[    1.479683] Console: switching to colour frame buffer device 240x67
[    1.482338] fb0: EFI VGA frame buffer device
[    1.482569] Monitor-Mwait will be used to enter C-1 state
[    1.482593] Monitor-Mwait will be used to enter C-2 state
[    1.482598] Monitor-Mwait will be used to enter C-3 state
[    1.482602] ACPI: \_SB_.PR00: Found 3 idle states
[    1.483208] ACPI: AC: AC Adapter [ADP1] (on-line)
[    1.483248] input: Lid Switch as /devices/LNXSYSTM:00/LNXSYBUS:00/PNP0A08:00/device:1c/PNP0C09:00/PNP0C0D:00/input/input0
[    1.483272] ACPI: button: Lid Switch [LID0]
[    1.483317] input: Power Button as /devices/LNXSYSTM:00/LNXSYBUS:00/PNP0C0C:00/input/input1
[    1.483332] ACPI: button: Power Button [PWRB]
[    1.483347] input: Sleep Button as /devices/LNXSYSTM:00/LNXSYBUS:00/PNP0C0E:00/input/input2
[    1.483355] ACPI: button: Sleep Button [SLPB]
[    1.483645] smpboot: Estimated ratio of average max frequency by base frequency (times 1024): 3723
[    1.509055] thermal LNXTHERM:00: registered as thermal_zone0
[    1.509058] ACPI: thermal: Thermal Zone [TZ00] (51 C)
[    1.509277] Serial: 8250/16550 driver, 4 ports, IRQ sharing enabled
[    1.509451] ACPI: battery: Slot [BAT0] (battery present)
[    1.509457] serial8250: ttyS0 at I/O 0x3f8 (irq = 4, base_baud = 115200) is a 16550A
[    1.509528] ACPI: battery: Slot [BAT1] (battery absent)
[    1.509598] ACPI: battery: Slot [BAT2] (battery absent)
[    1.509859] serial 0000:00:16.3: enabling device (0000 -> 0003)
[    1.510219] 0000:00:16.3: ttyS1 at I/O 0x3060 (irq = 19, base_baud = 115200) is a 16550A
[    1.510505] Non-volatile memory driver v1.3
[    1.519161] rdac: device handler registered
[    1.519340] hp_sw: device handler registered
[    1.519342] emc: device handler registered
[    1.519405] alua: device handler registered
[    1.519491] libphy: Fixed MDIO Bus: probed
[    1.519522] ehci_hcd: USB 2.0 'Enhanced' Host Controller (EHCI) Driver
[    1.519524] ehci-pci: EHCI PCI platform driver
[    1.519532] ohci_hcd: USB 1.1 'Open' Host Controller (OHCI) Driver
[    1.519533] ohci-pci: OHCI PCI platform driver
[    1.519538] uhci_hcd: USB Universal Host Controller Interface driver
[    1.519592] xhci_hcd 0000:00:0d.0: xHCI Host Controller
[    1.519611] xhci_hcd 0000:00:0d.0: new USB bus registered, assigned bus number 1
[    1.520695] xhci_hcd 0000:00:0d.0: hcc params 0x20007fc1 hci version 0x120 quirks 0x0000000200009810
[    1.520816] usb usb1: New USB device found, idVendor=1d6b, idProduct=0002, bcdDevice= 5.14
[    1.520818] usb usb1: New USB device strings: Mfr=3, Product=2, SerialNumber=1
[    1.520819] usb usb1: Product: xHCI Host Controller
[    1.520820] usb usb1: Manufacturer: Linux 5.14.0-83.el9.x86_64 xhci-hcd
[    1.520821] usb usb1: SerialNumber: 0000:00:0d.0
[    1.520889] hub 1-0:1.0: USB hub found
[    1.520896] hub 1-0:1.0: 1 port detected
[    1.520997] xhci_hcd 0000:00:0d.0: xHCI Host Controller
[    1.521019] xhci_hcd 0000:00:0d.0: new USB bus registered, assigned bus number 2
[    1.521021] xhci_hcd 0000:00:0d.0: Host supports USB 3.2 Enhanced SuperSpeed
[    1.521045] usb usb2: New USB device found, idVendor=1d6b, idProduct=0003, bcdDevice= 5.14
[    1.521046] usb usb2: New USB device strings: Mfr=3, Product=2, SerialNumber=1
[    1.521048] usb usb2: Product: xHCI Host Controller
[    1.521048] usb usb2: Manufacturer: Linux 5.14.0-83.el9.x86_64 xhci-hcd
[    1.521049] usb usb2: SerialNumber: 0000:00:0d.0
[    1.521097] hub 2-0:1.0: USB hub found
[    1.521105] hub 2-0:1.0: 2 ports detected
[    1.521729] xhci_hcd 0000:00:14.0: xHCI Host Controller
[    1.521749] xhci_hcd 0000:00:14.0: new USB bus registered, assigned bus number 3
[    1.522967] xhci_hcd 0000:00:14.0: hcc params 0x20007fc1 hci version 0x120 quirks 0x0000000000009810
[    1.523259] usb usb3: New USB device found, idVendor=1d6b, idProduct=0002, bcdDevice= 5.14
[    1.523260] usb usb3: New USB device strings: Mfr=3, Product=2, SerialNumber=1
[    1.523261] usb usb3: Product: xHCI Host Controller
[    1.523262] usb usb3: Manufacturer: Linux 5.14.0-83.el9.x86_64 xhci-hcd
[    1.523263] usb usb3: SerialNumber: 0000:00:14.0
[    1.523315] hub 3-0:1.0: USB hub found
[    1.523341] hub 3-0:1.0: 12 ports detected
[    1.524250] xhci_hcd 0000:00:14.0: xHCI Host Controller
[    1.524271] xhci_hcd 0000:00:14.0: new USB bus registered, assigned bus number 4
[    1.524272] xhci_hcd 0000:00:14.0: Host supports USB 3.1 Enhanced SuperSpeed
[    1.524304] usb usb4: New USB device found, idVendor=1d6b, idProduct=0003, bcdDevice= 5.14
[    1.524306] usb usb4: New USB device strings: Mfr=3, Product=2, SerialNumber=1
[    1.524307] usb usb4: Product: xHCI Host Controller
[    1.524307] usb usb4: Manufacturer: Linux 5.14.0-83.el9.x86_64 xhci-hcd
[    1.524308] usb usb4: SerialNumber: 0000:00:14.0
[    1.524353] hub 4-0:1.0: USB hub found
[    1.524373] hub 4-0:1.0: 4 ports detected
[    1.524672] usb: port power management may be unreliable
[    1.524751] usbcore: registered new interface driver usbserial_generic
[    1.524755] usbserial: USB Serial support registered for generic
[    1.555452] i8042: PNP: No PS/2 controller found.
[    1.555487] mousedev: PS/2 mouse device common for all mice
[    1.555730] rtc_cmos rtc_cmos: RTC can wake from S4
[    1.557182] rtc_cmos rtc_cmos: registered as rtc0
[    1.557511] rtc_cmos rtc_cmos: setting system clock to 2022-05-18T14:24:51 UTC (1652883891)
[    1.557526] rtc_cmos rtc_cmos: alarms up to one month, y3k, 114 bytes nvram
[    1.558146] intel_pstate: Intel P-state driver initializing
[    1.561592] intel_pstate: HWP enabled
[    1.561869] hid: raw HID events driver (C) Jiri Kosina
[    1.561900] usbcore: registered new interface driver usbhid
[    1.561900] usbhid: USB HID core driver
[    1.561949] drop_monitor: Initializing network drop monitor service
[    1.562015] Initializing XFRM netlink socket
[    1.562093] NET: Registered PF_INET6 protocol family
[    1.562396] Segment Routing with IPv6
[    1.562408] NET: Registered PF_PACKET protocol family
[    1.562454] mpls_gso: MPLS GSO support
[    1.563377] microcode: sig=0x906a4, pf=0x80, revision=0x40c
[    1.563826] microcode: Microcode Update Driver: v2.2.
[    1.564134] resctrl: L2 allocation detected
[    1.564135] resctrl: L2DATA allocation detected
[    1.564135] resctrl: L2CODE allocation detected
[    1.564138] IPI shorthand broadcast: enabled
[    1.564144] AVX2 version of gcm_enc/dec engaged.
[    1.565150] AES CTR mode by8 optimization enabled
[    1.565340] sched_clock: Marking stable (1553366948, 11966176)->(1577899066, -12565942)
[    1.565957] registered taskstats version 1
[    1.566551] Loading compiled-in X.509 certificates
[    1.592113] Loaded X.509 cert 'Red Hat Enterprise Linux kernel signing key: cf2f159f15b8729a926fd5186e88f15ec5b75df2'
[    1.614470] Loaded X.509 cert 'Red Hat Enterprise Linux Driver Update Program (key 3): bf57f3e87362bc7229d9f465321773dfd1f77a80'
[    1.614658] Loaded X.509 cert 'Red Hat Enterprise Linux kpatch signing key: 4d38fd864ebe18c5f0b72e3852e2014c3a676fc8'
[    1.614868] zswap: loaded using pool lzo/zbud
[    1.617336] page_owner is disabled
[    1.617374] Key type big_key registered
[    1.621447] Key type trusted registered
[    1.622777] Key type encrypted registered
[    1.622782] ima: secureboot mode unknown, no efi
[    1.622788] Loading compiled-in module X.509 certificates
[    1.623054] Loaded X.509 cert 'Red Hat Enterprise Linux kernel signing key: cf2f159f15b8729a926fd5186e88f15ec5b75df2'
[    1.623057] ima: Allocated hash algorithm: sha256
[    1.668140] ima: No architecture policies found
[    1.668156] evm: Initialising EVM extended attributes:
[    1.668156] evm: security.selinux
[    1.668157] evm: security.SMACK64 (disabled)
[    1.668157] evm: security.SMACK64EXEC (disabled)
[    1.668158] evm: security.SMACK64TRANSMUTE (disabled)
[    1.668158] evm: security.SMACK64MMAP (disabled)
[    1.668158] evm: security.apparmor (disabled)
[    1.668158] evm: security.ima
[    1.668158] evm: security.capability
[    1.668159] evm: HMAC attrs: 0x1
[    1.721215] usb 4-2: new SuperSpeed USB device number 2 using xhci_hcd
[    1.743586] usb 4-2: New USB device found, idVendor=0bda, idProduct=0411, bcdDevice= 1.04
[    1.743588] usb 4-2: New USB device strings: Mfr=1, Product=2, SerialNumber=0
[    1.743590] usb 4-2: Product: 4-Port USB 3.0 Hub
[    1.743591] usb 4-2: Manufacturer: Generic
[    1.748456] hub 4-2:1.0: USB hub found
[    1.749377] hub 4-2:1.0: 4 ports detected
[    1.757852] Freeing unused decrypted memory: 2036K
[    1.758328] Freeing unused kernel image (initmem) memory: 2552K
[    1.761922] Write protecting the kernel read-only data: 26624k
[    1.762916] Freeing unused kernel image (text/rodata gap) memory: 2036K
[    1.763507] Freeing unused kernel image (rodata/data gap) memory: 1180K
[    1.768457] x86/mm: Checked W+X mappings: passed, no W+X pages found.
[    1.768464] Run /init as init process
[    1.768465]   with arguments:
[    1.768466]     /init
[    1.768467]     rhgb
[    1.768467]   with environment:
[    1.768468]     HOME=/
[    1.768468]     TERM=linux
[    1.768468]     intel_iommu=on
[    1.773286] systemd[1]: systemd 250-6.el9_0 running in system mode (+PAM +AUDIT +SELINUX -APPARMOR +IMA +SMACK +SECCOMP +GCRYPT +GNUTLS +OPENSSL +ACL +BLKID +CURL +ELFUTILS -FIDO2 +IDN2 -IDN -IPTC +KMOD +LIBCRYPTSETUP +LIBFDISK +PCRE2 -PWQUALITY +P11KIT -QRENCODE +BZIP2 +LZ4 +XZ +ZLIB +ZSTD -BPF_FRAMEWORK +XKBCOMMON +UTMP +SYSVINIT default-hierarchy=unified)
[    1.785079] systemd[1]: Detected architecture x86-64.
[    1.785081] systemd[1]: Running in initial RAM disk.
[    1.785099] systemd[1]: No hostname configured, using default hostname.
[    1.785127] systemd[1]: Hostname set to <localhost>.
[    1.831237] systemd[1]: Queued start job for default target Initrd Default Target.
[    1.832403] systemd[1]: Created slice Slice /system/systemd-hibernate-resume.
[    1.832453] systemd[1]: Reached target Initrd /usr File System.
[    1.832466] systemd[1]: Reached target Slice Units.
[    1.832472] systemd[1]: Reached target Swaps.
[    1.832477] systemd[1]: Reached target Timer Units.
[    1.832526] systemd[1]: Listening on D-Bus System Message Bus Socket.
[    1.832563] systemd[1]: Listening on Journal Socket (/dev/log).
[    1.832594] systemd[1]: Listening on Journal Socket.
[    1.832631] systemd[1]: Listening on udev Control Socket.
[    1.832656] systemd[1]: Listening on udev Kernel Socket.
[    1.832661] systemd[1]: Reached target Socket Units.
[    1.833056] systemd[1]: Starting Create List of Static Device Nodes...
[    1.834875] systemd[1]: Starting Journal Service...
[    1.835226] systemd[1]: Starting Load Kernel Modules...
[    1.835263] systemd[1]: Create System Users was skipped because of a failed condition check (ConditionNeedsUpdate=/etc).
[    1.835600] systemd[1]: Starting Setup Virtual Console...
[    1.835971] systemd[1]: Finished Create List of Static Device Nodes.
[    1.836380] systemd[1]: Starting Create Static Device Nodes in /dev...
[    1.839051] systemd[1]: Finished Create Static Device Nodes in /dev.
[    1.846896] fuse: init (API version 7.34)
[    1.850127] IPMI message handler: version 39.2
[    1.851315] ipmi device interface
[    1.851949] systemd[1]: Finished Load Kernel Modules.
[    1.852459] systemd[1]: Starting Apply Kernel Variables...
[    1.853058] usb 3-3: new full-speed USB device number 2 using xhci_hcd
[    1.855297] systemd[1]: Finished Apply Kernel Variables.
[    1.863612] systemd[1]: Started Journal Service.
[    1.982794] usb 3-3: New USB device found, idVendor=8087, idProduct=0032, bcdDevice= 0.00
[    1.982800] usb 3-3: New USB device strings: Mfr=0, Product=0, SerialNumber=0
[    1.983354] device-mapper: core: CONFIG_IMA_DISABLE_HTABLE is disabled. Duplicate IMA measurements will not be recorded in the IMA log.
[    1.983376] device-mapper: uevent: version 1.0.3
[    1.983449] device-mapper: ioctl: 4.45.0-ioctl (2021-03-22) initialised: dm-devel@redhat.com
[    2.102165] usb 3-6: new high-speed USB device number 3 using xhci_hcd
[    2.123191] acpi PNP0C14:01: duplicate WMI GUID 05901221-D566-11D1-B2F0-00A0C9062910 (first instance was on PNP0C14:00)
[    2.138710] Intel(R) 2.5G Ethernet Linux Driver
[    2.138717] Copyright(c) 2018 Intel Corporation.
[    2.139398] igc 0000:56:00.0: PCIe PTM not supported by PCIe bus/controller
[    2.166763] nvme 0000:01:00.0: platform quirk: setting simple suspend
[    2.166914] nvme nvme0: pci function 0000:01:00.0
[    2.185230] nvme nvme0: 8/0/0 default/read/poll queues
[    2.186977]  nvme0n1: p1 p2 p3
[    2.194367] pps pps0: new PPS source ptp0
[    2.194422] igc 0000:56:00.0 (unnamed net_device) (uninitialized): PHC added
[    2.238326] usb 3-6: New USB device found, idVendor=0bda, idProduct=5411, bcdDevice= 1.04
[    2.238708] usb 3-6: New USB device strings: Mfr=1, Product=2, SerialNumber=0
[    2.238710] usb 3-6: Product: 4-Port USB 2.0 Hub
[    2.238712] usb 3-6: Manufacturer: Generic
[    2.242128] hub 3-6:1.0: USB hub found
[    2.243177] hub 3-6:1.0: 4 ports detected
[    2.255458] igc 0000:56:00.0: 4.000 Gb/s available PCIe bandwidth (5.0 GT/s PCIe x1 link)
[    2.255466] igc 0000:56:00.0 eth0: MAC: 24:5e:be:57:f0:c3
[    2.258206] igc 0000:56:00.0 enp86s0: renamed from eth0
[    2.447021] i915 0000:00:02.0: Your graphics device 46aa is not properly supported by the driver in this
               kernel version. To force driver probe anyway, use i915.force_probe=46aa
               module parameter or CONFIG_DRM_I915_FORCE_PROBE=46aa configuration option,
               or (recommended) check for kernel updates.
[    2.531913] usb 3-6.1: new low-speed USB device number 4 using xhci_hcd
[    2.627686] usb 3-6.1: New USB device found, idVendor=093a, idProduct=2510, bcdDevice= 1.00
[    2.627693] usb 3-6.1: New USB device strings: Mfr=1, Product=2, SerialNumber=0
[    2.627695] usb 3-6.1: Product: USB Optical Mouse
[    2.627696] usb 3-6.1: Manufacturer: PixA
[    2.637491] input: PixA USB Optical Mouse as /devices/pci0000:00/0000:00:14.0/usb3/3-6/3-6.1/3-6.1:1.0/0003:093A:2510.0001/input/input3
[    2.638532] hid-generic 0003:093A:2510.0001: input,hidraw0: USB HID v1.11 Mouse [PixA USB Optical Mouse] on usb-0000:00:14.0-6.1/input0
[    2.716958] usb 3-6.2: new low-speed USB device number 5 using xhci_hcd
[    2.811131] PM: Image not found (code -22)
[    2.816092] usb 3-6.2: New USB device found, idVendor=046d, idProduct=c31d, bcdDevice=66.01
[    2.816097] usb 3-6.2: New USB device strings: Mfr=1, Product=2, SerialNumber=0
[    2.816098] usb 3-6.2: Product: USB Keyboard
[    2.816099] usb 3-6.2: Manufacturer: Logitech
[    2.831058] input: Logitech USB Keyboard as /devices/pci0000:00/0000:00:14.0/usb3/3-6/3-6.2/3-6.2:1.0/0003:046D:C31D.0002/input/input4
[    2.885368] hid-generic 0003:046D:C31D.0002: input,hidraw1: USB HID v1.10 Keyboard [Logitech USB Keyboard] on usb-0000:00:14.0-6.2/input0
[    2.896781] input: Logitech USB Keyboard Consumer Control as /devices/pci0000:00/0000:00:14.0/usb3/3-6/3-6.2/3-6.2:1.1/0003:046D:C31D.0003/input/input5
[    2.949678] input: Logitech USB Keyboard System Control as /devices/pci0000:00/0000:00:14.0/usb3/3-6/3-6.2/3-6.2:1.1/0003:046D:C31D.0003/input/input6
[    2.950412] hid-generic 0003:046D:C31D.0003: input,hidraw2: USB HID v1.10 Device [Logitech USB Keyboard] on usb-0000:00:14.0-6.2/input1
[    3.225674] SGI XFS with ACLs, security attributes, scrub, quota, no debug enabled
[    3.232728] XFS (dm-0): Mounting V5 Filesystem
[    3.252074] XFS (dm-0): Ending clean mount
[    3.498834] systemd-journald[315]: Received SIGTERM from PID 1 (systemd).
[    3.536663] audit: type=1404 audit(1652883893.477:2): enforcing=1 old_enforcing=0 auid=4294967295 ses=4294967295 enabled=1 old-enabled=1 lsm=selinux res=1
[    3.591215] SELinux:  policy capability network_peer_controls=1
[    3.591226] SELinux:  policy capability open_perms=1
[    3.591228] SELinux:  policy capability extended_socket_class=1
[    3.591242] SELinux:  policy capability always_check_network=0
[    3.591242] SELinux:  policy capability cgroup_seclabel=1
[    3.591243] SELinux:  policy capability nnp_nosuid_transition=1
[    3.591243] SELinux:  policy capability genfs_seclabel_symlinks=0
[    3.640457] audit: type=1403 audit(1652883893.581:3): auid=4294967295 ses=4294967295 lsm=selinux res=1
[    3.645099] systemd[1]: Successfully loaded SELinux policy in 108.686ms.
[    3.675189] systemd[1]: Relabelled /dev, /dev/shm, /run, /sys/fs/cgroup in 21.936ms.
[    3.677825] systemd[1]: systemd 250-6.el9_0 running in system mode (+PAM +AUDIT +SELINUX -APPARMOR +IMA +SMACK +SECCOMP +GCRYPT +GNUTLS +OPENSSL +ACL +BLKID +CURL +ELFUTILS -FIDO2 +IDN2 -IDN -IPTC +KMOD +LIBCRYPTSETUP +LIBFDISK +PCRE2 -PWQUALITY +P11KIT -QRENCODE +BZIP2 +LZ4 +XZ +ZLIB +ZSTD -BPF_FRAMEWORK +XKBCOMMON +UTMP +SYSVINIT default-hierarchy=unified)
[    3.690155] systemd[1]: Detected architecture x86-64.
[    3.706428] systemd-rc-local-generator[704]: /etc/rc.d/rc.local is not marked executable, skipping.
[    3.819986] systemd[1]: initrd-switch-root.service: Deactivated successfully.
[    3.820095] systemd[1]: Stopped Switch Root.
[    3.820545] systemd[1]: systemd-journald.service: Scheduled restart job, restart counter is at 1.
[    3.820963] systemd[1]: Created slice Slice /system/getty.
[    3.821326] systemd[1]: Created slice Slice /system/modprobe.
[    3.821628] systemd[1]: Created slice Slice /system/sshd-keygen.
[    3.821922] systemd[1]: Created slice Slice /system/systemd-fsck.
[    3.822206] systemd[1]: Created slice User and Session Slice.
[    3.822243] systemd[1]: Dispatch Password Requests to Console Directory Watch was skipped because of a failed condition check (ConditionPathExists=!/run/plymouth/pid).
[    3.822388] systemd[1]: Started Forward Password Requests to Wall Directory Watch.
[    3.822835] systemd[1]: Set up automount Arbitrary Executable File Formats File System Automount Point.
[    3.822903] systemd[1]: Reached target Local Encrypted Volumes.
[    3.822925] systemd[1]: Reached target Login Prompts.
[    3.822950] systemd[1]: Stopped target Switch Root.
[    3.822972] systemd[1]: Stopped target Initrd File Systems.
[    3.822986] systemd[1]: Stopped target Initrd Root File System.
[    3.823001] systemd[1]: Reached target Local Integrity Protected Volumes.
[    3.823038] systemd[1]: Reached target Slice Units.
[    3.823072] systemd[1]: Reached target Local Verity Protected Volumes.
[    3.823514] systemd[1]: Listening on Device-mapper event daemon FIFOs.
[    3.825239] systemd[1]: Listening on LVM2 poll daemon socket.
[    3.825459] systemd[1]: multipathd control socket was skipped because of a failed condition check (ConditionPathExists=/etc/multipath.conf).
[    3.827555] systemd[1]: Listening on Process Core Dump Socket.
[    3.828010] systemd[1]: Listening on initctl Compatibility Named Pipe.
[    3.830032] systemd[1]: Listening on udev Control Socket.
[    3.830805] systemd[1]: Listening on udev Kernel Socket.
[    3.832612] systemd[1]: Activating swap /dev/mapper/rhel-swap...
[    3.835441] systemd[1]: Mounting Huge Pages File System...
[    3.837820] systemd[1]: Mounting POSIX Message Queue File System...
[    3.839477] systemd[1]: Mounting Kernel Debug File System...
[    3.839810] Adding 7884796k swap on /dev/mapper/rhel-swap.  Priority:-2 extents:1 across:7884796k SSFS
[    3.841235] systemd[1]: Mounting Kernel Trace File System...
[    3.844947] systemd[1]: Starting Create List of Static Device Nodes...
[    3.847003] systemd[1]: Starting Monitoring of LVM2 mirrors, snapshots etc. using dmeventd or progress polling...
[    3.849146] systemd[1]: Starting Load Kernel Module configfs...
[    3.851328] systemd[1]: Starting Load Kernel Module drm...
[    3.853543] systemd[1]: Starting Load Kernel Module fuse...
[    3.856265] systemd[1]: Starting Read and set NIS domainname from /etc/sysconfig/network...
[    3.856475] systemd[1]: plymouth-switch-root.service: Deactivated successfully.
[    3.856587] systemd[1]: Stopped Plymouth switch root service.
[    3.856834] systemd[1]: systemd-fsck-root.service: Deactivated successfully.
[    3.856945] systemd[1]: Stopped File System Check on Root Device.
[    3.857172] systemd[1]: Stopped Journal Service.
[    3.863449] systemd[1]: Starting Journal Service...
[    3.866502] systemd[1]: Starting Load Kernel Modules...
[    3.868450] systemd[1]: Starting Generate network units from Kernel command line...
[    3.870422] systemd[1]: Starting Remount Root and Kernel File Systems...
[    3.870641] systemd[1]: Repartition Root Disk was skipped because all trigger condition checks failed.
[    3.872376] systemd[1]: Starting Coldplug All udev Devices...
[    3.877360] systemd[1]: Activated swap /dev/mapper/rhel-swap.
[    3.879576] systemd[1]: Mounted Huge Pages File System.
[    3.879844] systemd[1]: Mounted POSIX Message Queue File System.
[    3.880072] systemd[1]: Mounted Kernel Debug File System.
[    3.880265] systemd[1]: Mounted Kernel Trace File System.
[    3.880927] systemd[1]: Finished Create List of Static Device Nodes.
[    3.881391] systemd[1]: modprobe@configfs.service: Deactivated successfully.
[    3.881572] systemd[1]: Finished Load Kernel Module configfs.
[    3.881907] systemd[1]: modprobe@drm.service: Deactivated successfully.
[    3.882046] systemd[1]: Finished Load Kernel Module drm.
[    3.882563] systemd[1]: modprobe@fuse.service: Deactivated successfully.
[    3.882773] systemd[1]: Finished Load Kernel Module fuse.
[    3.883709] systemd[1]: Finished Read and set NIS domainname from /etc/sysconfig/network.
[    3.884426] systemd[1]: Finished Load Kernel Modules.
[    3.885043] systemd[1]: Finished Generate network units from Kernel command line.
[    3.885356] systemd[1]: Reached target Swaps.
[    3.887557] systemd[1]: Mounting FUSE Control File System...
[    3.889663] systemd[1]: Mounting Kernel Configuration File System...
[    3.891850] systemd[1]: Starting Apply Kernel Variables...
[    3.893999] systemd[1]: Started Journal Service.
[    3.908333] systemd-journald[725]: Received client request to flush runtime journal.
[    4.607458] intel_pmc_core INT33A1:00:  initialized
[    4.621925] input: Intel HID events as /devices/platform/INTC1070:00/input/input7
[    4.622092] intel-hid INTC1070:00: platform supports 5 button array
[    4.622115] input: Intel HID 5 button array as /devices/platform/INTC1070:00/input/input8
[    4.809832] resource sanity check: requesting [mem 0xfedc0000-0xfedcffff], which spans more than pnp 00:03 [mem 0xfedc0000-0xfedc7fff]
[    4.809840] caller igen6_probe+0x163/0x530 [igen6_edac] mapping multiple BARs
[    4.809938] EDAC MC0: Giving out device to module igen6_edac controller Intel_client_SoC MC#0: DEV 0000:00:00.0 (INTERRUPT)
[    4.810002] EDAC MC1: Giving out device to module igen6_edac controller Intel_client_SoC MC#1: DEV 0000:00:00.0 (INTERRUPT)
[    4.810052] EDAC igen6 MC1: HANDLING IBECC MEMORY ERROR
[    4.810054] EDAC igen6 MC1: ADDR 0x2fd3d0040 
[    4.810057] EDAC MC1: 1 CE on MC#1_Chan#0_DIMM#1 (channel:0 slot:1 page:0x2fd3d0 offset:0x40 grain:64 syndrome:0x1)
[    4.810061] EDAC igen6 MC0: HANDLING IBECC MEMORY ERROR
[    4.810062] EDAC igen6 MC0: ADDR 0x480240040 
[    4.810064] EDAC MC0: 1 CE on MC#0_Chan#0_DIMM#0 (channel:0 slot:0 page:0x480240 offset:0x40 grain:64 syndrome:0x1)
[    4.810067] mce: [Hardware Error]: Machine check events logged
[    4.810146] EDAC igen6: v2.5
[    4.837661] proc_thermal_pci 0000:00:04.0: enabling device (0000 -> 0002)
[    4.838695] intel_rapl_common: Found RAPL domain package
[    4.870638] Bluetooth: Core ver 2.22
[    4.870685] NET: Registered PF_BLUETOOTH protocol family
[    4.870686] Bluetooth: HCI device and connection manager initialized
[    4.870693] Bluetooth: HCI socket layer initialized
[    4.870696] Bluetooth: L2CAP socket layer initialized
[    4.870700] Bluetooth: SCO socket layer initialized
[    4.897321] usbcore: registered new interface driver btusb
[    4.900415] Bluetooth: hci0: Firmware timestamp 2021.51 buildtype 1 build 36030
[    4.947125] mei_me 0000:00:16.0: enabling device (0000 -> 0002)
[    4.950931] intel-lpss 0000:00:15.0: enabling device (0000 -> 0002)
[    4.951858] idma64 idma64.0: Found Intel integrated DMA 64-bit
[    4.952013] Bluetooth: hci0: Found device firmware: intel/ibt-0041-0041.sfi
[    4.952171] Bluetooth: hci0: Boot Address: 0x100800
[    4.952174] Bluetooth: hci0: Firmware Version: 190-51.21
[    4.952176] Bluetooth: hci0: Firmware already loaded
[    4.953921] i801_smbus 0000:00:1f.4: enabling device (0000 -> 0003)
[    4.954307] i801_smbus 0000:00:1f.4: SPD Write Disable is set
[    4.954409] i801_smbus 0000:00:1f.4: SMBus using PCI interrupt
[    4.962544] i2c i2c-0: 8/8 memory slots populated (from DMI)
[    4.962549] i2c i2c-0: Systems with more than 4 memory slots not supported yet, not instantiating SPD
[    4.963986] intel-lpss 0000:00:15.1: enabling device (0000 -> 0002)
[    4.965245] idma64 idma64.1: Found Intel integrated DMA 64-bit
[    4.978060] intel-lpss 0000:00:19.0: enabling device (0000 -> 0002)
[    4.980339] idma64 idma64.2: Found Intel integrated DMA 64-bit
[    4.993952] intel-lpss 0000:00:19.1: enabling device (0000 -> 0002)
[    4.994753] idma64 idma64.3: Found Intel integrated DMA 64-bit
[    5.002427] cfg80211: Loading compiled-in X.509 certificates for regulatory database
[    5.003059] cfg80211: Loaded X.509 cert 'sforshee: 00b28ddf47aef9cea7'
[    5.007073] intel-lpss 0000:00:1e.0: enabling device (0000 -> 0002)
[    5.008025] idma64 idma64.4: Found Intel integrated DMA 64-bit
[    5.008492] dw-apb-uart.4: ttyS2 at MMIO 0x4017005000 (irq = 16, base_baud = 6250000) is a 16550A
[    5.020944] intel-lpss 0000:00:1e.3: enabling device (0000 -> 0002)
[    5.022252] idma64 idma64.5: Found Intel integrated DMA 64-bit
[    5.024904] Intel(R) Wireless WiFi driver for Linux
[    5.025265] iwlwifi 0000:57:00.0: enabling device (0000 -> 0002)
[    5.063759] snd_hda_intel 0000:00:1f.3: DSP detected with PCI class/subclass/prog-if info 0x040100
[    5.063800] snd_hda_intel 0000:00:1f.3: SoundWire enabled on CannonLake+ platform, using SOF driver
[    5.095677] iwlwifi 0000:57:00.0: api flags index 2 larger than supported by driver
[    5.095708] iwlwifi 0000:57:00.0: TLV_FW_FSEQ_VERSION: FSEQ Version: 0.0.2.34
[    5.096248] iwlwifi 0000:57:00.0: loaded firmware version 67.8f59b80b.0 ty-a0-gf-a0-67.ucode op_mode iwlmvm
[    5.213933] sof-audio-pci-intel-tgl 0000:00:1f.3: DSP detected with PCI class/subclass/prog-if info 0x040100
[    5.229005] sof-audio-pci-intel-tgl 0000:00:1f.3: SoundWire enabled on CannonLake+ platform, using SOF driver
[    5.229045] sof-audio-pci-intel-tgl 0000:00:1f.3: enabling device (0000 -> 0002)
[    5.230648] iwlwifi 0000:57:00.0: Detected Intel(R) Wi-Fi 6 AX210 160MHz, REV=0x420
[    5.230731] sof-audio-pci-intel-tgl 0000:00:1f.3: DSP detected with PCI class/subclass/prog-if 0x040100
[    5.236478] thermal thermal_zone4: failed to read out thermal zone (-61)
[    5.236489] iwlwifi 0000:57:00.0: WRT: Failed to set DRAM buffer for alloc id 1, ret=-1
[    5.236492] iwlwifi 0000:57:00.0: WRT: Failed to set DRAM buffer for alloc id 2, ret=-1
[    5.236493] iwlwifi 0000:57:00.0: WRT: Failed to set DRAM buffer for alloc id 3, ret=-1
[    5.393171] iwlwifi 0000:57:00.0: loaded PNVM version dda57f4f
[    5.404701] iwlwifi 0000:57:00.0: Detected RF GF, rfid=0x10d000
[    5.474505] iwlwifi 0000:57:00.0: base HW address: e8:84:a5:2c:1e:bf
[    5.830840] input: PC Speaker as /devices/platform/pcspkr/input/input9
[    5.854464] perf uncore: Cannot find matched IMC device.
[    5.854475] perf uncore: Cannot find matched IMC device.
[    5.858195] RAPL PMU: API unit is 2^-32 Joules, 4 fixed counters, 655360 ms ovfl timer
[    5.858199] RAPL PMU: hw unit of domain pp0-core 2^-14 Joules
[    5.858200] RAPL PMU: hw unit of domain package 2^-14 Joules
[    5.858200] RAPL PMU: hw unit of domain pp1-gpu 2^-14 Joules
[    5.858201] RAPL PMU: hw unit of domain psys 2^-14 Joules
[    6.240099] ppdev: user-space parallel port driver
[    6.252761] intel_rapl_common: Found RAPL domain package
[    6.252771] intel_rapl_common: Found RAPL domain core
[    6.252773] intel_rapl_common: Found RAPL domain uncore
[    6.252776] intel_rapl_common: Found RAPL domain psys
[    6.257993] iTCO_vendor_support: vendor-support=0
[    6.260854] iTCO_wdt iTCO_wdt: Found a Intel PCH TCO device (Version=6, TCOBASE=0x0400)
[    6.261567] iTCO_wdt iTCO_wdt: initialized. heartbeat=30 sec (nowayout=0)
[    6.299388] iwlwifi 0000:57:00.0 wlp87s0: renamed from wlan0
[    6.913328] XFS (dm-2): Mounting V5 Filesystem
[    6.913422] XFS (nvme0n1p2): Mounting V5 Filesystem
[    6.924029] XFS (nvme0n1p2): Ending clean mount
[    6.944402] XFS (dm-2): Ending clean mount
[    7.202925] Bluetooth: BNEP (Ethernet Emulation) ver 1.3
[    7.202934] Bluetooth: BNEP filters: protocol multicast
[    7.202943] Bluetooth: BNEP socket layer initialized
[    7.299878] NET: Registered PF_QIPCRTR protocol family
[    7.689414] iwlwifi 0000:57:00.0: WRT: Failed to set DRAM buffer for alloc id 1, ret=-1
[    7.689421] iwlwifi 0000:57:00.0: WRT: Failed to set DRAM buffer for alloc id 2, ret=-1
[    7.689422] iwlwifi 0000:57:00.0: WRT: Failed to set DRAM buffer for alloc id 3, ret=-1
[    7.963104] iwlwifi 0000:57:00.0: WRT: Failed to set DRAM buffer for alloc id 1, ret=-1
[    7.963111] iwlwifi 0000:57:00.0: WRT: Failed to set DRAM buffer for alloc id 2, ret=-1
[    7.963114] iwlwifi 0000:57:00.0: WRT: Failed to set DRAM buffer for alloc id 3, ret=-1
[    9.311080] igc 0000:56:00.0 enp86s0: NIC Link is Up 100 Mbps Full Duplex, Flow Control: RX
[    9.311177] IPv6: ADDRCONF(NETDEV_CHANGE): enp86s0: link becomes ready
[   15.669604] No UUID available providing old NGUID
[   15.676619] No UUID available providing old NGUID
[   26.952478] Bluetooth: RFCOMM TTY layer initialized
[   26.952485] Bluetooth: RFCOMM socket layer initialized
[   26.952527] Bluetooth: RFCOMM ver 1.11
[   26.993852] rfkill: input handler disabled
