DebugModeIndicator = 1
Disabling CR4.SMXE...
SmBiosSendDataInfoCommandToBMC(): BMC Send Data Info Command Failed.
SmBiosSendDataInfoCommandToBMC(): BMC Send Data Info Command Failed.
SmBiosSendDataInfoCommandToBMC(): BMC Send Data Info Command Failed.
SmBiosSendDataRegionStatusCommandToBMC(): BMC Data Region Status Command Failed.
SmBiosSendDataRegionLockCommandToBMC(): BMC Data Region Lock Command Failed.
SmBiosSendDataRegionLockCommandToBMC(): BMC Data Region Lock Command Failed.
SmBiosSendDataRegionLockCommandToBMC(): BMC Data Region Lock Command Failed.
SmBiosSendDataRegionLockCommandToBMC(): BMC Data Region Lock Command Failed.
SmBiosSendDataRegionLockCommandToBMC(): BMC Data Region Lock Command Failed.
SmBiosSendDataRegionLockCommandToBMC(): BMC Data Region Lock Command Failed.
SmBiosSendDataRegionLockCommandToBMC(): BMC Data Region Lock Command Failed.
SmBiosSendDataRegionLockCommandToBMC(): BMC Data Region Lock Command Failed.
SmBiosSendDataRegionLockCommandToBMC(): BMC Data Region Lock Command Failed.
SmBiosSendDataRegionLockCommandToBMC(): BMC Data Region Lock Command Failed.
[HECI Transport-1 DXE] Send pkt: 80040007
00: FF 0C 00 00 
[HECI Transport-1 DXE] Got pkt: 80080007
00: FF 8C 00 00 00 00 00 00 
IioSecureOnOnReadyToBoot...
IOAT_INIT_READY_TO_BOOT_START
IOAT_INIT_READY_TO_BOOT_END
IOAT_INIT_READY_TO_BOOT_START
IOAT_INIT_READY_TO_BOOT_END
IOAT_INIT_READY_TO_BOOT_START
Loading tboot 1.10.5 ...
Loading Linux 5.14.0-92.el9.x86_64 ...
Loading initial ramdisk ...
IioSecureOnExitBootServices...
SmmInstallProtocolInterface: 296EB418-C4C8-4E05-AB59-39E8AF56F00A 0
EnablePatrolScrubatEndofPostCallback Exit 
PROGRESS CODE: V03101019 I0
TBOOT: IA32_FEATURE_CONTROL_MSR: 0030ff07
TBOOT: CPU is SMX-capable
TBOOT: SMX is enabled
TBOOT: ERR: TXT-capable chipset not present
TBOOT: IA32_FEATURE_CONTROL_MSR: 0030ff07
TBOOT: CPU is SMX-capable
TBOOT: CPU is VMX-capable
TBOOT: SMX is enabled
TBOOT: ERR: TXT-capable chipset not present
TBOOT: Framebuffer info:
TBOOT:     address: 0xa4000000
TBOOT:     pitch: 3200
TBOOT:     width: 800
TBOOT:     height: 600
TBOOT:     bpp: 32
TBOOT:     type: 1
TBOOT: *********************** TBOOT ***********************
TBOOT:    2022-03-04 12:00 +0100 1.10.5
TBOOT: *****************************************************
TBOOT: command line: logging=serial,memory,vga
TBOOT: IA32_FEATURE_CONTROL_MSR: 0030ff07
TBOOT: CPU is SMX-capable
TBOOT: CPU is VMX-capable
TBOOT: SMX is enabled
TBOOT: ERR: TXT-capable chipset not present
TBOOT: IA32_FEATURE_CONTROL_MSR: 0030ff07
TBOOT: CPU is SMX-capable
TBOOT: CPU is VMX-capable
TBOOT: SMX is enabled
TBOOT: ERR: TXT-capable chipset not present
TBOOT: BSP is cpu 0
TBOOT: original e820 map:
TBOOT:  0000000000000000 - 000000000009f000  (1)
TBOOT:  000000000009f000 - 0000000000100000  (2)
TBOOT:  0000000000100000 - 0000000072ee0000  (1)
TBOOT:  0000000072ee0000 - 0000000073031000  (2)
TBOOT:  0000000073031000 - 00000000732c1000  (20)
TBOOT:  00000000732c1000 - 0000000074f77000  (2)
TBOOT:  0000000074f77000 - 00000000772b4000  (4)
TBOOT:  00000000772b4000 - 00000000777ff000  (3)
TBOOT:  00000000777ff000 - 0000000077800000  (1)
TBOOT:  0000000077800000 - 00000000a0000000  (2)
TBOOT:  00000000fe010000 - 00000000fe011000  (2)
TBOOT:  0000000100000000 - 0000004080000000  (1)
TBOOT: checking if module  is an SINIT for this platform...
TBOOT:   ACM size mismatch: acmod_size=63b4200, acm_hdr->size*4=c0c0c0c0
TBOOT: no SINIT AC module found
TBOOT: TXT.SINIT.BASE: 0x0
TBOOT: TXT.SINIT.SIZE: 0x0 (0)
TBOOT: SINIT ACM not provided.
TBOOT: reserving tboot memory log (60000 - 67fff) in e820 table
TBOOT: no LCP module found
TBOOT: ELF magic number is not matched, image is not ELF format.
TBOOT: assuming kernel is Linux format
TBOOT: get_highest_sized_ram: size 63b4200 -> base 4603c000, size 18cc9000
TBOOT: Initrd from 0x58950000 to 0x5ed04200
TBOOT: Kernel (protected mode) from 0x2c00000 to 0x36b1e18
TBOOT: Kernel (real mode) from 0x90000 to 0x93e00
TBOOT: Linux cmdline from 0x98d00 to 0x99100:
TBOOT:  root=/dev/mapper/rhel_icx04-root ro crashkernel=1G-4G:192M,4G-64G:256M
TBOOT:  ,64G-:512M resume=/dev/mapper/rhel_icx04-swap rd.lvm.lv=rhel_icx04/roo
TBOOT:  t rd.lvm.lv=rhel_icx04/swap rhgb quiet intel_iommu=off intremap=off in
TBOOT:  tel_iommu=on noefi
TBOOT: EFI memmap: memmap base: 0x69808, memmap size: 0x3b70
TBOOT: EFI memmap: descr size: 0x30, descr version: 0x1
TBOOT: transfering control to kernel @0x2c00000...

[    0.000000] Linux version 5.14.0-92.el9.x86_64 (mockbuild@x86-vm-08.build.eng.bos.redhat.com) (gcc (GCC) 11.3.1 20220421 (Red Hat 11.3.1-2), GNU ld version 2.35.2-19.el9) #1 SMP PREEMPT_DYNAMIC Sat May 14 10:19:29 EDT 2022
[    0.000000] The list of certified hardware and cloud instances for Red Hat Enterprise Linux 9 can be viewed at the Red Hat Ecosystem Catalog, https://catalog.redhat.com.
[    0.000000] Command line: root=/dev/mapper/rhel_icx04-root ro crashkernel=1G-4G:192M,4G-64G:256M,64G-:512M resume=/dev/mapper/rhel_icx04-swap rd.lvm.lv=rhel_icx04/root rd.lvm.lv=rhel_icx04/swap rhgb quiet intel_iommu=off intremap=off intel_iommu=on noefi
[    0.000000] x86/split lock detection: #AC: crashing the kernel on kernel split_locks and warning on user-space split_locks
[    0.000000] x86/fpu: Supporting XSAVE feature 0x001: 'x87 floating point registers'
[    0.000000] x86/fpu: Supporting XSAVE feature 0x002: 'SSE registers'
[    0.000000] x86/fpu: Supporting XSAVE feature 0x004: 'AVX registers'
[    0.000000] x86/fpu: Supporting XSAVE feature 0x020: 'AVX-512 opmask'
[    0.000000] x86/fpu: Supporting XSAVE feature 0x040: 'AVX-512 Hi256'
[    0.000000] x86/fpu: Supporting XSAVE feature 0x080: 'AVX-512 ZMM_Hi256'
[    0.000000] x86/fpu: Supporting XSAVE feature 0x200: 'Protection Keys User registers'
[    0.000000] x86/fpu: Supporting XSAVE feature 0x400: 'PASID state'
[    0.000000] x86/fpu: Supporting XSAVE feature 0x20000: 'AMX Tile config'
[    0.000000] x86/fpu: Supporting XSAVE feature 0x40000: 'AMX Tile data'
[    0.000000] x86/fpu: xstate_offset[2]:  576, xstate_sizes[2]:  256
[    0.000000] x86/fpu: xstate_offset[5]:  832, xstate_sizes[5]:   64
[    0.000000] x86/fpu: xstate_offset[6]:  896, xstate_sizes[6]:  512
[    0.000000] x86/fpu: xstate_offset[7]: 1408, xstate_sizes[7]: 1024
[    0.000000] x86/fpu: xstate_offset[9]: 2432, xstate_sizes[9]:    8
[    0.000000] x86/fpu: xstate_offset[10]: 2440, xstate_sizes[10]:    8
[    0.000000] x86/fpu: xstate_offset[17]: 2496, xstate_sizes[17]:   64
[    0.000000] x86/fpu: xstate_offset[18]: 2560, xstate_sizes[18]: 8192
[    0.000000] x86/fpu: Enabled xstate features 0x606e7, context size is 10752 bytes, using 'compacted' format.
[    0.000000] signal: max sigframe size: 11952
[    0.000000] BIOS-provided physical RAM map:
[    0.000000] BIOS-e820: [mem 0x0000000000000000-0x000000000005ffff] usable
[    0.000000] BIOS-e820: [mem 0x0000000000060000-0x0000000000067fff] reserved
[    0.000000] BIOS-e820: [mem 0x0000000000068000-0x000000000009efff] usable
[    0.000000] BIOS-e820: [mem 0x000000000009f000-0x00000000000fffff] reserved
[    0.000000] BIOS-e820: [mem 0x0000000000100000-0x0000000072edffff] usable
[    0.000000] BIOS-e820: [mem 0x0000000072ee0000-0x0000000073030fff] reserved
[    0.000000] BIOS-e820: [mem 0x0000000073031000-0x00000000732c0fff] type 20
[    0.000000] BIOS-e820: [mem 0x00000000732c1000-0x0000000074f76fff] reserved
[    0.000000] BIOS-e820: [mem 0x0000000074f77000-0x00000000772b3fff] ACPI NVS
[    0.000000] BIOS-e820: [mem 0x00000000772b4000-0x00000000777fefff] ACPI data
[    0.000000] BIOS-e820: [mem 0x00000000777ff000-0x00000000777fffff] usable
[    0.000000] BIOS-e820: [mem 0x0000000077800000-0x000000009fffffff] reserved
[    0.000000] BIOS-e820: [mem 0x00000000fe010000-0x00000000fe010fff] reserved
[    0.000000] BIOS-e820: [mem 0x0000000100000000-0x000000407fffffff] usable
[    0.000000] NX (Execute Disable) protection: active
[    0.000000] efi: EFI v2.70 by EDK II
[    0.000000] efi: ACPI=0x777fe000 ACPI 2.0=0x777fe014 SMBIOS=0x72f7e000 SMBIOS 3.0=0x72f7c000 TPMFinalLog=0x76f16000 MEMATTR=0x65ad2018 
[    0.000000] secureboot: Secure boot could not be determined (mode 0)
[    0.000000] SMBIOS 3.2.0 present.
[    0.000000] DMI: Intel Corporation ArcherCityM/ArcherCityM, BIOS EGSDCRB1.86B.0065.D15.2109172316 09/17/2021
[    0.000000] tsc: Detected 1900.000 MHz processor
[    0.000022] e820: update [mem 0x00000000-0x00000fff] usable ==> reserved
[    0.000026] e820: remove [mem 0x000a0000-0x000fffff] usable
[    0.000032] last_pfn = 0x4080000 max_arch_pfn = 0x10000000000
[    0.000296] x86/PAT: Configuration [0-7]: WB  WC  UC- UC  WB  WP  UC- WT  
[    0.002157] total RAM covered: 522240M
[    0.002533] Found optimal setting for mtrr clean up
[    0.002534]  gran_size: 64K 	chunk_size: 64K 	num_reg: 8  	lose cover RAM: 0G
[    0.003184] e820: update [mem 0x80000000-0xffffffff] usable ==> reserved
[    0.003188] x2apic: enabled by BIOS, switching to x2apic ops
[    0.003189] last_pfn = 0x77800 max_arch_pfn = 0x10000000000
[    0.012856] Using GB pages for direct mapping
[    0.013103] secureboot: Secure boot could not be determined (mode 0)
[    0.013104] RAMDISK: [mem 0x58950000-0x5ed04fff]
[    0.013545] ACPI: Early table checksum verification disabled
[    0.013547] ACPI: RSDP 0x00000000777FE014 000024 (v02 INTEL )
[    0.013552] ACPI: XSDT 0x0000000077716188 00012C (v01 INTEL  INTEL ID 00000000 INTL 01000013)
[    0.013558] ACPI: FACP 0x00000000777EF000 000114 (v06 INTEL  INTEL ID 00000000 INTL 20091013)
[    0.013564] ACPI: DSDT 0x0000000077721000 0C8C65 (v02 INTEL  INTEL ID 00000003 INTL 20091013)
[    0.013567] ACPI: FACS 0x0000000076EF9000 000040
[    0.013570] ACPI: SSDT 0x00000000777FC000 00015B (v02 INTEL  PRMOPREG 00001000 INTL 20210331)
[    0.013573] ACPI: SSDT 0x00000000777FB000 000145 (v02 INTEL  PRMSAMPL 00001000 INTL 20210331)
[    0.013576] ACPI: SSDT 0x00000000777FA000 0004C5 (v02 INTEL  INTEL ID 00000000 MSFT 0100000D)
[    0.013579] ACPI: BZMI 0x00000000777F9000 0000A8 (v01 INTEL  INTEL ID 00000002 INTL 01000013)
[    0.013583] ACPI: SSDT 0x00000000777F8000 0006F1 (v02 INTEL  RAS_ACPI 00000001 INTL 20210331)
[    0.013586] ACPI: SSDT 0x00000000777F7000 000859 (v02 INTEL  ADDRXLAT 00000001 INTL 20210331)
[    0.013589] ACPI: SSDT 0x00000000777F6000 0003D2 (v02 INTEL  SruTable 00001000 INTL 20210331)
[    0.013592] ACPI: SSDT 0x00000000777F5000 000306 (v02 INTEL  SstsTbl  00001000 INTL 20210331)
[    0.013595] ACPI: SSDT 0x00000000777F4000 000632 (v02 INTEL  Tpm2Tabl 00001000 INTL 20210331)
[    0.013598] ACPI: TPM2 0x00000000777F3000 00004C (v04 INTEL  INTEL ID 00000002 INTL 01000013)
[    0.013601] ACPI: BERT 0x00000000777F2000 000030 (v01 INTEL  INTEL ID 00000001 INTL 00000001)
[    0.013604] ACPI: ERST 0x00000000777F1000 000230 (v01 INTEL  INTEL ID 00000001 INTL 00000001)
[    0.013607] ACPI: BDAT 0x00000000777F0000 000030 (v01 INTEL  INTEL ID 00000000 INTL 20091013)
[    0.013610] ACPI: HPET 0x00000000777EE000 000038 (v01 INTEL  INTEL ID 00000001 INTL 20091013)
[    0.013613] ACPI: MCFG 0x00000000777ED000 00006C (v01 INTEL  INTEL ID 00000001 INTL 20091013)
[    0.013616] ACPI: MSCT 0x00000000777EC000 000090 (v01 INTEL  INTEL ID 00000001 INTL 20091013)
[    0.013619] ACPI: WDDT 0x00000000777EB000 000040 (v01 INTEL  INTEL ID 00000000 INTL 20091013)
[    0.013622] ACPI: WSMT 0x00000000777EA000 000028 (v01 INTEL  INTEL ID 00000000 INTL 20091013)
[    0.013625] ACPI: APIC 0x000000007771F000 001C5E (v04 INTEL  INTEL ID 00000000 INTL 20091013)
[    0.013628] ACPI: SRAT 0x0000000077717000 007830 (v03 INTEL  INTEL ID 00000002 INTL 01000013)
[    0.013631] ACPI: SLIT 0x00000000777FD000 00003C (v01 INTEL  INTEL ID 00000002 INTL 01000013)
[    0.013634] ACPI: HMAT 0x0000000077715000 000248 (v02 INTEL  INTEL ID 00000002 INTL 01000013)
[    0.013637] ACPI: OEM4 0x000000007758D000 187A51 (v02 INTEL  CPU  CST 00003000 INTL 20210331)
[    0.013640] ACPI: OEM1 0x0000000077479000 113479 (v02 INTEL  CPU EIST 00003000 INTL 20210331)
[    0.013644] ACPI: OEM2 0x0000000077432000 046031 (v02 INTEL  CPU  HWP 00003000 INTL 20210331)
[    0.013647] ACPI: SSDT 0x00000000773C8000 069895 (v02 INTEL  SSDT  PM 00004000 INTL 20210331)
[    0.013650] ACPI: SSDT 0x00000000773C7000 00096D (v02 INTEL  INTEL ID 00000000 INTL 20091013)
[    0.013653] ACPI: HEST 0x00000000773C6000 0000A8 (v01 INTEL  INTEL ID 00000001 INTL 00000001)
[    0.013656] ACPI: DMAR 0x00000000773C5000 000A18 (v01 INTEL  INTEL ID 00000001 INTL 20091013)
[    0.013659] ACPI: PRMT 0x00000000773C4000 000138 (v00 INTEL  INTEL ID 00000002 INTL 01000013)
[    0.013662] ACPI: SPCR 0x00000000773C3000 000050 (v02 INTEL  INTEL ID 00000000 INTL 01000013)
[    0.013666] ACPI: FPDT 0x00000000773C2000 000044 (v01 INTEL  INTEL ID 00000002 INTL 01000013)
[    0.013668] ACPI: Reserving FACP table memory at [mem 0x777ef000-0x777ef113]
[    0.013670] ACPI: Reserving DSDT table memory at [mem 0x77721000-0x777e9c64]
[    0.013671] ACPI: Reserving FACS table memory at [mem 0x76ef9000-0x76ef903f]
[    0.013672] ACPI: Reserving SSDT table memory at [mem 0x777fc000-0x777fc15a]
[    0.013673] ACPI: Reserving SSDT table memory at [mem 0x777fb000-0x777fb144]
[    0.013674] ACPI: Reserving SSDT table memory at [mem 0x777fa000-0x777fa4c4]
[    0.013675] ACPI: Reserving BZMI table memory at [mem 0x777f9000-0x777f90a7]
[    0.013676] ACPI: Reserving SSDT table memory at [mem 0x777f8000-0x777f86f0]
[    0.013677] ACPI: Reserving SSDT table memory at [mem 0x777f7000-0x777f7858]
[    0.013678] ACPI: Reserving SSDT table memory at [mem 0x777f6000-0x777f63d1]
[    0.013679] ACPI: Reserving SSDT table memory at [mem 0x777f5000-0x777f5305]
[    0.013680] ACPI: Reserving SSDT table memory at [mem 0x777f4000-0x777f4631]
[    0.013680] ACPI: Reserving TPM2 table memory at [mem 0x777f3000-0x777f304b]
[    0.013681] ACPI: Reserving BERT table memory at [mem 0x777f2000-0x777f202f]
[    0.013682] ACPI: Reserving ERST table memory at [mem 0x777f1000-0x777f122f]
[    0.013683] ACPI: Reserving BDAT table memory at [mem 0x777f0000-0x777f002f]
[    0.013684] ACPI: Reserving HPET table memory at [mem 0x777ee000-0x777ee037]
[    0.013685] ACPI: Reserving MCFG table memory at [mem 0x777ed000-0x777ed06b]
[    0.013686] ACPI: Reserving MSCT table memory at [mem 0x777ec000-0x777ec08f]
[    0.013687] ACPI: Reserving WDDT table memory at [mem 0x777eb000-0x777eb03f]
[    0.013688] ACPI: Reserving WSMT table memory at [mem 0x777ea000-0x777ea027]
[    0.013689] ACPI: Reserving APIC table memory at [mem 0x7771f000-0x77720c5d]
[    0.013690] ACPI: Reserving SRAT table memory at [mem 0x77717000-0x7771e82f]
[    0.013691] ACPI: Reserving SLIT table memory at [mem 0x777fd000-0x777fd03b]
[    0.013692] ACPI: Reserving HMAT table memory at [mem 0x77715000-0x77715247]
[    0.013693] ACPI: Reserving OEM4 table memory at [mem 0x7758d000-0x77714a50]
[    0.013694] ACPI: Reserving OEM1 table memory at [mem 0x77479000-0x7758c478]
[    0.013695] ACPI: Reserving OEM2 table memory at [mem 0x77432000-0x77478030]
[    0.013696] ACPI: Reserving SSDT table memory at [mem 0x773c8000-0x77431894]
[    0.013697] ACPI: Reserving SSDT table memory at [mem 0x773c7000-0x773c796c]
[    0.013698] ACPI: Reserving HEST table memory at [mem 0x773c6000-0x773c60a7]
[    0.013699] ACPI: Reserving DMAR table memory at [mem 0x773c5000-0x773c5a17]
[    0.013700] ACPI: Reserving PRMT table memory at [mem 0x773c4000-0x773c4137]
[    0.013701] ACPI: Reserving SPCR table memory at [mem 0x773c3000-0x773c304f]
[    0.013702] ACPI: Reserving FPDT table memory at [mem 0x773c2000-0x773c2043]
[    0.013712] Setting APIC routing to cluster x2apic.
[    0.013746] SRAT: PXM 0 -> APIC 0x0000 -> Node 0
[    0.013748] SRAT: PXM 0 -> APIC 0x0001 -> Node 0
[    0.013749] SRAT: PXM 0 -> APIC 0x0002 -> Node 0
[    0.013749] SRAT: PXM 0 -> APIC 0x0003 -> Node 0
[    0.013750] SRAT: PXM 0 -> APIC 0x0004 -> Node 0
[    0.013751] SRAT: PXM 0 -> APIC 0x0005 -> Node 0
[    0.013752] SRAT: PXM 0 -> APIC 0x0006 -> Node 0
[    0.013752] SRAT: PXM 0 -> APIC 0x0007 -> Node 0
[    0.013753] SRAT: PXM 0 -> APIC 0x0008 -> Node 0
[    0.013754] SRAT: PXM 0 -> APIC 0x0009 -> Node 0
[    0.013755] SRAT: PXM 0 -> APIC 0x000a -> Node 0
[    0.013755] SRAT: PXM 0 -> APIC 0x000b -> Node 0
[    0.013756] SRAT: PXM 0 -> APIC 0x000c -> Node 0
[    0.013757] SRAT: PXM 0 -> APIC 0x000d -> Node 0
[    0.013758] SRAT: PXM 0 -> APIC 0x000e -> Node 0
[    0.013758] SRAT: PXM 0 -> APIC 0x000f -> Node 0
[    0.013759] SRAT: PXM 0 -> APIC 0x0010 -> Node 0
[    0.013760] SRAT: PXM 0 -> APIC 0x0011 -> Node 0
[    0.013761] SRAT: PXM 0 -> APIC 0x0012 -> Node 0
[    0.013761] SRAT: PXM 0 -> APIC 0x0013 -> Node 0
[    0.013762] SRAT: PXM 0 -> APIC 0x0014 -> Node 0
[    0.013763] SRAT: PXM 0 -> APIC 0x0015 -> Node 0
[    0.013764] SRAT: PXM 0 -> APIC 0x0016 -> Node 0
[    0.013764] SRAT: PXM 0 -> APIC 0x0017 -> Node 0
[    0.013765] SRAT: PXM 0 -> APIC 0x0018 -> Node 0
[    0.013766] SRAT: PXM 0 -> APIC 0x0019 -> Node 0
[    0.013767] SRAT: PXM 0 -> APIC 0x001a -> Node 0
[    0.013767] SRAT: PXM 0 -> APIC 0x001b -> Node 0
[    0.013768] SRAT: PXM 0 -> APIC 0x001c -> Node 0
[    0.013769] SRAT: PXM 0 -> APIC 0x001d -> Node 0
[    0.013770] SRAT: PXM 0 -> APIC 0x001e -> Node 0
[    0.013770] SRAT: PXM 0 -> APIC 0x001f -> Node 0
[    0.013771] SRAT: PXM 0 -> APIC 0x0020 -> Node 0
[    0.013772] SRAT: PXM 0 -> APIC 0x0021 -> Node 0
[    0.013772] SRAT: PXM 0 -> APIC 0x0022 -> Node 0
[    0.013773] SRAT: PXM 0 -> APIC 0x0023 -> Node 0
[    0.013774] SRAT: PXM 0 -> APIC 0x0024 -> Node 0
[    0.013775] SRAT: PXM 0 -> APIC 0x0025 -> Node 0
[    0.013775] SRAT: PXM 0 -> APIC 0x0026 -> Node 0
[    0.013776] SRAT: PXM 0 -> APIC 0x0027 -> Node 0
[    0.013777] SRAT: PXM 0 -> APIC 0x0028 -> Node 0
[    0.013778] SRAT: PXM 0 -> APIC 0x0029 -> Node 0
[    0.013778] SRAT: PXM 0 -> APIC 0x002a -> Node 0
[    0.013779] SRAT: PXM 0 -> APIC 0x002b -> Node 0
[    0.013780] SRAT: PXM 0 -> APIC 0x002c -> Node 0
[    0.013781] SRAT: PXM 0 -> APIC 0x002d -> Node 0
[    0.013781] SRAT: PXM 0 -> APIC 0x002e -> Node 0
[    0.013782] SRAT: PXM 0 -> APIC 0x002f -> Node 0
[    0.013783] SRAT: PXM 0 -> APIC 0x0030 -> Node 0
[    0.013783] SRAT: PXM 0 -> APIC 0x0031 -> Node 0
[    0.013784] SRAT: PXM 0 -> APIC 0x0032 -> Node 0
[    0.013785] SRAT: PXM 0 -> APIC 0x0033 -> Node 0
[    0.013786] SRAT: PXM 0 -> APIC 0x0034 -> Node 0
[    0.013786] SRAT: PXM 0 -> APIC 0x0035 -> Node 0
[    0.013787] SRAT: PXM 0 -> APIC 0x0036 -> Node 0
[    0.013788] SRAT: PXM 0 -> APIC 0x0037 -> Node 0
[    0.013789] SRAT: PXM 0 -> APIC 0x0038 -> Node 0
[    0.013789] SRAT: PXM 0 -> APIC 0x0039 -> Node 0
[    0.013790] SRAT: PXM 0 -> APIC 0x003a -> Node 0
[    0.013791] SRAT: PXM 0 -> APIC 0x003b -> Node 0
[    0.013792] SRAT: PXM 0 -> APIC 0x003c -> Node 0
[    0.013792] SRAT: PXM 0 -> APIC 0x003d -> Node 0
[    0.013793] SRAT: PXM 0 -> APIC 0x003e -> Node 0
[    0.013794] SRAT: PXM 0 -> APIC 0x003f -> Node 0
[    0.013795] SRAT: PXM 0 -> APIC 0x0040 -> Node 0
[    0.013795] SRAT: PXM 0 -> APIC 0x0041 -> Node 0
[    0.013796] SRAT: PXM 0 -> APIC 0x0042 -> Node 0
[    0.013797] SRAT: PXM 0 -> APIC 0x0043 -> Node 0
[    0.013798] SRAT: PXM 0 -> APIC 0x0044 -> Node 0
[    0.013798] SRAT: PXM 0 -> APIC 0x0045 -> Node 0
[    0.013799] SRAT: PXM 0 -> APIC 0x0046 -> Node 0
[    0.013800] SRAT: PXM 0 -> APIC 0x0047 -> Node 0
[    0.013800] SRAT: PXM 0 -> APIC 0x0048 -> Node 0
[    0.013801] SRAT: PXM 0 -> APIC 0x0049 -> Node 0
[    0.013802] SRAT: PXM 0 -> APIC 0x004a -> Node 0
[    0.013803] SRAT: PXM 0 -> APIC 0x004b -> Node 0
[    0.013803] SRAT: PXM 0 -> APIC 0x004c -> Node 0
[    0.013804] SRAT: PXM 0 -> APIC 0x004d -> Node 0
[    0.013805] SRAT: PXM 0 -> APIC 0x004e -> Node 0
[    0.013806] SRAT: PXM 0 -> APIC 0x004f -> Node 0
[    0.013806] SRAT: PXM 0 -> APIC 0x0050 -> Node 0
[    0.013807] SRAT: PXM 0 -> APIC 0x0051 -> Node 0
[    0.013808] SRAT: PXM 0 -> APIC 0x0052 -> Node 0
[    0.013808] SRAT: PXM 0 -> APIC 0x0053 -> Node 0
[    0.013809] SRAT: PXM 0 -> APIC 0x0054 -> Node 0
[    0.013810] SRAT: PXM 0 -> APIC 0x0055 -> Node 0
[    0.013811] SRAT: PXM 0 -> APIC 0x0056 -> Node 0
[    0.013811] SRAT: PXM 0 -> APIC 0x0057 -> Node 0
[    0.013812] SRAT: PXM 0 -> APIC 0x0058 -> Node 0
[    0.013813] SRAT: PXM 0 -> APIC 0x0059 -> Node 0
[    0.013814] SRAT: PXM 0 -> APIC 0x005a -> Node 0
[    0.013814] SRAT: PXM 0 -> APIC 0x005b -> Node 0
[    0.013815] SRAT: PXM 0 -> APIC 0x005c -> Node 0
[    0.013816] SRAT: PXM 0 -> APIC 0x005d -> Node 0
[    0.013817] SRAT: PXM 0 -> APIC 0x005e -> Node 0
[    0.013817] SRAT: PXM 0 -> APIC 0x005f -> Node 0
[    0.013818] SRAT: PXM 0 -> APIC 0x0060 -> Node 0
[    0.013819] SRAT: PXM 0 -> APIC 0x0061 -> Node 0
[    0.013819] SRAT: PXM 0 -> APIC 0x0062 -> Node 0
[    0.013820] SRAT: PXM 0 -> APIC 0x0063 -> Node 0
[    0.013821] SRAT: PXM 0 -> APIC 0x0064 -> Node 0
[    0.013822] SRAT: PXM 0 -> APIC 0x0065 -> Node 0
[    0.013822] SRAT: PXM 0 -> APIC 0x0066 -> Node 0
[    0.013823] SRAT: PXM 0 -> APIC 0x0067 -> Node 0
[    0.013824] SRAT: PXM 0 -> APIC 0x0068 -> Node 0
[    0.013825] SRAT: PXM 0 -> APIC 0x0069 -> Node 0
[    0.013825] SRAT: PXM 0 -> APIC 0x006a -> Node 0
[    0.013826] SRAT: PXM 0 -> APIC 0x006b -> Node 0
[    0.013827] SRAT: PXM 0 -> APIC 0x006c -> Node 0
[    0.013828] SRAT: PXM 0 -> APIC 0x006d -> Node 0
[    0.013828] SRAT: PXM 0 -> APIC 0x006e -> Node 0
[    0.013829] SRAT: PXM 0 -> APIC 0x006f -> Node 0
[    0.013830] SRAT: PXM 1 -> APIC 0x0080 -> Node 1
[    0.013831] SRAT: PXM 1 -> APIC 0x0081 -> Node 1
[    0.013832] SRAT: PXM 1 -> APIC 0x0082 -> Node 1
[    0.013832] SRAT: PXM 1 -> APIC 0x0083 -> Node 1
[    0.013833] SRAT: PXM 1 -> APIC 0x0084 -> Node 1
[    0.013834] SRAT: PXM 1 -> APIC 0x0085 -> Node 1
[    0.013834] SRAT: PXM 1 -> APIC 0x0086 -> Node 1
[    0.013835] SRAT: PXM 1 -> APIC 0x0087 -> Node 1
[    0.013836] SRAT: PXM 1 -> APIC 0x0088 -> Node 1
[    0.013837] SRAT: PXM 1 -> APIC 0x0089 -> Node 1
[    0.013837] SRAT: PXM 1 -> APIC 0x008a -> Node 1
[    0.013838] SRAT: PXM 1 -> APIC 0x008b -> Node 1
[    0.013839] SRAT: PXM 1 -> APIC 0x008c -> Node 1
[    0.013840] SRAT: PXM 1 -> APIC 0x008d -> Node 1
[    0.013840] SRAT: PXM 1 -> APIC 0x008e -> Node 1
[    0.013841] SRAT: PXM 1 -> APIC 0x008f -> Node 1
[    0.013842] SRAT: PXM 1 -> APIC 0x0090 -> Node 1
[    0.013843] SRAT: PXM 1 -> APIC 0x0091 -> Node 1
[    0.013843] SRAT: PXM 1 -> APIC 0x0092 -> Node 1
[    0.013844] SRAT: PXM 1 -> APIC 0x0093 -> Node 1
[    0.013845] SRAT: PXM 1 -> APIC 0x0094 -> Node 1
[    0.013846] SRAT: PXM 1 -> APIC 0x0095 -> Node 1
[    0.013846] SRAT: PXM 1 -> APIC 0x0096 -> Node 1
[    0.013847] SRAT: PXM 1 -> APIC 0x0097 -> Node 1
[    0.013848] SRAT: PXM 1 -> APIC 0x0098 -> Node 1
[    0.013848] SRAT: PXM 1 -> APIC 0x0099 -> Node 1
[    0.013849] SRAT: PXM 1 -> APIC 0x009a -> Node 1
[    0.013850] SRAT: PXM 1 -> APIC 0x009b -> Node 1
[    0.013851] SRAT: PXM 1 -> APIC 0x009c -> Node 1
[    0.013851] SRAT: PXM 1 -> APIC 0x009d -> Node 1
[    0.013852] SRAT: PXM 1 -> APIC 0x009e -> Node 1
[    0.013853] SRAT: PXM 1 -> APIC 0x009f -> Node 1
[    0.013854] SRAT: PXM 1 -> APIC 0x00a0 -> Node 1
[    0.013854] SRAT: PXM 1 -> APIC 0x00a1 -> Node 1
[    0.013855] SRAT: PXM 1 -> APIC 0x00a2 -> Node 1
[    0.013856] SRAT: PXM 1 -> APIC 0x00a3 -> Node 1
[    0.013857] SRAT: PXM 1 -> APIC 0x00a4 -> Node 1
[    0.013857] SRAT: PXM 1 -> APIC 0x00a5 -> Node 1
[    0.013858] SRAT: PXM 1 -> APIC 0x00a6 -> Node 1
[    0.013859] SRAT: PXM 1 -> APIC 0x00a7 -> Node 1
[    0.013860] SRAT: PXM 1 -> APIC 0x00a8 -> Node 1
[    0.013860] SRAT: PXM 1 -> APIC 0x00a9 -> Node 1
[    0.013861] SRAT: PXM 1 -> APIC 0x00aa -> Node 1
[    0.013862] SRAT: PXM 1 -> APIC 0x00ab -> Node 1
[    0.013863] SRAT: PXM 1 -> APIC 0x00ac -> Node 1
[    0.013864] SRAT: PXM 1 -> APIC 0x00ad -> Node 1
[    0.013864] SRAT: PXM 1 -> APIC 0x00ae -> Node 1
[    0.013865] SRAT: PXM 1 -> APIC 0x00af -> Node 1
[    0.013866] SRAT: PXM 1 -> APIC 0x00b0 -> Node 1
[    0.013866] SRAT: PXM 1 -> APIC 0x00b1 -> Node 1
[    0.013867] SRAT: PXM 1 -> APIC 0x00b2 -> Node 1
[    0.013868] SRAT: PXM 1 -> APIC 0x00b3 -> Node 1
[    0.013869] SRAT: PXM 1 -> APIC 0x00b4 -> Node 1
[    0.013869] SRAT: PXM 1 -> APIC 0x00b5 -> Node 1
[    0.013870] SRAT: PXM 1 -> APIC 0x00b6 -> Node 1
[    0.013871] SRAT: PXM 1 -> APIC 0x00b7 -> Node 1
[    0.013872] SRAT: PXM 1 -> APIC 0x00b8 -> Node 1
[    0.013872] SRAT: PXM 1 -> APIC 0x00b9 -> Node 1
[    0.013873] SRAT: PXM 1 -> APIC 0x00ba -> Node 1
[    0.013874] SRAT: PXM 1 -> APIC 0x00bb -> Node 1
[    0.013875] SRAT: PXM 1 -> APIC 0x00bc -> Node 1
[    0.013875] SRAT: PXM 1 -> APIC 0x00bd -> Node 1
[    0.013876] SRAT: PXM 1 -> APIC 0x00be -> Node 1
[    0.013877] SRAT: PXM 1 -> APIC 0x00bf -> Node 1
[    0.013877] SRAT: PXM 1 -> APIC 0x00c0 -> Node 1
[    0.013878] SRAT: PXM 1 -> APIC 0x00c1 -> Node 1
[    0.013879] SRAT: PXM 1 -> APIC 0x00c2 -> Node 1
[    0.013880] SRAT: PXM 1 -> APIC 0x00c3 -> Node 1
[    0.013880] SRAT: PXM 1 -> APIC 0x00c4 -> Node 1
[    0.013881] SRAT: PXM 1 -> APIC 0x00c5 -> Node 1
[    0.013882] SRAT: PXM 1 -> APIC 0x00c6 -> Node 1
[    0.013883] SRAT: PXM 1 -> APIC 0x00c7 -> Node 1
[    0.013883] SRAT: PXM 1 -> APIC 0x00c8 -> Node 1
[    0.013884] SRAT: PXM 1 -> APIC 0x00c9 -> Node 1
[    0.013885] SRAT: PXM 1 -> APIC 0x00ca -> Node 1
[    0.013885] SRAT: PXM 1 -> APIC 0x00cb -> Node 1
[    0.013886] SRAT: PXM 1 -> APIC 0x00cc -> Node 1
[    0.013887] SRAT: PXM 1 -> APIC 0x00cd -> Node 1
[    0.013888] SRAT: PXM 1 -> APIC 0x00ce -> Node 1
[    0.013888] SRAT: PXM 1 -> APIC 0x00cf -> Node 1
[    0.013889] SRAT: PXM 1 -> APIC 0x00d0 -> Node 1
[    0.013890] SRAT: PXM 1 -> APIC 0x00d1 -> Node 1
[    0.013891] SRAT: PXM 1 -> APIC 0x00d2 -> Node 1
[    0.013891] SRAT: PXM 1 -> APIC 0x00d3 -> Node 1
[    0.013892] SRAT: PXM 1 -> APIC 0x00d4 -> Node 1
[    0.013893] SRAT: PXM 1 -> APIC 0x00d5 -> Node 1
[    0.013894] SRAT: PXM 1 -> APIC 0x00d6 -> Node 1
[    0.013894] SRAT: PXM 1 -> APIC 0x00d7 -> Node 1
[    0.013895] SRAT: PXM 1 -> APIC 0x00d8 -> Node 1
[    0.013896] SRAT: PXM 1 -> APIC 0x00d9 -> Node 1
[    0.013897] SRAT: PXM 1 -> APIC 0x00da -> Node 1
[    0.013897] SRAT: PXM 1 -> APIC 0x00db -> Node 1
[    0.013898] SRAT: PXM 1 -> APIC 0x00dc -> Node 1
[    0.013899] SRAT: PXM 1 -> APIC 0x00dd -> Node 1
[    0.013899] SRAT: PXM 1 -> APIC 0x00de -> Node 1
[    0.013900] SRAT: PXM 1 -> APIC 0x00df -> Node 1
[    0.013901] SRAT: PXM 1 -> APIC 0x00e0 -> Node 1
[    0.013902] SRAT: PXM 1 -> APIC 0x00e1 -> Node 1
[    0.013902] SRAT: PXM 1 -> APIC 0x00e2 -> Node 1
[    0.013903] SRAT: PXM 1 -> APIC 0x00e3 -> Node 1
[    0.013904] SRAT: PXM 1 -> APIC 0x00e4 -> Node 1
[    0.013905] SRAT: PXM 1 -> APIC 0x00e5 -> Node 1
[    0.013905] SRAT: PXM 1 -> APIC 0x00e6 -> Node 1
[    0.013906] SRAT: PXM 1 -> APIC 0x00e7 -> Node 1
[    0.013907] SRAT: PXM 1 -> APIC 0x00e8 -> Node 1
[    0.013908] SRAT: PXM 1 -> APIC 0x00e9 -> Node 1
[    0.013908] SRAT: PXM 1 -> APIC 0x00ea -> Node 1
[    0.013909] SRAT: PXM 1 -> APIC 0x00eb -> Node 1
[    0.013910] SRAT: PXM 1 -> APIC 0x00ec -> Node 1
[    0.013910] SRAT: PXM 1 -> APIC 0x00ed -> Node 1
[    0.013911] SRAT: PXM 1 -> APIC 0x00ee -> Node 1
[    0.013912] SRAT: PXM 1 -> APIC 0x00ef -> Node 1
[    0.013913] SRAT: PXM 2 -> APIC 0x0100 -> Node 2
[    0.013914] SRAT: PXM 2 -> APIC 0x0101 -> Node 2
[    0.013915] SRAT: PXM 2 -> APIC 0x0102 -> Node 2
[    0.013915] SRAT: PXM 2 -> APIC 0x0103 -> Node 2
[    0.013916] SRAT: PXM 2 -> APIC 0x0104 -> Node 2
[    0.013917] SRAT: PXM 2 -> APIC 0x0105 -> Node 2
[    0.013917] SRAT: PXM 2 -> APIC 0x0106 -> Node 2
[    0.013918] SRAT: PXM 2 -> APIC 0x0107 -> Node 2
[    0.013919] SRAT: PXM 2 -> APIC 0x0108 -> Node 2
[    0.013920] SRAT: PXM 2 -> APIC 0x0109 -> Node 2
[    0.013920] SRAT: PXM 2 -> APIC 0x010a -> Node 2
[    0.013921] SRAT: PXM 2 -> APIC 0x010b -> Node 2
[    0.013922] SRAT: PXM 2 -> APIC 0x010c -> Node 2
[    0.013923] SRAT: PXM 2 -> APIC 0x010d -> Node 2
[    0.013923] SRAT: PXM 2 -> APIC 0x010e -> Node 2
[    0.013924] SRAT: PXM 2 -> APIC 0x010f -> Node 2
[    0.013925] SRAT: PXM 2 -> APIC 0x0110 -> Node 2
[    0.013926] SRAT: PXM 2 -> APIC 0x0111 -> Node 2
[    0.013926] SRAT: PXM 2 -> APIC 0x0112 -> Node 2
[    0.013927] SRAT: PXM 2 -> APIC 0x0113 -> Node 2
[    0.013928] SRAT: PXM 2 -> APIC 0x0114 -> Node 2
[    0.013929] SRAT: PXM 2 -> APIC 0x0115 -> Node 2
[    0.013929] SRAT: PXM 2 -> APIC 0x0116 -> Node 2
[    0.013930] SRAT: PXM 2 -> APIC 0x0117 -> Node 2
[    0.013931] SRAT: PXM 2 -> APIC 0x0118 -> Node 2
[    0.013932] SRAT: PXM 2 -> APIC 0x0119 -> Node 2
[    0.013932] SRAT: PXM 2 -> APIC 0x011a -> Node 2
[    0.013933] SRAT: PXM 2 -> APIC 0x011b -> Node 2
[    0.013934] SRAT: PXM 2 -> APIC 0x011c -> Node 2
[    0.013935] SRAT: PXM 2 -> APIC 0x011d -> Node 2
[    0.013935] SRAT: PXM 2 -> APIC 0x011e -> Node 2
[    0.013936] SRAT: PXM 2 -> APIC 0x011f -> Node 2
[    0.013937] SRAT: PXM 2 -> APIC 0x0120 -> Node 2
[    0.013937] SRAT: PXM 2 -> APIC 0x0121 -> Node 2
[    0.013938] SRAT: PXM 2 -> APIC 0x0122 -> Node 2
[    0.013939] SRAT: PXM 2 -> APIC 0x0123 -> Node 2
[    0.013940] SRAT: PXM 2 -> APIC 0x0124 -> Node 2
[    0.013940] SRAT: PXM 2 -> APIC 0x0125 -> Node 2
[    0.013941] SRAT: PXM 2 -> APIC 0x0126 -> Node 2
[    0.013942] SRAT: PXM 2 -> APIC 0x0127 -> Node 2
[    0.013943] SRAT: PXM 2 -> APIC 0x0128 -> Node 2
[    0.013943] SRAT: PXM 2 -> APIC 0x0129 -> Node 2
[    0.013944] SRAT: PXM 2 -> APIC 0x012a -> Node 2
[    0.013945] SRAT: PXM 2 -> APIC 0x012b -> Node 2
[    0.013946] SRAT: PXM 2 -> APIC 0x012c -> Node 2
[    0.013946] SRAT: PXM 2 -> APIC 0x012d -> Node 2
[    0.013947] SRAT: PXM 2 -> APIC 0x012e -> Node 2
[    0.013948] SRAT: PXM 2 -> APIC 0x012f -> Node 2
[    0.013949] SRAT: PXM 2 -> APIC 0x0130 -> Node 2
[    0.013949] SRAT: PXM 2 -> APIC 0x0131 -> Node 2
[    0.013950] SRAT: PXM 2 -> APIC 0x0132 -> Node 2
[    0.013951] SRAT: PXM 2 -> APIC 0x0133 -> Node 2
[    0.013952] SRAT: PXM 2 -> APIC 0x0134 -> Node 2
[    0.013952] SRAT: PXM 2 -> APIC 0x0135 -> Node 2
[    0.013953] SRAT: PXM 2 -> APIC 0x0136 -> Node 2
[    0.013954] SRAT: PXM 2 -> APIC 0x0137 -> Node 2
[    0.013955] SRAT: PXM 2 -> APIC 0x0138 -> Node 2
[    0.013955] SRAT: PXM 2 -> APIC 0x0139 -> Node 2
[    0.013956] SRAT: PXM 2 -> APIC 0x013a -> Node 2
[    0.013957] SRAT: PXM 2 -> APIC 0x013b -> Node 2
[    0.013958] SRAT: PXM 2 -> APIC 0x013c -> Node 2
[    0.013958] SRAT: PXM 2 -> APIC 0x013d -> Node 2
[    0.013959] SRAT: PXM 2 -> APIC 0x013e -> Node 2
[    0.013960] SRAT: PXM 2 -> APIC 0x013f -> Node 2
[    0.013960] SRAT: PXM 2 -> APIC 0x0140 -> Node 2
[    0.013961] SRAT: PXM 2 -> APIC 0x0141 -> Node 2
[    0.013962] SRAT: PXM 2 -> APIC 0x0142 -> Node 2
[    0.013963] SRAT: PXM 2 -> APIC 0x0143 -> Node 2
[    0.013964] SRAT: PXM 2 -> APIC 0x0144 -> Node 2
[    0.013964] SRAT: PXM 2 -> APIC 0x0145 -> Node 2
[    0.013965] SRAT: PXM 2 -> APIC 0x0146 -> Node 2
[    0.013966] SRAT: PXM 2 -> APIC 0x0147 -> Node 2
[    0.013967] SRAT: PXM 2 -> APIC 0x0148 -> Node 2
[    0.013967] SRAT: PXM 2 -> APIC 0x0149 -> Node 2
[    0.013968] SRAT: PXM 2 -> APIC 0x014a -> Node 2
[    0.013969] SRAT: PXM 2 -> APIC 0x014b -> Node 2
[    0.013969] SRAT: PXM 2 -> APIC 0x014c -> Node 2
[    0.013970] SRAT: PXM 2 -> APIC 0x014d -> Node 2
[    0.013971] SRAT: PXM 2 -> APIC 0x014e -> Node 2
[    0.013972] SRAT: PXM 2 -> APIC 0x014f -> Node 2
[    0.013972] SRAT: PXM 2 -> APIC 0x0150 -> Node 2
[    0.013973] SRAT: PXM 2 -> APIC 0x0151 -> Node 2
[    0.013974] SRAT: PXM 2 -> APIC 0x0152 -> Node 2
[    0.013975] SRAT: PXM 2 -> APIC 0x0153 -> Node 2
[    0.013975] SRAT: PXM 2 -> APIC 0x0154 -> Node 2
[    0.013976] SRAT: PXM 2 -> APIC 0x0155 -> Node 2
[    0.013977] SRAT: PXM 2 -> APIC 0x0156 -> Node 2
[    0.013978] SRAT: PXM 2 -> APIC 0x0157 -> Node 2
[    0.013978] SRAT: PXM 2 -> APIC 0x0158 -> Node 2
[    0.013979] SRAT: PXM 2 -> APIC 0x0159 -> Node 2
[    0.013980] SRAT: PXM 2 -> APIC 0x015a -> Node 2
[    0.013981] SRAT: PXM 2 -> APIC 0x015b -> Node 2
[    0.013981] SRAT: PXM 2 -> APIC 0x015c -> Node 2
[    0.013982] SRAT: PXM 2 -> APIC 0x015d -> Node 2
[    0.013983] SRAT: PXM 2 -> APIC 0x015e -> Node 2
[    0.013984] SRAT: PXM 2 -> APIC 0x015f -> Node 2
[    0.013984] SRAT: PXM 2 -> APIC 0x0160 -> Node 2
[    0.013985] SRAT: PXM 2 -> APIC 0x0161 -> Node 2
[    0.013986] SRAT: PXM 2 -> APIC 0x0162 -> Node 2
[    0.013986] SRAT: PXM 2 -> APIC 0x0163 -> Node 2
[    0.013987] SRAT: PXM 2 -> APIC 0x0164 -> Node 2
[    0.013988] SRAT: PXM 2 -> APIC 0x0165 -> Node 2
[    0.013989] SRAT: PXM 2 -> APIC 0x0166 -> Node 2
[    0.013989] SRAT: PXM 2 -> APIC 0x0167 -> Node 2
[    0.013990] SRAT: PXM 2 -> APIC 0x0168 -> Node 2
[    0.013991] SRAT: PXM 2 -> APIC 0x0169 -> Node 2
[    0.013992] SRAT: PXM 2 -> APIC 0x016a -> Node 2
[    0.013992] SRAT: PXM 2 -> APIC 0x016b -> Node 2
[    0.013993] SRAT: PXM 2 -> APIC 0x016c -> Node 2
[    0.013994] SRAT: PXM 2 -> APIC 0x016d -> Node 2
[    0.013995] SRAT: PXM 2 -> APIC 0x016e -> Node 2
[    0.013995] SRAT: PXM 2 -> APIC 0x016f -> Node 2
[    0.013996] SRAT: PXM 3 -> APIC 0x0180 -> Node 3
[    0.013997] SRAT: PXM 3 -> APIC 0x0181 -> Node 3
[    0.013998] SRAT: PXM 3 -> APIC 0x0182 -> Node 3
[    0.013998] SRAT: PXM 3 -> APIC 0x0183 -> Node 3
[    0.013999] SRAT: PXM 3 -> APIC 0x0184 -> Node 3
[    0.014000] SRAT: PXM 3 -> APIC 0x0185 -> Node 3
[    0.014001] SRAT: PXM 3 -> APIC 0x0186 -> Node 3
[    0.014001] SRAT: PXM 3 -> APIC 0x0187 -> Node 3
[    0.014002] SRAT: PXM 3 -> APIC 0x0188 -> Node 3
[    0.014003] SRAT: PXM 3 -> APIC 0x0189 -> Node 3
[    0.014004] SRAT: PXM 3 -> APIC 0x018a -> Node 3
[    0.014004] SRAT: PXM 3 -> APIC 0x018b -> Node 3
[    0.014005] SRAT: PXM 3 -> APIC 0x018c -> Node 3
[    0.014006] SRAT: PXM 3 -> APIC 0x018d -> Node 3
[    0.014007] SRAT: PXM 3 -> APIC 0x018e -> Node 3
[    0.014007] SRAT: PXM 3 -> APIC 0x018f -> Node 3
[    0.014008] SRAT: PXM 3 -> APIC 0x0190 -> Node 3
[    0.014009] SRAT: PXM 3 -> APIC 0x0191 -> Node 3
[    0.014010] SRAT: PXM 3 -> APIC 0x0192 -> Node 3
[    0.014010] SRAT: PXM 3 -> APIC 0x0193 -> Node 3
[    0.014011] SRAT: PXM 3 -> APIC 0x0194 -> Node 3
[    0.014012] SRAT: PXM 3 -> APIC 0x0195 -> Node 3
[    0.014012] SRAT: PXM 3 -> APIC 0x0196 -> Node 3
[    0.014013] SRAT: PXM 3 -> APIC 0x0197 -> Node 3
[    0.014014] SRAT: PXM 3 -> APIC 0x0198 -> Node 3
[    0.014015] SRAT: PXM 3 -> APIC 0x0199 -> Node 3
[    0.014015] SRAT: PXM 3 -> APIC 0x019a -> Node 3
[    0.014016] SRAT: PXM 3 -> APIC 0x019b -> Node 3
[    0.014017] SRAT: PXM 3 -> APIC 0x019c -> Node 3
[    0.014018] SRAT: PXM 3 -> APIC 0x019d -> Node 3
[    0.014018] SRAT: PXM 3 -> APIC 0x019e -> Node 3
[    0.014019] SRAT: PXM 3 -> APIC 0x019f -> Node 3
[    0.014020] SRAT: PXM 3 -> APIC 0x01a0 -> Node 3
[    0.014021] SRAT: PXM 3 -> APIC 0x01a1 -> Node 3
[    0.014021] SRAT: PXM 3 -> APIC 0x01a2 -> Node 3
[    0.014022] SRAT: PXM 3 -> APIC 0x01a3 -> Node 3
[    0.014023] SRAT: PXM 3 -> APIC 0x01a4 -> Node 3
[    0.014024] SRAT: PXM 3 -> APIC 0x01a5 -> Node 3
[    0.014024] SRAT: PXM 3 -> APIC 0x01a6 -> Node 3
[    0.014025] SRAT: PXM 3 -> APIC 0x01a7 -> Node 3
[    0.014026] SRAT: PXM 3 -> APIC 0x01a8 -> Node 3
[    0.014027] SRAT: PXM 3 -> APIC 0x01a9 -> Node 3
[    0.014027] SRAT: PXM 3 -> APIC 0x01aa -> Node 3
[    0.014028] SRAT: PXM 3 -> APIC 0x01ab -> Node 3
[    0.014029] SRAT: PXM 3 -> APIC 0x01ac -> Node 3
[    0.014029] SRAT: PXM 3 -> APIC 0x01ad -> Node 3
[    0.014030] SRAT: PXM 3 -> APIC 0x01ae -> Node 3
[    0.014031] SRAT: PXM 3 -> APIC 0x01af -> Node 3
[    0.014032] SRAT: PXM 3 -> APIC 0x01b0 -> Node 3
[    0.014032] SRAT: PXM 3 -> APIC 0x01b1 -> Node 3
[    0.014033] SRAT: PXM 3 -> APIC 0x01b2 -> Node 3
[    0.014034] SRAT: PXM 3 -> APIC 0x01b3 -> Node 3
[    0.014035] SRAT: PXM 3 -> APIC 0x01b4 -> Node 3
[    0.014035] SRAT: PXM 3 -> APIC 0x01b5 -> Node 3
[    0.014036] SRAT: PXM 3 -> APIC 0x01b6 -> Node 3
[    0.014037] SRAT: PXM 3 -> APIC 0x01b7 -> Node 3
[    0.014038] SRAT: PXM 3 -> APIC 0x01b8 -> Node 3
[    0.014038] SRAT: PXM 3 -> APIC 0x01b9 -> Node 3
[    0.014039] SRAT: PXM 3 -> APIC 0x01ba -> Node 3
[    0.014040] SRAT: PXM 3 -> APIC 0x01bb -> Node 3
[    0.014041] SRAT: PXM 3 -> APIC 0x01bc -> Node 3
[    0.014041] SRAT: PXM 3 -> APIC 0x01bd -> Node 3
[    0.014042] SRAT: PXM 3 -> APIC 0x01be -> Node 3
[    0.014043] SRAT: PXM 3 -> APIC 0x01bf -> Node 3
[    0.014044] SRAT: PXM 3 -> APIC 0x01c0 -> Node 3
[    0.014044] SRAT: PXM 3 -> APIC 0x01c1 -> Node 3
[    0.014045] SRAT: PXM 3 -> APIC 0x01c2 -> Node 3
[    0.014046] SRAT: PXM 3 -> APIC 0x01c3 -> Node 3
[    0.014046] SRAT: PXM 3 -> APIC 0x01c4 -> Node 3
[    0.014047] SRAT: PXM 3 -> APIC 0x01c5 -> Node 3
[    0.014048] SRAT: PXM 3 -> APIC 0x01c6 -> Node 3
[    0.014049] SRAT: PXM 3 -> APIC 0x01c7 -> Node 3
[    0.014049] SRAT: PXM 3 -> APIC 0x01c8 -> Node 3
[    0.014050] SRAT: PXM 3 -> APIC 0x01c9 -> Node 3
[    0.014051] SRAT: PXM 3 -> APIC 0x01ca -> Node 3
[    0.014052] SRAT: PXM 3 -> APIC 0x01cb -> Node 3
[    0.014052] SRAT: PXM 3 -> APIC 0x01cc -> Node 3
[    0.014053] SRAT: PXM 3 -> APIC 0x01cd -> Node 3
[    0.014054] SRAT: PXM 3 -> APIC 0x01ce -> Node 3
[    0.014055] SRAT: PXM 3 -> APIC 0x01cf -> Node 3
[    0.014055] SRAT: PXM 3 -> APIC 0x01d0 -> Node 3
[    0.014056] SRAT: PXM 3 -> APIC 0x01d1 -> Node 3
[    0.014057] SRAT: PXM 3 -> APIC 0x01d2 -> Node 3
[    0.014058] SRAT: PXM 3 -> APIC 0x01d3 -> Node 3
[    0.014058] SRAT: PXM 3 -> APIC 0x01d4 -> Node 3
[    0.014059] SRAT: PXM 3 -> APIC 0x01d5 -> Node 3
[    0.014060] SRAT: PXM 3 -> APIC 0x01d6 -> Node 3
[    0.014060] SRAT: PXM 3 -> APIC 0x01d7 -> Node 3
[    0.014061] SRAT: PXM 3 -> APIC 0x01d8 -> Node 3
[    0.014062] SRAT: PXM 3 -> APIC 0x01d9 -> Node 3
[    0.014063] SRAT: PXM 3 -> APIC 0x01da -> Node 3
[    0.014063] SRAT: PXM 3 -> APIC 0x01db -> Node 3
[    0.014064] SRAT: PXM 3 -> APIC 0x01dc -> Node 3
[    0.014065] SRAT: PXM 3 -> APIC 0x01dd -> Node 3
[    0.014066] SRAT: PXM 3 -> APIC 0x01de -> Node 3
[    0.014066] SRAT: PXM 3 -> APIC 0x01df -> Node 3
[    0.014067] SRAT: PXM 3 -> APIC 0x01e0 -> Node 3
[    0.014068] SRAT: PXM 3 -> APIC 0x01e1 -> Node 3
[    0.014069] SRAT: PXM 3 -> APIC 0x01e2 -> Node 3
[    0.014069] SRAT: PXM 3 -> APIC 0x01e3 -> Node 3
[    0.014070] SRAT: PXM 3 -> APIC 0x01e4 -> Node 3
[    0.014071] SRAT: PXM 3 -> APIC 0x01e5 -> Node 3
[    0.014072] SRAT: PXM 3 -> APIC 0x01e6 -> Node 3
[    0.014072] SRAT: PXM 3 -> APIC 0x01e7 -> Node 3
[    0.014073] SRAT: PXM 3 -> APIC 0x01e8 -> Node 3
[    0.014074] SRAT: PXM 3 -> APIC 0x01e9 -> Node 3
[    0.014075] SRAT: PXM 3 -> APIC 0x01ea -> Node 3
[    0.014075] SRAT: PXM 3 -> APIC 0x01eb -> Node 3
[    0.014076] SRAT: PXM 3 -> APIC 0x01ec -> Node 3
[    0.014077] SRAT: PXM 3 -> APIC 0x01ed -> Node 3
[    0.014078] SRAT: PXM 3 -> APIC 0x01ee -> Node 3
[    0.014078] SRAT: PXM 3 -> APIC 0x01ef -> Node 3
[    0.014087] ACPI: SRAT: Node 0 PXM 0 [mem 0x00000000-0x7fffffff]
[    0.014089] ACPI: SRAT: Node 0 PXM 0 [mem 0x100000000-0x107fffffff]
[    0.014091] ACPI: SRAT: Node 1 PXM 1 [mem 0x1080000000-0x207fffffff]
[    0.014092] ACPI: SRAT: Node 2 PXM 2 [mem 0x2080000000-0x307fffffff]
[    0.014093] ACPI: SRAT: Node 3 PXM 3 [mem 0x3080000000-0x407fffffff]
[    0.014107] NUMA: Initialized distance table, cnt=4
[    0.014109] NUMA: Node 0 [mem 0x00000000-0x7fffffff] + [mem 0x100000000-0x107fffffff] -> [mem 0x00000000-0x107fffffff]
[    0.014123] NODE_DATA(0) allocated [mem 0x107ffd5000-0x107fffffff]
[    0.014141] NODE_DATA(1) allocated [mem 0x207ffd5000-0x207fffffff]
[    0.014161] NODE_DATA(2) allocated [mem 0x307ffd5000-0x307fffffff]
[    0.014182] NODE_DATA(3) allocated [mem 0x407ffd4000-0x407fffefff]
[    0.014385] Reserving 512MB of memory at 896MB for crashkernel (System RAM: 261934MB)
[    0.014837] Zone ranges:
[    0.014838]   DMA      [mem 0x0000000000001000-0x0000000000ffffff]
[    0.014841]   DMA32    [mem 0x0000000001000000-0x00000000ffffffff]
[    0.014843]   Normal   [mem 0x0000000100000000-0x000000407fffffff]
[    0.014845]   Device   empty
[    0.014846] Movable zone start for each node
[    0.014850] Early memory node ranges
[    0.014850]   node   0: [mem 0x0000000000001000-0x000000000005ffff]
[    0.014852]   node   0: [mem 0x0000000000068000-0x000000000009efff]
[    0.014853]   node   0: [mem 0x0000000000100000-0x0000000072edffff]
[    0.014854]   node   0: [mem 0x00000000777ff000-0x00000000777fffff]
[    0.014855]   node   0: [mem 0x0000000100000000-0x000000107fffffff]
[    0.014861]   node   1: [mem 0x0000001080000000-0x000000207fffffff]
[    0.014867]   node   2: [mem 0x0000002080000000-0x000000307fffffff]
[    0.014872]   node   3: [mem 0x0000003080000000-0x000000407fffffff]
[    0.014878] Initmem setup node 0 [mem 0x0000000000001000-0x000000107fffffff]
[    0.014881] Initmem setup node 1 [mem 0x0000001080000000-0x000000207fffffff]
[    0.014884] Initmem setup node 2 [mem 0x0000002080000000-0x000000307fffffff]
[    0.014886] Initmem setup node 3 [mem 0x0000003080000000-0x000000407fffffff]
[    0.014890] On node 0, zone DMA: 1 pages in unavailable ranges
[    0.014892] On node 0, zone DMA: 8 pages in unavailable ranges
[    0.014929] On node 0, zone DMA: 97 pages in unavailable ranges
[    0.019285] On node 0, zone DMA32: 18719 pages in unavailable ranges
[    0.019642] On node 0, zone Normal: 2048 pages in unavailable ranges
[    0.020982] ACPI: PM-Timer IO Port: 0x508
[    0.021077] ACPI: X2APIC_NMI (uid[0xffffffff] high edge lint[0x1])
[    0.021083] ACPI: LAPIC_NMI (acpi_id[0xff] high edge lint[0x1])
[    0.021105] IOAPIC[0]: apic_id 8, version 32, address 0xfec00000, GSI 0-23
[    0.021111] ACPI: INT_SRC_OVR (bus 0 bus_irq 0 global_irq 2 dfl dfl)
[    0.021113] ACPI: INT_SRC_OVR (bus 0 bus_irq 9 global_irq 9 high level)
[    0.021120] ACPI: Using ACPI (MADT) for SMP configuration information
[    0.021121] ACPI: HPET id: 0x8086a701 base: 0xfed00000
[    0.021125] ACPI: SPCR: console: uart,io,0x3f8,115200
[    0.021127] TSC deadline timer available
[    0.021128] smpboot: Allowing 448 CPUs, 0 hotplug CPUs
[    0.021159] PM: hibernation: Registered nosave memory: [mem 0x00000000-0x00000fff]
[    0.021161] PM: hibernation: Registered nosave memory: [mem 0x00060000-0x00067fff]
[    0.021163] PM: hibernation: Registered nosave memory: [mem 0x0009f000-0x000fffff]
[    0.021165] PM: hibernation: Registered nosave memory: [mem 0x72ee0000-0x73030fff]
[    0.021166] PM: hibernation: Registered nosave memory: [mem 0x73031000-0x732c0fff]
[    0.021167] PM: hibernation: Registered nosave memory: [mem 0x732c1000-0x74f76fff]
[    0.021168] PM: hibernation: Registered nosave memory: [mem 0x74f77000-0x772b3fff]
[    0.021169] PM: hibernation: Registered nosave memory: [mem 0x772b4000-0x777fefff]
[    0.021170] PM: hibernation: Registered nosave memory: [mem 0x77800000-0x9fffffff]
[    0.021171] PM: hibernation: Registered nosave memory: [mem 0xa0000000-0xfe00ffff]
[    0.021172] PM: hibernation: Registered nosave memory: [mem 0xfe010000-0xfe010fff]
[    0.021172] PM: hibernation: Registered nosave memory: [mem 0xfe011000-0xffffffff]
[    0.021174] [mem 0xa0000000-0xfe00ffff] available for PCI devices
[    0.021176] Booting paravirtualized kernel on bare hardware
[    0.021178] clocksource: refined-jiffies: mask: 0xffffffff max_cycles: 0xffffffff, max_idle_ns: 1910969940391419 ns
[    0.027878] setup_percpu: NR_CPUS:8192 nr_cpumask_bits:448 nr_cpu_ids:448 nr_node_ids:4
[    0.048294] percpu: Embedded 53 pages/cpu s180224 r8192 d28672 u262144
[    0.048321] pcpu-alloc: s180224 r8192 d28672 u262144 alloc=1*2097152
[    0.048325] pcpu-alloc: [0] 000 001 002 003 004 005 006 007 
[    0.048331] pcpu-alloc: [0] 008 009 010 011 012 013 014 015 
[    0.048335] pcpu-alloc: [0] 016 017 018 019 020 021 022 023 
[    0.048340] pcpu-alloc: [0] 024 025 026 027 028 029 030 031 
[    0.048345] pcpu-alloc: [0] 032 033 034 035 036 037 038 039 
[    0.048349] pcpu-alloc: [0] 040 041 042 043 044 045 046 047 
[    0.048354] pcpu-alloc: [0] 048 049 050 051 052 053 054 055 
[    0.048358] pcpu-alloc: [0] 224 225 226 227 228 229 230 231 
[    0.048363] pcpu-alloc: [0] 232 233 234 235 236 237 238 239 
[    0.048367] pcpu-alloc: [0] 240 241 242 243 244 245 246 247 
[    0.048372] pcpu-alloc: [0] 248 249 250 251 252 253 254 255 
[    0.048377] pcpu-alloc: [0] 256 257 258 259 260 261 262 263 
[    0.048381] pcpu-alloc: [0] 264 265 266 267 268 269 270 271 
[    0.048386] pcpu-alloc: [0] 272 273 274 275 276 277 278 279 
[    0.048390] pcpu-alloc: [1] 056 057 058 059 060 061 062 063 
[    0.048395] pcpu-alloc: [1] 064 065 066 067 068 069 070 071 
[    0.048399] pcpu-alloc: [1] 072 073 074 075 076 077 078 079 
[    0.048404] pcpu-alloc: [1] 080 081 082 083 084 085 086 087 
[    0.048408] pcpu-alloc: [1] 088 089 090 091 092 093 094 095 
[    0.048413] pcpu-alloc: [1] 096 097 098 099 100 101 102 103 
[    0.048418] pcpu-alloc: [1] 104 105 106 107 108 109 110 111 
[    0.048422] pcpu-alloc: [1] 280 281 282 283 284 285 286 287 
[    0.048427] pcpu-alloc: [1] 288 289 290 291 292 293 294 295 
[    0.048431] pcpu-alloc: [1] 296 297 298 299 300 301 302 303 
[    0.048436] pcpu-alloc: [1] 304 305 306 307 308 309 310 311 
[    0.048440] pcpu-alloc: [1] 312 313 314 315 316 317 318 319 
[    0.048445] pcpu-alloc: [1] 320 321 322 323 324 325 326 327 
[    0.048449] pcpu-alloc: [1] 328 329 330 331 332 333 334 335 
[    0.048454] pcpu-alloc: [2] 112 113 114 115 116 117 118 119 
[    0.048458] pcpu-alloc: [2] 120 121 122 123 124 125 126 127 
[    0.048463] pcpu-alloc: [2] 128 129 130 131 132 133 134 135 
[    0.048467] pcpu-alloc: [2] 136 137 138 139 140 141 142 143 
[    0.048472] pcpu-alloc: [2] 144 145 146 147 148 149 150 151 
[    0.048476] pcpu-alloc: [2] 152 153 154 155 156 157 158 159 
[    0.048481] pcpu-alloc: [2] 160 161 162 163 164 165 166 167 
[    0.048485] pcpu-alloc: [2] 336 337 338 339 340 341 342 343 
[    0.048490] pcpu-alloc: [2] 344 345 346 347 348 349 350 351 
[    0.048495] pcpu-alloc: [2] 352 353 354 355 356 357 358 359 
[    0.048499] pcpu-alloc: [2] 360 361 362 363 364 365 366 367 
[    0.048504] pcpu-alloc: [2] 368 369 370 371 372 373 374 375 
[    0.048508] pcpu-alloc: [2] 376 377 378 379 380 381 382 383 
[    0.048513] pcpu-alloc: [2] 384 385 386 387 388 389 390 391 
[    0.048517] pcpu-alloc: [3] 168 169 170 171 172 173 174 175 
[    0.048522] pcpu-alloc: [3] 176 177 178 179 180 181 182 183 
[    0.048526] pcpu-alloc: [3] 184 185 186 187 188 189 190 191 
[    0.048531] pcpu-alloc: [3] 192 193 194 195 196 197 198 199 
[    0.048535] pcpu-alloc: [3] 200 201 202 203 204 205 206 207 
[    0.048540] pcpu-alloc: [3] 208 209 210 211 212 213 214 215 
[    0.048544] pcpu-alloc: [3] 216 217 218 219 220 221 222 223 
[    0.048549] pcpu-alloc: [3] 392 393 394 395 396 397 398 399 
[    0.048553] pcpu-alloc: [3] 400 401 402 403 404 405 406 407 
[    0.048558] pcpu-alloc: [3] 408 409 410 411 412 413 414 415 
[    0.048562] pcpu-alloc: [3] 416 417 418 419 420 421 422 423 
[    0.048567] pcpu-alloc: [3] 424 425 426 427 428 429 430 431 
[    0.048572] pcpu-alloc: [3] 432 433 434 435 436 437 438 439 
[    0.048576] pcpu-alloc: [3] 440 441 442 443 444 445 446 447 
[    0.048739] Built 4 zonelists, mobility grouping on.  Total pages: 66007333
[    0.048741] Policy zone: Normal
[    0.048743] Kernel command line: root=/dev/mapper/rhel_icx04-root ro crashkernel=1G-4G:192M,4G-64G:256M,64G-:512M resume=/dev/mapper/rhel_icx04-swap rd.lvm.lv=rhel_icx04/root rd.lvm.lv=rhel_icx04/swap rhgb quiet intel_iommu=off intremap=off intel_iommu=on noefi
[    0.048860] DMAR: IOMMU disabled
[    0.048886] DMAR: IOMMU enabled
[    0.048907] Unknown kernel command line parameters "rhgb intel_iommu=on", will be passed to user space.
[    0.048910] printk: log_buf_len individual max cpu contribution: 4096 bytes
[    0.048911] printk: log_buf_len total cpu_extra contributions: 1830912 bytes
[    0.048912] printk: log_buf_len min size: 1048576 bytes
[    0.052711] printk: log_buf_len: 4194304 bytes
[    0.052713] printk: early log buf free: 1008344(96%)
[    0.067537] mem auto-init: stack:off, heap alloc:off, heap free:off
[    0.168096] Memory: 1714144K/268220892K available (14345K kernel code, 6002K rwdata, 9100K rodata, 2552K init, 7420K bss, 5059528K reserved, 0K cma-reserved)
[    0.168105] random: get_random_u64 called from kmem_cache_open+0x1e/0x300 with crng_init=0
[    0.171075] SLUB: HWalign=64, Order=0-3, MinObjects=0, CPUs=448, Nodes=4
[    0.171187] ftrace: allocating 43439 entries in 170 pages
[    0.188499] ftrace: allocated 170 pages with 4 groups
[    0.189879] Dynamic Preempt: voluntary
[    0.192265] rcu: Preemptible hierarchical RCU implementation.
[    0.192266] rcu: 	RCU restricting CPUs from NR_CPUS=8192 to nr_cpu_ids=448.
[    0.192268] 	Trampoline variant of Tasks RCU enabled.
[    0.192268] 	Rude variant of Tasks RCU enabled.
[    0.192269] 	Tracing variant of Tasks RCU enabled.
[    0.192270] rcu: RCU calculated value of scheduler-enlistment delay is 101 jiffies.
[    0.192271] rcu: Adjusting geometry for rcu_fanout_leaf=16, nr_cpu_ids=448
[    0.197321] NR_IRQS: 524544, nr_irqs: 4008, preallocated irqs: 16
[    0.199062] kfence: initialized - using 2097152 bytes for 255 objects at 0x(____ptrval____)-0x(____ptrval____)
[    0.199224] random: crng done (trusting CPU's manufacturer)
[    0.200847] Console: colour dummy device 80x25
[    0.200884] printk: console [tty0] enabled
[    0.203814] mempolicy: Enabling automatic NUMA balancing. Configure with numa_balancing= or the kernel.numa_balancing sysctl
[    0.203818] ACPI: Core revision 20210930
[    0.209695] clocksource: hpet: mask: 0xffffffff max_cycles: 0xffffffff, max_idle_ns: 76450417870 ns
[    0.209746] APIC: Switch to symmetric I/O mode setup
[    0.209896] x2apic: IRQ remapping doesn't support X2APIC mode
[    0.209899] x2apic disabled
[    0.209960] Switched APIC routing to physical flat.
[    0.210656] ..TIMER: vector=0x30 apic1=0 pin1=2 apic2=-1 pin2=-1
[    0.214804] clocksource: tsc-early: mask: 0xffffffffffffffff max_cycles: 0x36c657b5833, max_idle_ns: 881590513399 ns
[    0.214811] Calibrating delay loop (skipped), value calculated using timer frequency.. 3800.00 BogoMIPS (lpj=1900000)
[    0.214814] pid_max: default: 458752 minimum: 3584
[    0.217194] LSM: Security Framework initializing
[    0.217495] Yama: becoming mindful.
[    0.217637] SELinux:  Initializing.
[    0.218089] LSM support for eBPF active
[    0.238149] Dentry cache hash table entries: 16777216 (order: 15, 134217728 bytes, vmalloc)
[    0.248224] Inode-cache hash table entries: 8388608 (order: 14, 67108864 bytes, vmalloc)
[    0.248715] Mount-cache hash table entries: 262144 (order: 9, 2097152 bytes, vmalloc)
[    0.249027] Mountpoint-cache hash table entries: 262144 (order: 9, 2097152 bytes, vmalloc)
[    0.251364] x86/cpu: SGX disabled by BIOS.
[    0.251371] x86/tme: not enabled by BIOS
[    0.251377] CPU0: Thermal monitoring enabled (TM1)
[    0.251380] x86/cpu: User Mode Instruction Prevention (UMIP) activated
[    0.251791] process: using mwait in idle threads
[    0.251795] Last level iTLB entries: 4KB 0, 2MB 0, 4MB 0
[    0.251796] Last level dTLB entries: 4KB 0, 2MB 0, 4MB 0, 1GB 0
[    0.251802] Spectre V1 : Mitigation: usercopy/swapgs barriers and __user pointer sanitization
[    0.251805] Spectre V2 : Mitigation: Enhanced IBRS
[    0.251806] Spectre V2 : Spectre v2 / SpectreRSB mitigation: Filling RSB on context switch
[    0.251810] Spectre V2 : mitigation: Enabling conditional Indirect Branch Prediction Barrier
[    0.251812] Speculative Store Bypass: Mitigation: Speculative Store Bypass disabled via prctl
[    0.255577] Freeing SMP alternatives memory: 36K
[    0.256031] smpboot: Estimated ratio of average max frequency by base frequency (times 1024): 1670
[    0.256064] smpboot: CPU0: Genuine Intel(R) CPU 0000%@ (family: 0x6, model: 0x8f, stepping: 0x3)
[    0.256760] cblist_init_generic: Setting adjustable number of callback queues.
[    0.256809] cblist_init_generic: Setting shift to 9 and lim to 1.
[    0.256809] cblist_init_generic: Setting shift to 9 and lim to 1.
[    0.256809] cblist_init_generic: Setting shift to 9 and lim to 1.
[    0.256809] Performance Events: XSAVE Architectural LBR, PEBS fmt4+-baseline,  AnyThread deprecated, Sapphire Rapids events, 32-deep LBR, full-width counters, Intel PMU driver.
[    0.256875] ... version:                5
[    0.256876] ... bit width:              48
[    0.256877] ... generic registers:      8
[    0.256878] ... value mask:             0000ffffffffffff
[    0.256879] ... max period:             00007fffffffffff
[    0.256880] ... fixed-purpose events:   4
[    0.256881] ... event mask:             0001000f000000ff
[    0.257245] rcu: Hierarchical SRCU implementation.
[    0.285111] NMI watchdog: Enabled. Permanently consumes one hw-PMU counter.
[    0.289478] smp: Bringing up secondary CPUs ...
[    0.289682] x86: Booting SMP configuration:
[    0.289684] .... node  #0, CPUs:          #1   #2   #3   #4   #5   #6   #7   #8   #9  #10  #11  #12  #13  #14  #15  #16  #17  #18  #19  #20  #21  #22  #23  #24  #25  #26  #27  #28  #29  #30  #31  #32  #33  #34  #35  #36  #37  #38  #39  #40  #41  #42  #43  #44  #45  #46  #47  #48  #49  #50  #51  #52  #53  #54  #55
[    1.834100] .... node  #1, CPUs:    #56
[    0.010874] smpboot: CPU 56 Converting physical 0 to logical die 1
[    1.870022]   #57  #58  #59  #60  #61  #62  #63  #64  #65  #66  #67  #68  #69  #70  #71  #72  #73  #74  #75  #76  #77  #78  #79  #80  #81  #82  #83  #84  #85  #86  #87  #88  #89  #90  #91  #92  #93  #94  #95  #96  #97  #98  #99 #100 #101 #102 #103 #104 #105 #106 #107 #108 #109 #110 #111
[    3.423977] smpboot: native_cpu_up: bad cpu 112
[    3.424214] smpboot: native_cpu_up: bad cpu 113
[    3.424405] smpboot: native_cpu_up: bad cpu 114
[    3.424598] smpboot: native_cpu_up: bad cpu 115
[    3.424900] smpboot: native_cpu_up: bad cpu 116
[    3.425089] smpboot: native_cpu_up: bad cpu 117
[    3.425277] smpboot: native_cpu_up: bad cpu 118
[    3.425465] smpboot: native_cpu_up: bad cpu 119
[    3.425655] smpboot: native_cpu_up: bad cpu 120
[    3.425842] smpboot: native_cpu_up: bad cpu 121
[    3.426027] smpboot: native_cpu_up: bad cpu 122
[    3.426212] smpboot: native_cpu_up: bad cpu 123
[    3.426399] smpboot: native_cpu_up: bad cpu 124
[    3.426587] smpboot: native_cpu_up: bad cpu 125
[    3.426780] smpboot: native_cpu_up: bad cpu 126
[    3.426965] smpboot: native_cpu_up: bad cpu 127
[    3.427151] smpboot: native_cpu_up: bad cpu 128
[    3.427340] smpboot: native_cpu_up: bad cpu 129
[    3.427524] smpboot: native_cpu_up: bad cpu 130
[    3.427715] smpboot: native_cpu_up: bad cpu 131
[    3.427900] smpboot: native_cpu_up: bad cpu 132
[    3.428092] smpboot: native_cpu_up: bad cpu 133
[    3.428283] smpboot: native_cpu_up: bad cpu 134
[    3.428471] smpboot: native_cpu_up: bad cpu 135
[    3.428656] smpboot: native_cpu_up: bad cpu 136
[    3.428847] smpboot: native_cpu_up: bad cpu 137
[    3.429039] smpboot: native_cpu_up: bad cpu 138
[    3.429225] smpboot: native_cpu_up: bad cpu 139
[    3.429419] smpboot: native_cpu_up: bad cpu 140
[    3.429607] smpboot: native_cpu_up: bad cpu 141
[    3.429803] smpboot: native_cpu_up: bad cpu 142
[    3.430013] smpboot: native_cpu_up: bad cpu 143
[    3.430202] smpboot: native_cpu_up: bad cpu 144
[    3.430387] smpboot: native_cpu_up: bad cpu 145
[    3.430572] smpboot: native_cpu_up: bad cpu 146
[    3.430765] smpboot: native_cpu_up: bad cpu 147
[    3.430955] smpboot: native_cpu_up: bad cpu 148
[    3.431142] smpboot: native_cpu_up: bad cpu 149
[    3.431330] smpboot: native_cpu_up: bad cpu 150
[    3.431519] smpboot: native_cpu_up: bad cpu 151
[    3.431705] smpboot: native_cpu_up: bad cpu 152
[    3.431901] smpboot: native_cpu_up: bad cpu 153
[    3.432095] smpboot: native_cpu_up: bad cpu 154
[    3.432278] smpboot: native_cpu_up: bad cpu 155
[    3.432466] smpboot: native_cpu_up: bad cpu 156
[    3.432648] smpboot: native_cpu_up: bad cpu 157
[    3.432832] smpboot: native_cpu_up: bad cpu 158
[    3.433023] smpboot: native_cpu_up: bad cpu 159
[    3.433209] smpboot: native_cpu_up: bad cpu 160
[    3.433395] smpboot: native_cpu_up: bad cpu 161
[    3.433583] smpboot: native_cpu_up: bad cpu 162
[    3.433772] smpboot: native_cpu_up: bad cpu 163
[    3.433954] smpboot: native_cpu_up: bad cpu 164
[    3.434147] smpboot: native_cpu_up: bad cpu 165
[    3.434341] smpboot: native_cpu_up: bad cpu 166
[    3.434525] smpboot: native_cpu_up: bad cpu 167
[    3.434737] smpboot: native_cpu_up: bad cpu 168
[    3.434932] smpboot: native_cpu_up: bad cpu 169
[    3.435123] smpboot: native_cpu_up: bad cpu 170
[    3.435314] smpboot: native_cpu_up: bad cpu 171
[    3.435503] smpboot: native_cpu_up: bad cpu 172
[    3.435690] smpboot: native_cpu_up: bad cpu 173
[    3.435880] smpboot: native_cpu_up: bad cpu 174
[    3.436067] smpboot: native_cpu_up: bad cpu 175
[    3.436261] smpboot: native_cpu_up: bad cpu 176
[    3.436450] smpboot: native_cpu_up: bad cpu 177
[    3.436636] smpboot: native_cpu_up: bad cpu 178
[    3.436835] smpboot: native_cpu_up: bad cpu 179
[    3.437026] smpboot: native_cpu_up: bad cpu 180
[    3.437213] smpboot: native_cpu_up: bad cpu 181
[    3.437406] smpboot: native_cpu_up: bad cpu 182
[    3.437594] smpboot: native_cpu_up: bad cpu 183
[    3.437789] smpboot: native_cpu_up: bad cpu 184
[    3.437971] smpboot: native_cpu_up: bad cpu 185
[    3.438161] smpboot: native_cpu_up: bad cpu 186
[    3.438354] smpboot: native_cpu_up: bad cpu 187
[    3.438544] smpboot: native_cpu_up: bad cpu 188
[    3.438744] smpboot: native_cpu_up: bad cpu 189
[    3.438931] smpboot: native_cpu_up: bad cpu 190
[    3.439119] smpboot: native_cpu_up: bad cpu 191
[    3.439303] smpboot: native_cpu_up: bad cpu 192
[    3.439497] smpboot: native_cpu_up: bad cpu 193
[    3.439685] smpboot: native_cpu_up: bad cpu 194
[    3.439870] smpboot: native_cpu_up: bad cpu 195
[    3.440064] smpboot: native_cpu_up: bad cpu 196
[    3.440253] smpboot: native_cpu_up: bad cpu 197
[    3.440447] smpboot: native_cpu_up: bad cpu 198
[    3.440636] smpboot: native_cpu_up: bad cpu 199
[    3.440825] smpboot: native_cpu_up: bad cpu 200
[    3.441017] smpboot: native_cpu_up: bad cpu 201
[    3.441205] smpboot: native_cpu_up: bad cpu 202
[    3.441394] smpboot: native_cpu_up: bad cpu 203
[    3.441589] smpboot: native_cpu_up: bad cpu 204
[    3.441778] smpboot: native_cpu_up: bad cpu 205
[    3.441990] smpboot: native_cpu_up: bad cpu 206
[    3.442175] smpboot: native_cpu_up: bad cpu 207
[    3.442363] smpboot: native_cpu_up: bad cpu 208
[    3.442552] smpboot: native_cpu_up: bad cpu 209
[    3.442752] smpboot: native_cpu_up: bad cpu 210
[    3.442941] smpboot: native_cpu_up: bad cpu 211
[    3.443129] smpboot: native_cpu_up: bad cpu 212
[    3.443320] smpboot: native_cpu_up: bad cpu 213
[    3.443515] smpboot: native_cpu_up: bad cpu 214
[    3.443701] smpboot: native_cpu_up: bad cpu 215
[    3.443893] smpboot: native_cpu_up: bad cpu 216
[    3.444084] smpboot: native_cpu_up: bad cpu 217
[    3.444270] smpboot: native_cpu_up: bad cpu 218
[    3.444457] smpboot: native_cpu_up: bad cpu 219
[    3.444646] smpboot: native_cpu_up: bad cpu 220
[    3.444838] smpboot: native_cpu_up: bad cpu 221
[    3.445030] smpboot: native_cpu_up: bad cpu 222
[    3.445220] smpboot: native_cpu_up: bad cpu 223

[    3.445423] .... node  #0, CPUs:   #224 #225 #226 #227 #228 #229 #230 #231 #232 #233 #234 #235 #236 #237 #238 #239 #240 #241 #242 #243 #244 #245 #246 #247 #248 #249 #250 #251 #252 #253 #254 #255 #256 #257 #258 #259 #260 #261 #262 #263 #264 #265 #266 #267 #268 #269 #270 #271 #272 #273 #274 #275 #276 #277 #278 #279
[    5.009857] .... node  #1, CPUs:   #280 #281 #282 #283 #284 #285 #286 #287 #288 #289 #290 #291 #292 #293 #294 #295 #296 #297 #298 #299 #300 #301 #302 #303 #304 #305 #306 #307 #308 #309 #310 #311 #312 #313 #314 #315 #316 #317 #318 #319 #320 #321 #322 #323 #324 #325 #326 #327 #328 #329 #330 #331 #332 #333 #334 #335
[    6.607992] smpboot: native_cpu_up: bad cpu 336
[    6.608313] smpboot: native_cpu_up: bad cpu 337
[    6.608573] smpboot: native_cpu_up: bad cpu 338
[    6.608998] smpboot: native_cpu_up: bad cpu 339
[    6.609238] smpboot: native_cpu_up: bad cpu 340
[    6.609485] smpboot: native_cpu_up: bad cpu 341
[    6.609749] smpboot: native_cpu_up: bad cpu 342
[    6.609999] smpboot: native_cpu_up: bad cpu 343
[    6.610259] smpboot: native_cpu_up: bad cpu 344
[    6.610509] smpboot: native_cpu_up: bad cpu 345
[    6.610760] smpboot: native_cpu_up: bad cpu 346
[    6.611010] smpboot: native_cpu_up: bad cpu 347
[    6.611258] smpboot: native_cpu_up: bad cpu 348
[    6.611511] smpboot: native_cpu_up: bad cpu 349
[    6.611759] smpboot: native_cpu_up: bad cpu 350
[    6.612011] smpboot: native_cpu_up: bad cpu 351
[    6.612260] smpboot: native_cpu_up: bad cpu 352
[    6.612510] smpboot: native_cpu_up: bad cpu 353
[    6.612761] smpboot: native_cpu_up: bad cpu 354
[    6.613011] smpboot: native_cpu_up: bad cpu 355
[    6.613268] smpboot: native_cpu_up: bad cpu 356
[    6.613518] smpboot: native_cpu_up: bad cpu 357
[    6.613771] smpboot: native_cpu_up: bad cpu 358
[    6.614062] smpboot: native_cpu_up: bad cpu 359
[    6.614317] smpboot: native_cpu_up: bad cpu 360
[    6.614571] smpboot: native_cpu_up: bad cpu 361
[    6.614822] smpboot: native_cpu_up: bad cpu 362
[    6.615073] smpboot: native_cpu_up: bad cpu 363
[    6.615320] smpboot: native_cpu_up: bad cpu 364
[    6.615573] smpboot: native_cpu_up: bad cpu 365
[    6.615830] smpboot: native_cpu_up: bad cpu 366
[    6.616089] smpboot: native_cpu_up: bad cpu 367
[    6.616337] smpboot: native_cpu_up: bad cpu 368
[    6.616588] smpboot: native_cpu_up: bad cpu 369
[    6.616840] smpboot: native_cpu_up: bad cpu 370
[    6.617091] smpboot: native_cpu_up: bad cpu 371
[    6.617346] smpboot: native_cpu_up: bad cpu 372
[    6.617594] smpboot: native_cpu_up: bad cpu 373
[    6.617843] smpboot: native_cpu_up: bad cpu 374
[    6.618089] smpboot: native_cpu_up: bad cpu 375
[    6.618336] smpboot: native_cpu_up: bad cpu 376
[    6.618590] smpboot: native_cpu_up: bad cpu 377
[    6.618844] smpboot: native_cpu_up: bad cpu 378
[    6.619088] smpboot: native_cpu_up: bad cpu 379
[    6.619341] smpboot: native_cpu_up: bad cpu 380
[    6.619587] smpboot: native_cpu_up: bad cpu 381
[    6.619830] smpboot: native_cpu_up: bad cpu 382
[    6.620089] smpboot: native_cpu_up: bad cpu 383
[    6.620341] smpboot: native_cpu_up: bad cpu 384
[    6.620594] smpboot: native_cpu_up: bad cpu 385
[    6.620850] smpboot: native_cpu_up: bad cpu 386
[    6.621135] smpboot: native_cpu_up: bad cpu 387
[    6.621378] smpboot: native_cpu_up: bad cpu 388
[    6.621623] smpboot: native_cpu_up: bad cpu 389
[    6.621878] smpboot: native_cpu_up: bad cpu 390
[    6.622126] smpboot: native_cpu_up: bad cpu 391
[    6.622384] smpboot: native_cpu_up: bad cpu 392
[    6.622640] smpboot: native_cpu_up: bad cpu 393
[    6.622901] smpboot: native_cpu_up: bad cpu 394
[    6.623149] smpboot: native_cpu_up: bad cpu 395
[    6.623401] smpboot: native_cpu_up: bad cpu 396
[    6.623651] smpboot: native_cpu_up: bad cpu 397
[    6.623894] smpboot: native_cpu_up: bad cpu 398
[    6.624145] smpboot: native_cpu_up: bad cpu 399
[    6.624398] smpboot: native_cpu_up: bad cpu 400
[    6.624642] smpboot: native_cpu_up: bad cpu 401
[    6.624889] smpboot: native_cpu_up: bad cpu 402
[    6.625135] smpboot: native_cpu_up: bad cpu 403
[    6.625380] smpboot: native_cpu_up: bad cpu 404
[    6.625636] smpboot: native_cpu_up: bad cpu 405
[    6.625888] smpboot: native_cpu_up: bad cpu 406
[    6.626135] smpboot: native_cpu_up: bad cpu 407
[    6.626376] smpboot: native_cpu_up: bad cpu 408
[    6.626632] smpboot: native_cpu_up: bad cpu 409
[    6.626877] smpboot: native_cpu_up: bad cpu 410
[    6.627143] smpboot: native_cpu_up: bad cpu 411
[    6.627388] smpboot: native_cpu_up: bad cpu 412
[    6.627631] smpboot: native_cpu_up: bad cpu 413
[    6.627915] smpboot: native_cpu_up: bad cpu 414
[    6.628163] smpboot: native_cpu_up: bad cpu 415
[    6.628411] smpboot: native_cpu_up: bad cpu 416
[    6.628664] smpboot: native_cpu_up: bad cpu 417
[    6.628910] smpboot: native_cpu_up: bad cpu 418
[    6.629168] smpboot: native_cpu_up: bad cpu 419
[    6.629418] smpboot: native_cpu_up: bad cpu 420
[    6.629675] smpboot: native_cpu_up: bad cpu 421
[    6.629937] smpboot: native_cpu_up: bad cpu 422
[    6.630186] smpboot: native_cpu_up: bad cpu 423
[    6.630437] smpboot: native_cpu_up: bad cpu 424
[    6.630690] smpboot: native_cpu_up: bad cpu 425
[    6.630930] smpboot: native_cpu_up: bad cpu 426
[    6.631173] smpboot: native_cpu_up: bad cpu 427
[    6.631428] smpboot: native_cpu_up: bad cpu 428
[    6.631679] smpboot: native_cpu_up: bad cpu 429
[    6.631931] smpboot: native_cpu_up: bad cpu 430
[    6.632181] smpboot: native_cpu_up: bad cpu 431
[    6.632438] smpboot: native_cpu_up: bad cpu 432
[    6.632694] smpboot: native_cpu_up: bad cpu 433
[    6.632950] smpboot: native_cpu_up: bad cpu 434
[    6.633198] smpboot: native_cpu_up: bad cpu 435
[    6.633448] smpboot: native_cpu_up: bad cpu 436
[    6.633694] smpboot: native_cpu_up: bad cpu 437
[    6.633948] smpboot: native_cpu_up: bad cpu 438
[    6.634196] smpboot: native_cpu_up: bad cpu 439
[    6.634442] smpboot: native_cpu_up: bad cpu 440
[    6.634697] smpboot: native_cpu_up: bad cpu 441
[    6.634985] smpboot: native_cpu_up: bad cpu 442
[    6.635230] smpboot: native_cpu_up: bad cpu 443
[    6.635486] smpboot: native_cpu_up: bad cpu 444
[    6.635743] smpboot: native_cpu_up: bad cpu 445
[    6.635987] smpboot: native_cpu_up: bad cpu 446
[    6.636238] smpboot: native_cpu_up: bad cpu 447
[    6.636352] smp: Brought up 4 nodes, 224 CPUs
[    6.636355] smpboot: Max logical packages: 4
[    6.636364] smpboot: Total of 224 processors activated (849486.84 BogoMIPS)
[    6.674282] node 1 deferred pages initialised in 25ms
[    6.673860] node 0 deferred pages initialised in 25ms
[    6.961558] node 3 deferred pages initialised in 312ms
[    6.963991] node 2 deferred pages initialised in 315ms
[    6.976089] devtmpfs: initialized
[    6.976089] x86/mm: Memory block size: 2048MB
[    6.978013] ACPI: PM: Registering ACPI NVS region [mem 0x74f77000-0x772b3fff] (36950016 bytes)
[    6.979153] clocksource: jiffies: mask: 0xffffffff max_cycles: 0xffffffff, max_idle_ns: 1911260446275000 ns
[    6.979352] futex hash table entries: 131072 (order: 11, 8388608 bytes, vmalloc)
[    6.982659] pinctrl core: initialized pinctrl subsystem
[    6.983822] NET: Registered PF_NETLINK/PF_ROUTE protocol family
[    6.983978] DMA: preallocated 4096 KiB GFP_KERNEL pool for atomic allocations
[    6.983990] DMA: preallocated 4096 KiB GFP_KERNEL|GFP_DMA pool for atomic allocations
[    6.983999] DMA: preallocated 4096 KiB GFP_KERNEL|GFP_DMA32 pool for atomic allocations
[    6.984065] audit: initializing netlink subsys (disabled)
[    6.984070] audit: type=2000 audit(1652856995.775:1): state=initialized audit_enabled=0 res=1
[    6.986307] thermal_sys: Registered thermal governor 'fair_share'
[    6.986309] thermal_sys: Registered thermal governor 'step_wise'
[    6.986310] thermal_sys: Registered thermal governor 'user_space'
[    6.986849] cpuidle: using governor menu
[    6.989080] acpiphp: ACPI Hot Plug PCI Controller Driver version: 0.5
[    6.990098] PCI: MMCONFIG for domain 0000 [bus 00-7f] at [mem 0x80000000-0x87ffffff] (base 0x80000000)
[    6.990103] PCI: MMCONFIG for domain 0000 [bus 80-ff] at [mem 0x88000000-0x8fffffff] (base 0x80000000)
[    6.990105] PCI: MMCONFIG for domain 0001 [bus 00-7f] at [mem 0x90000000-0x97ffffff] (base 0x90000000)
[    6.990107] PCI: MMCONFIG for domain 0001 [bus 80-ff] at [mem 0x98000000-0x9fffffff] (base 0x90000000)
[    6.990112] PCI: MMCONFIG at [mem 0x80000000-0x87ffffff] reserved in E820
[    6.990114] PCI: MMCONFIG at [mem 0x88000000-0x8fffffff] reserved in E820
[    6.990115] PCI: MMCONFIG at [mem 0x90000000-0x97ffffff] reserved in E820
[    6.990116] PCI: MMCONFIG at [mem 0x98000000-0x9fffffff] reserved in E820
[    6.990159] PCI: Using configuration type 1 for base access
[    7.001812] ENERGY_PERF_BIAS: Set to 'normal', was 'performance'
[    7.010991] Kprobes globally optimized
[    7.011836] HugeTLB registered 1.00 GiB page size, pre-allocated 0 pages
[    7.011836] HugeTLB registered 2.00 MiB page size, pre-allocated 0 pages
[    7.013114] cryptd: max_cpu_qlen set to 1000
[    7.015127] PRM: found 2 modules
[    7.015450] ACPI: Added _OSI(Module Device)
[    7.015451] ACPI: Added _OSI(Processor Device)
[    7.015452] ACPI: Added _OSI(3.0 _SCP Extensions)
[    7.015453] ACPI: Added _OSI(Processor Aggregator Device)
[    7.015454] ACPI: Added _OSI(Linux-Dell-Video)
[    7.015455] ACPI: Added _OSI(Linux-Lenovo-NV-HDMI-Audio)
[    7.015456] ACPI: Added _OSI(Linux-HPI-Hybrid-Graphics)
[    7.204112] ACPI: 11 ACPI AML tables successfully acquired and loaded
[    7.271385] ACPI: Dynamic OEM Table Load:
[    7.421298] ACPI: Dynamic OEM Table Load:
[    7.447539] ACPI: Dynamic OEM Table Load:
[    7.855326] ACPI: Interpreter enabled
[    7.855359] ACPI: PM: (supports S0 S4 S5)
[    7.855361] ACPI: Using IOAPIC for interrupt routing
[    7.855421] HEST: Table parsing has been initialized.
[    7.855423] PCI: Using host bridge windows from ACPI; if necessary, use "pci=nocrs" and report a bug
[    7.892663] ACPI: Enabled 2 GPEs in block 00 to 7F
[    8.109795] ACPI: PCI Root Bridge [PC00] (domain 0000 [bus 00-14])
[    8.109803] acpi PNP0A08:00: _OSC: OS supports [ExtendedConfig ASPM ClockPM Segments MSI EDR HPX-Type3]
[    8.154155] acpi PNP0A08:00: _OSC: platform does not support [SHPCHotplug LTR DPC]
[    8.245721] acpi PNP0A08:00: _OSC: OS now controls [PCIeHotplug PME AER PCIeCapability]
[    8.246241] PCI host bridge to bus 0000:00
[    8.246243] pci_bus 0000:00: root bus resource [io  0x0000-0x0cf7 window]
[    8.246246] pci_bus 0000:00: root bus resource [io  0x1000-0x3fff window]
[    8.246248] pci_bus 0000:00: root bus resource [mem 0x000a0000-0x000bffff window]
[    8.246249] pci_bus 0000:00: root bus resource [mem 0x000c8000-0x000cffff window]
[    8.246251] pci_bus 0000:00: root bus resource [mem 0xfe010000-0xfe010fff window]
[    8.246252] pci_bus 0000:00: root bus resource [mem 0xa0040000-0xa53fffff window]
[    8.246254] pci_bus 0000:00: root bus resource [mem 0x200000000000-0x200fffffffff window]
[    8.246255] pci_bus 0000:00: root bus resource [bus 00-14]
[    8.246324] pci 0000:00:00.0: [8086:09a2] type 00 class 0x088000
[    8.246476] pci 0000:00:00.1: [8086:09a4] type 00 class 0x088000
[    8.246607] pci 0000:00:00.2: [8086:09a3] type 00 class 0x088000
[    8.246743] pci 0000:00:00.4: [8086:0b23] type 00 class 0x080700
[    8.246998] pci 0000:00:0d.0: [8086:1bbd] type 01 class 0x060400
[    8.247020] pci 0000:00:0d.0: reg 0x10: [mem 0x200ffff20000-0x200ffff3ffff 64bit]
[    8.247049] pci 0000:00:0d.0: enabling Extended Tags
[    8.247124] pci 0000:00:0d.0: PME# supported from D0 D3hot D3cold
[    8.247799] pci 0000:00:0f.0: [8086:1bbf] type 01 class 0x060400
[    8.247820] pci 0000:00:0f.0: reg 0x10: [mem 0x200ffff00000-0x200ffff1ffff 64bit]
[    8.247848] pci 0000:00:0f.0: enabling Extended Tags
[    8.247922] pci 0000:00:0f.0: PME# supported from D0 D3hot D3cold
[    8.248568] pci 0000:00:14.0: [8086:1bcd] type 00 class 0x0c0330
[    8.248588] pci 0000:00:14.0: reg 0x10: [mem 0x200ffff40000-0x200ffff4ffff 64bit]
[    8.248664] pci 0000:00:14.0: PME# supported from D3hot D3cold
[    8.249010] pci 0000:00:14.2: [8086:1bce] type 00 class 0x050000
[    8.249032] pci 0000:00:14.2: reg 0x10: [mem 0x200ffff54000-0x200ffff57fff 64bit]
[    8.249047] pci 0000:00:14.2: reg 0x18: [mem 0x200ffff5b000-0x200ffff5bfff 64bit]
[    8.249209] pci 0000:00:14.4: [8086:1bfe] type 00 class 0x060000
[    8.249436] pci 0000:00:15.0: [8086:1bff] type 00 class 0x088000
[    8.249461] pci 0000:00:15.0: reg 0x10: [mem 0x200ffff5a000-0x200ffff5a3ff 64bit]
[    8.249747] pci 0000:00:16.0: [8086:1be0] type 00 class 0x078000
[    8.249775] pci 0000:00:16.0: reg 0x10: [mem 0x200ffff59000-0x200ffff59fff 64bit]
[    8.249880] pci 0000:00:16.0: PME# supported from D3hot
[    8.250072] pci 0000:00:17.0: [8086:1ba2] type 00 class 0x010601
[    8.250089] pci 0000:00:17.0: reg 0x10: [mem 0xa5200000-0xa5201fff]
[    8.250100] pci 0000:00:17.0: reg 0x14: [mem 0xa5204000-0xa52040ff]
[    8.250109] pci 0000:00:17.0: reg 0x18: [io  0x3040-0x3047]
[    8.250119] pci 0000:00:17.0: reg 0x1c: [io  0x3048-0x304b]
[    8.250129] pci 0000:00:17.0: reg 0x20: [io  0x3020-0x303f]
[    8.250139] pci 0000:00:17.0: reg 0x24: [mem 0xa5203000-0xa52037ff]
[    8.250188] pci 0000:00:17.0: PME# supported from D3hot
[    8.250662] pci 0000:00:1f.0: [8086:1b81] type 00 class 0x060100
[    8.251047] pci 0000:00:1f.3: [8086:1bc8] type 00 class 0x040300
[    8.251070] pci 0000:00:1f.3: reg 0x10: [mem 0x200ffff50000-0x200ffff53fff 64bit]
[    8.251153] pci 0000:00:1f.3: PME# supported from D3hot D3cold
[    8.251320] pci 0000:00:1f.4: [8086:1bc9] type 00 class 0x0c0500
[    8.251346] pci 0000:00:1f.4: reg 0x10: [mem 0x200ffff58000-0x200ffff580ff 64bit]
[    8.251372] pci 0000:00:1f.4: reg 0x20: [io  0x3000-0x301f]
[    8.251546] pci 0000:00:1f.5: [8086:1bca] type 00 class 0x0c8000
[    8.251567] pci 0000:00:1f.5: reg 0x10: [mem 0xfe010000-0xfe010fff]
[    8.251579] pci 0000:00:1f.5: reg 0x14: [mem 0xa2000000-0xa3ffffff]
[    8.251767] pci 0000:01:00.0: working around ROM BAR overlap defect
[    8.251768] pci 0000:01:00.0: [8086:1533] type 00 class 0x020000
[    8.251793] pci 0000:01:00.0: reg 0x10: [mem 0xa5100000-0xa517ffff]
[    8.251816] pci 0000:01:00.0: reg 0x18: [io  0x2000-0x201f]
[    8.251828] pci 0000:01:00.0: reg 0x1c: [mem 0xa5180000-0xa5183fff]
[    8.251978] pci 0000:01:00.0: PME# supported from D0 D3hot D3cold
[    8.252154] pci 0000:00:0d.0: PCI bridge to [bus 01]
[    8.252157] pci 0000:00:0d.0:   bridge window [io  0x2000-0x2fff]
[    8.252161] pci 0000:00:0d.0:   bridge window [mem 0xa5100000-0xa51fffff]
[    8.252233] pci 0000:02:00.0: [1a03:1150] type 01 class 0x060400
[    8.252303] pci 0000:02:00.0: enabling Extended Tags
[    8.252379] pci 0000:02:00.0: supports D1 D2
[    8.252380] pci 0000:02:00.0: PME# supported from D0 D1 D2 D3hot D3cold
[    8.252483] pci 0000:00:0f.0: PCI bridge to [bus 02-03]
[    8.252487] pci 0000:00:0f.0:   bridge window [io  0x1000-0x1fff]
[    8.252490] pci 0000:00:0f.0:   bridge window [mem 0xa4000000-0xa50fffff]
[    8.252541] pci_bus 0000:03: extended config space not accessible
[    8.252567] pci 0000:03:00.0: [1a03:2000] type 00 class 0x030000
[    8.252589] pci 0000:03:00.0: reg 0x10: [mem 0xa4000000-0xa4ffffff]
[    8.252602] pci 0000:03:00.0: reg 0x14: [mem 0xa5000000-0xa503ffff]
[    8.252614] pci 0000:03:00.0: reg 0x18: [io  0x1000-0x107f]
[    8.252669] pci 0000:03:00.0: BAR 0: assigned to efifb
[    8.252713] pci 0000:03:00.0: supports D1 D2
[    8.252714] pci 0000:03:00.0: PME# supported from D0 D1 D2 D3hot D3cold
[    8.252802] pci 0000:02:00.0: PCI bridge to [bus 03]
[    8.252810] pci 0000:02:00.0:   bridge window [io  0x1000-0x1fff]
[    8.252814] pci 0000:02:00.0:   bridge window [mem 0xa4000000-0xa50fffff]
[    8.252847] pci_bus 0000:00: on NUMA node 0
[    8.253353] ACPI: PCI Root Bridge [PC01] (domain 0000 [bus 15-25])
[    8.253357] acpi PNP0A08:01: _OSC: OS supports [ExtendedConfig ASPM ClockPM Segments MSI EDR HPX-Type3]
[    8.261821] acpi PNP0A08:01: _OSC: platform does not support [SHPCHotplug]
[    8.277866] acpi PNP0A08:01: _OSC: OS now controls [PCIeHotplug PME AER PCIeCapability LTR DPC]
[    8.277978] PCI host bridge to bus 0000:15
[    8.277979] pci_bus 0000:15: root bus resource [io  0x4000-0x4fff window]
[    8.277981] pci_bus 0000:15: root bus resource [mem 0xa5400000-0xa57fffff window]
[    8.277983] pci_bus 0000:15: root bus resource [mem 0x201000000000-0x201fffffffff window]
[    8.277984] pci_bus 0000:15: root bus resource [bus 15-25]
[    8.278002] pci 0000:15:00.0: [8086:09a2] type 00 class 0x088000
[    8.278094] pci 0000:15:00.1: [8086:09a4] type 00 class 0x088000
[    8.278178] pci 0000:15:00.2: [8086:09a3] type 00 class 0x088000
[    8.278261] pci 0000:15:00.4: [8086:0b23] type 00 class 0x080700
[    8.278387] pci_bus 0000:15: on NUMA node 0
[    8.278514] ACPI: PCI Root Bridge [PC02] (domain 0000 [bus 26-36])
[    8.278517] acpi PNP0A08:02: _OSC: OS supports [ExtendedConfig ASPM ClockPM Segments MSI EDR HPX-Type3]
[    8.285854] acpi PNP0A08:02: _OSC: platform does not support [SHPCHotplug]
[    8.301806] acpi PNP0A08:02: _OSC: OS now controls [PCIeHotplug PME AER PCIeCapability LTR DPC]
[    8.301916] PCI host bridge to bus 0000:26
[    8.301917] pci_bus 0000:26: root bus resource [io  0x5000-0x5fff window]
[    8.301919] pci_bus 0000:26: root bus resource [mem 0xa5800000-0xa7bfffff window]
[    8.301920] pci_bus 0000:26: root bus resource [mem 0x202000000000-0x202fffffffff window]
[    8.301921] pci_bus 0000:26: root bus resource [bus 26-36]
[    8.301939] pci 0000:26:00.0: [8086:09a2] type 00 class 0x088000
[    8.302022] pci 0000:26:00.1: [8086:09a4] type 00 class 0x088000
[    8.302109] pci 0000:26:00.2: [8086:09a3] type 00 class 0x088000
[    8.302193] pci 0000:26:00.4: [8086:0b23] type 00 class 0x080700
[    8.302318] pci_bus 0000:26: on NUMA node 0
[    8.302437] ACPI: PCI Root Bridge [PC03] (domain 0000 [bus 37-47])
[    8.302440] acpi PNP0A08:03: _OSC: OS supports [ExtendedConfig ASPM ClockPM Segments MSI EDR HPX-Type3]
[    8.310789] acpi PNP0A08:03: _OSC: platform does not support [SHPCHotplug]
[    8.326777] acpi PNP0A08:03: _OSC: OS now controls [PCIeHotplug PME AER PCIeCapability LTR DPC]
[    8.326886] PCI host bridge to bus 0000:37
[    8.326887] pci_bus 0000:37: root bus resource [io  0x6000-0x6fff window]
[    8.326889] pci_bus 0000:37: root bus resource [mem 0xa7c00000-0xa87fffff window]
[    8.326890] pci_bus 0000:37: root bus resource [mem 0x203000000000-0x203fffffffff window]
[    8.326892] pci_bus 0000:37: root bus resource [bus 37-47]
[    8.326909] pci 0000:37:00.0: [8086:09a2] type 00 class 0x088000
[    8.326993] pci 0000:37:00.1: [8086:09a4] type 00 class 0x088000
[    8.327080] pci 0000:37:00.2: [8086:09a3] type 00 class 0x088000
[    8.327168] pci 0000:37:00.4: [8086:0b23] type 00 class 0x080700
[    8.327291] pci_bus 0000:37: on NUMA node 0
[    8.327408] ACPI: PCI Root Bridge [PC04] (domain 0000 [bus 48-58])
[    8.327411] acpi PNP0A08:04: _OSC: OS supports [ExtendedConfig ASPM ClockPM Segments MSI EDR HPX-Type3]
[    8.335736] acpi PNP0A08:04: _OSC: platform does not support [SHPCHotplug]
[    8.351710] acpi PNP0A08:04: _OSC: OS now controls [PCIeHotplug PME AER PCIeCapability LTR DPC]
[    8.351814] PCI host bridge to bus 0000:48
[    8.351815] pci_bus 0000:48: root bus resource [io  0x7000-0x7fff window]
[    8.351816] pci_bus 0000:48: root bus resource [mem 0xa8800000-0xa8bfffff window]
[    8.351818] pci_bus 0000:48: root bus resource [mem 0x204000000000-0x204fffffffff window]
[    8.351819] pci_bus 0000:48: root bus resource [bus 48-58]
[    8.351836] pci 0000:48:00.0: [8086:09a2] type 00 class 0x088000
[    8.351923] pci 0000:48:00.1: [8086:09a4] type 00 class 0x088000
[    8.352005] pci 0000:48:00.2: [8086:09a3] type 00 class 0x088000
[    8.352095] pci 0000:48:00.4: [8086:0b23] type 00 class 0x080700
[    8.352224] pci 0000:48:09.0: [8086:347e] type 00 class 0x068000
[    8.352238] pci 0000:48:09.0: reg 0x10: [mem 0x204fffc00000-0x204fffc1ffff 64bit]
[    8.352247] pci 0000:48:09.0: reg 0x18: [mem 0x204fff400000-0x204fff7fffff 64bit pref]
[    8.352257] pci 0000:48:09.0: reg 0x20: [mem 0x204fff800000-0x204fffbfffff 64bit pref]
[    8.352293] pci 0000:48:09.0: PME# supported from D0 D3hot D3cold
[    8.352343] pci_bus 0000:48: on NUMA node 0
[    8.352463] ACPI: PCI Root Bridge [PC05] (domain 0000 [bus 59-69])
[    8.352465] acpi PNP0A08:05: _OSC: OS supports [ExtendedConfig ASPM ClockPM Segments MSI EDR HPX-Type3]
[    8.360789] acpi PNP0A08:05: _OSC: platform does not support [SHPCHotplug]
[    8.376750] acpi PNP0A08:05: _OSC: OS now controls [PCIeHotplug PME AER PCIeCapability LTR DPC]
[    8.376852] PCI host bridge to bus 0000:59
[    8.376853] pci_bus 0000:59: root bus resource [io  0x8000-0x8fff window]
[    8.376854] pci_bus 0000:59: root bus resource [mem 0xa8c00000-0xb1bfffff window]
[    8.376855] pci_bus 0000:59: root bus resource [mem 0x205000000000-0x205fffffffff window]
[    8.376857] pci_bus 0000:59: root bus resource [bus 59-69]
[    8.376874] pci 0000:59:00.0: [8086:09a2] type 00 class 0x088000
[    8.376962] pci 0000:59:00.1: [8086:09a4] type 00 class 0x088000
[    8.377045] pci 0000:59:00.2: [8086:09a3] type 00 class 0x088000
[    8.377136] pci 0000:59:00.4: [8086:0b23] type 00 class 0x080700
[    8.377259] pci_bus 0000:59: on NUMA node 0
[    8.377410] ACPI: PCI Root Bridge [DI08] (domain 0000 [bus 6a])
[    8.377413] acpi PNP0A08:07: _OSC: OS supports [ExtendedConfig ASPM ClockPM Segments MSI EDR HPX-Type3]
[    8.385293] acpi PNP0A08:07: _OSC: platform does not support [SHPCHotplug]
[    8.401022] acpi PNP0A08:07: _OSC: OS now controls [PCIeHotplug PME AER PCIeCapability LTR DPC]
[    8.401090] PCI host bridge to bus 0000:6a
[    8.401091] pci_bus 0000:6a: root bus resource [mem 0xb1c00000-0xb1ffffff window]
[    8.401093] pci_bus 0000:6a: root bus resource [mem 0x206500000000-0x206fffffffff window]
[    8.401094] pci_bus 0000:6a: root bus resource [bus 6a]
[    8.401107] pci 0000:6a:00.0: [8086:09a2] type 00 class 0x088000
[    8.401189] pci 0000:6a:00.1: [8086:09a4] type 00 class 0x088000
[    8.401266] pci 0000:6a:00.2: [8086:09a3] type 00 class 0x088000
[    8.401349] pci 0000:6a:00.4: [8086:0b23] type 00 class 0x080700
[    8.401465] pci 0000:6a:01.0: [8086:0b25] type 00 class 0x088000
[    8.401475] pci 0000:6a:01.0: reg 0x10: [mem 0x206ffff60000-0x206ffff6ffff 64bit pref]
[    8.401483] pci 0000:6a:01.0: reg 0x18: [mem 0x206ffff00000-0x206ffff1ffff 64bit pref]
[    8.401603] pci 0000:6a:02.0: [8086:0cfe] type 00 class 0x088000
[    8.401613] pci 0000:6a:02.0: reg 0x10: [mem 0x206ffff70000-0x206ffff7ffff 64bit pref]
[    8.401620] pci 0000:6a:02.0: reg 0x18: [mem 0x206ffff20000-0x206ffff3ffff 64bit pref]
[    8.401727] pci 0000:6a:03.0: [8086:09a6] type 00 class 0x088000
[    8.401735] pci 0000:6a:03.0: reg 0x10: [mem 0xb1d00000-0xb1dfffff]
[    8.401835] pci 0000:6a:03.1: [8086:09a7] type 00 class 0x088000
[    8.401843] pci 0000:6a:03.1: reg 0x10: [mem 0xb1e40000-0xb1e41fff]
[    8.401847] pci 0000:6a:03.1: reg 0x14: [mem 0xb1e00000-0xb1e3ffff]
[    8.401945] pci 0000:6a:03.2: [8086:09a8] type 00 class 0x088000
[    8.401952] pci 0000:6a:03.2: reg 0x10: [mem 0xb1c00000-0xb1cfffff]
[    8.402048] pci 0000:6a:04.0: [8086:3456] type 00 class 0x130000
[    8.402061] pci 0000:6a:04.0: reg 0x10: [mem 0x206fffe00000-0x206fffefffff 64bit]
[    8.402069] pci 0000:6a:04.0: reg 0x18: [mem 0x206ffff80000-0x206ffff83fff 64bit]
[    8.402077] pci 0000:6a:04.0: reg 0x20: [mem 0x206ffff40000-0x206ffff5ffff 64bit]
[    8.402149] pci_bus 0000:6a: on NUMA node 0
[    8.402249] ACPI: PCI Root Bridge [CP08] (domain 0000 [bus 6b-6c])
[    8.402251] acpi PNP0A08:08: _OSC: OS supports [ExtendedConfig ASPM ClockPM Segments MSI EDR HPX-Type3]
[    8.410097] acpi PNP0A08:08: _OSC: platform does not support [SHPCHotplug]
[    8.425711] acpi PNP0A08:08: _OSC: OS now controls [PCIeHotplug PME AER PCIeCapability LTR DPC]
[    8.425766] PCI host bridge to bus 0000:6b
[    8.425767] pci_bus 0000:6b: root bus resource [mem 0x206000000000-0x2060ffffffff window]
[    8.425769] pci_bus 0000:6b: root bus resource [bus 6b-6c]
[    8.425784] pci 0000:6b:00.0: [8086:4940] type 00 class 0x0b4000
[    8.425795] pci 0000:6b:00.0: reg 0x10: [mem 0x2060ffa00000-0x2060ffa7ffff 64bit]
[    8.425803] pci 0000:6b:00.0: reg 0x18: [mem 0x2060ff000000-0x2060ff7fffff 64bit]
[    8.425810] pci 0000:6b:00.0: reg 0x20: [mem 0x2060ff800000-0x2060ff9fffff 64bit]
[    8.425870] pci 0000:6b:00.0: reg 0x174: [mem 0x2060ffb00000-0x2060ffb07fff 64bit]
[    8.425871] pci 0000:6b:00.0: VF(n) BAR0 space: [mem 0x2060ffb00000-0x2060ffb7ffff 64bit] (contains BAR0 for 16 VFs)
[    8.425877] pci 0000:6b:00.0: reg 0x17c: [mem 0x2060ffb80000-0x2060ffb81fff 64bit]
[    8.425878] pci 0000:6b:00.0: VF(n) BAR2 space: [mem 0x2060ffb80000-0x2060ffb9ffff 64bit] (contains BAR2 for 16 VFs)
[    8.425883] pci 0000:6b:00.0: reg 0x184: [mem 0x2060ffa80000-0x2060ffa87fff 64bit]
[    8.425885] pci 0000:6b:00.0: VF(n) BAR4 space: [mem 0x2060ffa80000-0x2060ffafffff 64bit] (contains BAR4 for 16 VFs)
[    8.425969] pci_bus 0000:6b: on NUMA node 0
[    8.426059] ACPI: PCI Root Bridge [HQ08] (domain 0000 [bus 6d-6e])
[    8.426062] acpi PNP0A08:09: _OSC: OS supports [ExtendedConfig ASPM ClockPM Segments MSI EDR HPX-Type3]
[    8.433876] acpi PNP0A08:09: _OSC: platform does not support [SHPCHotplug]
[    8.449355] acpi PNP0A08:09: _OSC: OS now controls [PCIeHotplug PME AER PCIeCapability LTR DPC]
[    8.449411] PCI host bridge to bus 0000:6d
[    8.449412] pci_bus 0000:6d: root bus resource [mem 0x206100000000-0x2064ffffffff window]
[    8.449414] pci_bus 0000:6d: root bus resource [bus 6d-6e]
[    8.449426] pci 0000:6d:00.0: [8086:2710] type 00 class 0x0b4000
[    8.449436] pci 0000:6d:00.0: reg 0x10: [mem 0x206400000000-0x206403ffffff 64bit pref]
[    8.449443] pci 0000:6d:00.0: reg 0x18: [mem 0x206300000000-0x2063ffffffff 64bit pref]
[    8.449498] pci 0000:6d:00.0: reg 0x12c: [mem 0x206404000000-0x206407ffffff 64bit pref]
[    8.449500] pci 0000:6d:00.0: VF(n) BAR0 space: [mem 0x206404000000-0x206443ffffff 64bit pref] (contains BAR0 for 16 VFs)
[    8.449582] pci_bus 0000:6d: on NUMA node 0
[    8.449696] ACPI: PCI Root Bridge [DI09] (domain 0000 [bus 6f])
[    8.449698] acpi PNP0A08:0e: _OSC: OS supports [ExtendedConfig ASPM ClockPM Segments MSI EDR HPX-Type3]
[    8.457601] acpi PNP0A08:0e: _OSC: platform does not support [SHPCHotplug]
[    8.473651] acpi PNP0A08:0e: _OSC: OS now controls [PCIeHotplug PME AER PCIeCapability LTR DPC]
[    8.473721] PCI host bridge to bus 0000:6f
[    8.473722] pci_bus 0000:6f: root bus resource [mem 0xb2000000-0xb23fffff window]
[    8.473724] pci_bus 0000:6f: root bus resource [mem 0x207500000000-0x207fffffffff window]
[    8.473725] pci_bus 0000:6f: root bus resource [bus 6f]
[    8.473738] pci 0000:6f:00.0: [8086:09a2] type 00 class 0x088000
[    8.473822] pci 0000:6f:00.1: [8086:09a4] type 00 class 0x088000
[    8.473899] pci 0000:6f:00.2: [8086:09a3] type 00 class 0x088000
[    8.473984] pci 0000:6f:00.4: [8086:0b23] type 00 class 0x080700
[    8.474104] pci 0000:6f:01.0: [8086:0b25] type 00 class 0x088000
[    8.474114] pci 0000:6f:01.0: reg 0x10: [mem 0x207ffff60000-0x207ffff6ffff 64bit pref]
[    8.474122] pci 0000:6f:01.0: reg 0x18: [mem 0x207ffff00000-0x207ffff1ffff 64bit pref]
[    8.474236] pci 0000:6f:02.0: [8086:0cfe] type 00 class 0x088000
[    8.474246] pci 0000:6f:02.0: reg 0x10: [mem 0x207ffff70000-0x207ffff7ffff 64bit pref]
[    8.474253] pci 0000:6f:02.0: reg 0x18: [mem 0x207ffff20000-0x207ffff3ffff 64bit pref]
[    8.474362] pci 0000:6f:04.0: [8086:3456] type 00 class 0x130000
[    8.474374] pci 0000:6f:04.0: reg 0x10: [mem 0x207fffe00000-0x207fffefffff 64bit]
[    8.474383] pci 0000:6f:04.0: reg 0x18: [mem 0x207ffff80000-0x207ffff83fff 64bit]
[    8.474391] pci 0000:6f:04.0: reg 0x20: [mem 0x207ffff40000-0x207ffff5ffff 64bit]
[    8.474459] pci_bus 0000:6f: on NUMA node 0
[    8.474558] ACPI: PCI Root Bridge [CP09] (domain 0000 [bus 70-71])
[    8.474561] acpi PNP0A08:0f: _OSC: OS supports [ExtendedConfig ASPM ClockPM Segments MSI EDR HPX-Type3]
[    8.482268] acpi PNP0A08:0f: _OSC: platform does not support [SHPCHotplug]
[    8.499083] acpi PNP0A08:0f: _OSC: OS now controls [PCIeHotplug PME AER PCIeCapability LTR DPC]
[    8.499137] PCI host bridge to bus 0000:70
[    8.499138] pci_bus 0000:70: root bus resource [mem 0x207000000000-0x2070ffffffff window]
[    8.499140] pci_bus 0000:70: root bus resource [bus 70-71]
[    8.499155] pci 0000:70:00.0: [8086:4940] type 00 class 0x0b4000
[    8.499166] pci 0000:70:00.0: reg 0x10: [mem 0x2070ffa00000-0x2070ffa7ffff 64bit]
[    8.499173] pci 0000:70:00.0: reg 0x18: [mem 0x2070ff000000-0x2070ff7fffff 64bit]
[    8.499181] pci 0000:70:00.0: reg 0x20: [mem 0x2070ff800000-0x2070ff9fffff 64bit]
[    8.499240] pci 0000:70:00.0: reg 0x174: [mem 0x2070ffb00000-0x2070ffb07fff 64bit]
[    8.499242] pci 0000:70:00.0: VF(n) BAR0 space: [mem 0x2070ffb00000-0x2070ffb7ffff 64bit] (contains BAR0 for 16 VFs)
[    8.499247] pci 0000:70:00.0: reg 0x17c: [mem 0x2070ffb80000-0x2070ffb81fff 64bit]
[    8.499248] pci 0000:70:00.0: VF(n) BAR2 space: [mem 0x2070ffb80000-0x2070ffb9ffff 64bit] (contains BAR2 for 16 VFs)
[    8.499253] pci 0000:70:00.0: reg 0x184: [mem 0x2070ffa80000-0x2070ffa87fff 64bit]
[    8.499254] pci 0000:70:00.0: VF(n) BAR4 space: [mem 0x2070ffa80000-0x2070ffafffff 64bit] (contains BAR4 for 16 VFs)
[    8.499341] pci_bus 0000:70: on NUMA node 0
[    8.499431] ACPI: PCI Root Bridge [HQ09] (domain 0000 [bus 72-73])
[    8.499434] acpi PNP0A08:10: _OSC: OS supports [ExtendedConfig ASPM ClockPM Segments MSI EDR HPX-Type3]
[    8.507132] acpi PNP0A08:10: _OSC: platform does not support [SHPCHotplug]
[    8.522479] acpi PNP0A08:10: _OSC: OS now controls [PCIeHotplug PME AER PCIeCapability LTR DPC]
[    8.522540] PCI host bridge to bus 0000:72
[    8.522541] pci_bus 0000:72: root bus resource [mem 0x207100000000-0x2074ffffffff window]
[    8.522543] pci_bus 0000:72: root bus resource [bus 72-73]
[    8.522555] pci 0000:72:00.0: [8086:2710] type 00 class 0x0b4000
[    8.522565] pci 0000:72:00.0: reg 0x10: [mem 0x207400000000-0x207403ffffff 64bit pref]
[    8.522573] pci 0000:72:00.0: reg 0x18: [mem 0x207300000000-0x2073ffffffff 64bit pref]
[    8.522628] pci 0000:72:00.0: reg 0x12c: [mem 0x207404000000-0x207407ffffff 64bit pref]
[    8.522629] pci 0000:72:00.0: VF(n) BAR0 space: [mem 0x207404000000-0x207443ffffff 64bit pref] (contains BAR0 for 16 VFs)
[    8.522711] pci_bus 0000:72: on NUMA node 0
[    8.522826] ACPI: PCI Root Bridge [DI0A] (domain 0000 [bus 74])
[    8.522829] acpi PNP0A08:15: _OSC: OS supports [ExtendedConfig ASPM ClockPM Segments MSI EDR HPX-Type3]
[    8.530689] acpi PNP0A08:15: _OSC: platform does not support [SHPCHotplug]
[    8.546452] acpi PNP0A08:15: _OSC: OS now controls [PCIeHotplug PME AER PCIeCapability LTR DPC]
[    8.546521] PCI host bridge to bus 0000:74
[    8.546522] pci_bus 0000:74: root bus resource [mem 0xb2400000-0xb27fffff window]
[    8.546524] pci_bus 0000:74: root bus resource [mem 0x208500000000-0x208fffffffff window]
[    8.546525] pci_bus 0000:74: root bus resource [bus 74]
[    8.546538] pci 0000:74:00.0: [8086:09a2] type 00 class 0x088000
[    8.546623] pci 0000:74:00.1: [8086:09a4] type 00 class 0x088000
[    8.546702] pci 0000:74:00.2: [8086:09a3] type 00 class 0x088000
[    8.546786] pci 0000:74:00.4: [8086:0b23] type 00 class 0x080700
[    8.546916] pci 0000:74:01.0: [8086:0b25] type 00 class 0x088000
[    8.546928] pci 0000:74:01.0: reg 0x10: [mem 0x208ffff60000-0x208ffff6ffff 64bit pref]
[    8.546935] pci 0000:74:01.0: reg 0x18: [mem 0x208ffff00000-0x208ffff1ffff 64bit pref]
[    8.547048] pci 0000:74:02.0: [8086:0cfe] type 00 class 0x088000
[    8.547058] pci 0000:74:02.0: reg 0x10: [mem 0x208ffff70000-0x208ffff7ffff 64bit pref]
[    8.547066] pci 0000:74:02.0: reg 0x18: [mem 0x208ffff20000-0x208ffff3ffff 64bit pref]
[    8.547179] pci 0000:74:04.0: [8086:3456] type 00 class 0x130000
[    8.547192] pci 0000:74:04.0: reg 0x10: [mem 0x208fffe00000-0x208fffefffff 64bit]
[    8.547200] pci 0000:74:04.0: reg 0x18: [mem 0x208ffff80000-0x208ffff83fff 64bit]
[    8.547208] pci 0000:74:04.0: reg 0x20: [mem 0x208ffff40000-0x208ffff5ffff 64bit]
[    8.547276] pci_bus 0000:74: on NUMA node 0
[    8.547374] ACPI: PCI Root Bridge [CP0A] (domain 0000 [bus 75-76])
[    8.547377] acpi PNP0A08:16: _OSC: OS supports [ExtendedConfig ASPM ClockPM Segments MSI EDR HPX-Type3]
[    8.555046] acpi PNP0A08:16: _OSC: platform does not support [SHPCHotplug]
[    8.570397] acpi PNP0A08:16: _OSC: OS now controls [PCIeHotplug PME AER PCIeCapability LTR DPC]
[    8.570450] PCI host bridge to bus 0000:75
[    8.570451] pci_bus 0000:75: root bus resource [mem 0x208000000000-0x2080ffffffff window]
[    8.570453] pci_bus 0000:75: root bus resource [bus 75-76]
[    8.570468] pci 0000:75:00.0: [8086:4940] type 00 class 0x0b4000
[    8.570479] pci 0000:75:00.0: reg 0x10: [mem 0x2080ffa00000-0x2080ffa7ffff 64bit]
[    8.570487] pci 0000:75:00.0: reg 0x18: [mem 0x2080ff000000-0x2080ff7fffff 64bit]
[    8.570494] pci 0000:75:00.0: reg 0x20: [mem 0x2080ff800000-0x2080ff9fffff 64bit]
[    8.570553] pci 0000:75:00.0: reg 0x174: [mem 0x2080ffb00000-0x2080ffb07fff 64bit]
[    8.570554] pci 0000:75:00.0: VF(n) BAR0 space: [mem 0x2080ffb00000-0x2080ffb7ffff 64bit] (contains BAR0 for 16 VFs)
[    8.570559] pci 0000:75:00.0: reg 0x17c: [mem 0x2080ffb80000-0x2080ffb81fff 64bit]
[    8.570561] pci 0000:75:00.0: VF(n) BAR2 space: [mem 0x2080ffb80000-0x2080ffb9ffff 64bit] (contains BAR2 for 16 VFs)
[    8.570565] pci 0000:75:00.0: reg 0x184: [mem 0x2080ffa80000-0x2080ffa87fff 64bit]
[    8.570567] pci 0000:75:00.0: VF(n) BAR4 space: [mem 0x2080ffa80000-0x2080ffafffff 64bit] (contains BAR4 for 16 VFs)
[    8.570649] pci_bus 0000:75: on NUMA node 0
[    8.570738] ACPI: PCI Root Bridge [HQ0A] (domain 0000 [bus 77-78])
[    8.570740] acpi PNP0A08:17: _OSC: OS supports [ExtendedConfig ASPM ClockPM Segments MSI EDR HPX-Type3]
[    8.578411] acpi PNP0A08:17: _OSC: platform does not support [SHPCHotplug]
[    8.592829] acpi PNP0A08:17: _OSC: OS now controls [PCIeHotplug PME AER PCIeCapability LTR DPC]
[    8.592882] PCI host bridge to bus 0000:77
[    8.592882] pci_bus 0000:77: root bus resource [mem 0x208100000000-0x2084ffffffff window]
[    8.592884] pci_bus 0000:77: root bus resource [bus 77-78]
[    8.592896] pci 0000:77:00.0: [8086:2710] type 00 class 0x0b4000
[    8.592907] pci 0000:77:00.0: reg 0x10: [mem 0x208400000000-0x208403ffffff 64bit pref]
[    8.592914] pci 0000:77:00.0: reg 0x18: [mem 0x208300000000-0x2083ffffffff 64bit pref]
[    8.592969] pci 0000:77:00.0: reg 0x12c: [mem 0x208404000000-0x208407ffffff 64bit pref]
[    8.592971] pci 0000:77:00.0: VF(n) BAR0 space: [mem 0x208404000000-0x208443ffffff 64bit pref] (contains BAR0 for 16 VFs)
[    8.593055] pci_bus 0000:77: on NUMA node 0
[    8.593167] ACPI: PCI Root Bridge [DI0B] (domain 0000 [bus 79])
[    8.593169] acpi PNP0A08:1c: _OSC: OS supports [ExtendedConfig ASPM ClockPM Segments MSI EDR HPX-Type3]
[    8.601056] acpi PNP0A08:1c: _OSC: platform does not support [SHPCHotplug]
[    8.616799] acpi PNP0A08:1c: _OSC: OS now controls [PCIeHotplug PME AER PCIeCapability LTR DPC]
[    8.616868] PCI host bridge to bus 0000:79
[    8.616869] pci_bus 0000:79: root bus resource [mem 0xb2800000-0xbaffffff window]
[    8.616870] pci_bus 0000:79: root bus resource [mem 0x209500000000-0x209fffffffff window]
[    8.616872] pci_bus 0000:79: root bus resource [bus 79]
[    8.616885] pci 0000:79:00.0: [8086:09a2] type 00 class 0x088000
[    8.616969] pci 0000:79:00.1: [8086:09a4] type 00 class 0x088000
[    8.617048] pci 0000:79:00.2: [8086:09a3] type 00 class 0x088000
[    8.617133] pci 0000:79:00.4: [8086:0b23] type 00 class 0x080700
[    8.617250] pci 0000:79:01.0: [8086:0b25] type 00 class 0x088000
[    8.617260] pci 0000:79:01.0: reg 0x10: [mem 0x209ffff60000-0x209ffff6ffff 64bit pref]
[    8.617268] pci 0000:79:01.0: reg 0x18: [mem 0x209ffff00000-0x209ffff1ffff 64bit pref]
[    8.617379] pci 0000:79:02.0: [8086:0cfe] type 00 class 0x088000
[    8.617389] pci 0000:79:02.0: reg 0x10: [mem 0x209ffff70000-0x209ffff7ffff 64bit pref]
[    8.617397] pci 0000:79:02.0: reg 0x18: [mem 0x209ffff20000-0x209ffff3ffff 64bit pref]
[    8.617509] pci 0000:79:04.0: [8086:3456] type 00 class 0x130000
[    8.617521] pci 0000:79:04.0: reg 0x10: [mem 0x209fffe00000-0x209fffefffff 64bit]
[    8.617530] pci 0000:79:04.0: reg 0x18: [mem 0x209ffff80000-0x209ffff83fff 64bit]
[    8.617538] pci 0000:79:04.0: reg 0x20: [mem 0x209ffff40000-0x209ffff5ffff 64bit]
[    8.617610] pci_bus 0000:79: on NUMA node 0
[    8.617707] ACPI: PCI Root Bridge [CP0B] (domain 0000 [bus 7a-7b])
[    8.617709] acpi PNP0A08:1d: _OSC: OS supports [ExtendedConfig ASPM ClockPM Segments MSI EDR HPX-Type3]
[    8.625394] acpi PNP0A08:1d: _OSC: platform does not support [SHPCHotplug]
[    8.640773] acpi PNP0A08:1d: _OSC: OS now controls [PCIeHotplug PME AER PCIeCapability LTR DPC]
[    8.640826] PCI host bridge to bus 0000:7a
[    8.640827] pci_bus 0000:7a: root bus resource [mem 0x209000000000-0x2090ffffffff window]
[    8.640828] pci_bus 0000:7a: root bus resource [bus 7a-7b]
[    8.640843] pci 0000:7a:00.0: [8086:4940] type 00 class 0x0b4000
[    8.640855] pci 0000:7a:00.0: reg 0x10: [mem 0x2090ffa00000-0x2090ffa7ffff 64bit]
[    8.640862] pci 0000:7a:00.0: reg 0x18: [mem 0x2090ff000000-0x2090ff7fffff 64bit]
[    8.640870] pci 0000:7a:00.0: reg 0x20: [mem 0x2090ff800000-0x2090ff9fffff 64bit]
[    8.640929] pci 0000:7a:00.0: reg 0x174: [mem 0x2090ffb00000-0x2090ffb07fff 64bit]
[    8.640931] pci 0000:7a:00.0: VF(n) BAR0 space: [mem 0x2090ffb00000-0x2090ffb7ffff 64bit] (contains BAR0 for 16 VFs)
[    8.640935] pci 0000:7a:00.0: reg 0x17c: [mem 0x2090ffb80000-0x2090ffb81fff 64bit]
[    8.640937] pci 0000:7a:00.0: VF(n) BAR2 space: [mem 0x2090ffb80000-0x2090ffb9ffff 64bit] (contains BAR2 for 16 VFs)
[    8.640941] pci 0000:7a:00.0: reg 0x184: [mem 0x2090ffa80000-0x2090ffa87fff 64bit]
[    8.640943] pci 0000:7a:00.0: VF(n) BAR4 space: [mem 0x2090ffa80000-0x2090ffafffff 64bit] (contains BAR4 for 16 VFs)
[    8.641026] pci_bus 0000:7a: on NUMA node 0
[    8.641114] ACPI: PCI Root Bridge [HQ0B] (domain 0000 [bus 7c-7d])
[    8.641116] acpi PNP0A08:1e: _OSC: OS supports [ExtendedConfig ASPM ClockPM Segments MSI EDR HPX-Type3]
[    8.648822] acpi PNP0A08:1e: _OSC: platform does not support [SHPCHotplug]
[    8.664187] acpi PNP0A08:1e: _OSC: OS now controls [PCIeHotplug PME AER PCIeCapability LTR DPC]
[    8.664238] PCI host bridge to bus 0000:7c
[    8.664239] pci_bus 0000:7c: root bus resource [mem 0x209100000000-0x2094ffffffff window]
[    8.664240] pci_bus 0000:7c: root bus resource [bus 7c-7d]
[    8.664253] pci 0000:7c:00.0: [8086:2710] type 00 class 0x0b4000
[    8.664263] pci 0000:7c:00.0: reg 0x10: [mem 0x209400000000-0x209403ffffff 64bit pref]
[    8.664271] pci 0000:7c:00.0: reg 0x18: [mem 0x209300000000-0x2093ffffffff 64bit pref]
[    8.664326] pci 0000:7c:00.0: reg 0x12c: [mem 0x209404000000-0x209407ffffff 64bit pref]
[    8.664328] pci 0000:7c:00.0: VF(n) BAR0 space: [mem 0x209404000000-0x209443ffffff 64bit pref] (contains BAR0 for 16 VFs)
[    8.664414] pci_bus 0000:7c: on NUMA node 0
[    8.664506] ACPI: PCI Root Bridge [UB00] (domain 0000 [bus 7e])
[    8.664508] acpi PNP0A03:00: _OSC: OS supports [ExtendedConfig ASPM ClockPM Segments MSI EDR HPX-Type3]
[    8.664572] acpi PNP0A03:00: _OSC: platform does not support [SHPCHotplug AER LTR DPC]
[    8.664683] acpi PNP0A03:00: _OSC: OS now controls [PCIeHotplug PME PCIeCapability]
[    8.664762] PCI host bridge to bus 0000:7e
[    8.664763] pci_bus 0000:7e: root bus resource [bus 7e]
[    8.664781] pci 0000:7e:00.0: [8086:3250] type 00 class 0x088000
[    8.664871] pci 0000:7e:00.1: [8086:3251] type 00 class 0x088000
[    8.664946] pci 0000:7e:00.2: [8086:3252] type 00 class 0x088000
[    8.665021] pci 0000:7e:00.3: [8086:0998] type 00 class 0x060000
[    8.665111] pci 0000:7e:00.5: [8086:3255] type 00 class 0x088000
[    8.665185] pci 0000:7e:01.0: [8086:3240] type 00 class 0x088000
[    8.665294] pci 0000:7e:01.1: [8086:3241] type 00 class 0x088000
[    8.665400] pci 0000:7e:01.2: [8086:3242] type 00 class 0x088000
